[ECMWF-INFO -ecprofile] /usr/bin/bash NON_INTERACTIVE on ac6-175 at 20260915_092809.963, PID: 3038911, JOBID: 37189486
[ECMWF-INFO -ecprofile] $SCRATCH=/ec/res4/scratch/ecme4047
[ECMWF-INFO -ecprofile] $PERM=/perm/ecme4047
[ECMWF-INFO -ecprofile] $HPCPERM=/ec/res4/hpcperm/ecme4047
[ECMWF-INFO -ecprofile] $TMPDIR=/etc/ecmwf/ssd/ssd1/tmpdirs/ecme4047.37189486
[ECMWF-INFO -ecprofile] $SCRATCHDIR=/ec/res4/scratchdir/ecme4047/6/37189486

Lmod is automatically replacing "prgenv/gnu" with "conda/26.1.1-3".

-------------------------------------------------------------------------------
There are messages associated with the following module(s):
-------------------------------------------------------------------------------

conda/26.1.1-3:
   Using conda effectively disables any other loaded modules. Use "module
   reset" to return to the default environment.

-------------------------------------------------------------------------------

Traceback (most recent call last):
  File "/perm/ecme4047/conda/envs/xesmf_env/lib/python3.14/site-packages/xarray/core/dataset.py", line 1301, in _construct_dataarray
    variable = self._variables[name]
               ~~~~~~~~~~~~~~~^^^^^^
KeyError: 'longitude'

During handling of the above exception, another exception occurred:

Traceback (most recent call last):
  File "/perm/ecme4047/conda/envs/xesmf_env/lib/python3.14/site-packages/xarray/core/dataset.py", line 1408, in __getitem__
    return self._construct_dataarray(key)
           ~~~~~~~~~~~~~~~~~~~~~~~~~^^^^^
  File "/perm/ecme4047/conda/envs/xesmf_env/lib/python3.14/site-packages/xarray/core/dataset.py", line 1303, in _construct_dataarray
    _, name, variable = _get_virtual_variable(self._variables, name, self.sizes)
                        ~~~~~~~~~~~~~~~~~~~~~^^^^^^^^^^^^^^^^^^^^^^^^^^^^^^^^^^^
  File "/perm/ecme4047/conda/envs/xesmf_env/lib/python3.14/site-packages/xarray/core/dataset_utils.py", line 79, in _get_virtual_variable
    raise KeyError(key)
KeyError: 'longitude'

The above exception was the direct cause of the following exception:

Traceback (most recent call last):
  File "/home/ecme4047/ALBATROSS_code/python/regrid_MSWEP_to_ERA5-Land.py", line 131, in <module>
    regridder = build_regridder(1993, weights_file, country)
  File "/home/ecme4047/ALBATROSS_code/python/regrid_MSWEP_to_ERA5-Land.py", line 105, in build_regridder
    target = build_target_grid(country)
  File "/home/ecme4047/ALBATROSS_code/python/regrid_MSWEP_to_ERA5-Land.py", line 67, in build_target_grid
    da = fSPEI.subset_box(da, country)
  File "/etc/ecmwf/nfs/dh1_home_b/ecme4047/ALBATROSS_code/python/functions_spei.py", line 31, in subset_box
    da = da.sortby('longitude')
  File "/perm/ecme4047/conda/envs/xesmf_env/lib/python3.14/site-packages/xarray/core/dataarray.py", line 5315, in sortby
    ds = self._to_temp_dataset().sortby(variables, ascending=ascending)
  File "/perm/ecme4047/conda/envs/xesmf_env/lib/python3.14/site-packages/xarray/core/dataset.py", line 8207, in sortby
    arrays = [v if isinstance(v, DataArray) else self[v] for v in variables]
                                                 ~~~~^^^
  File "/perm/ecme4047/conda/envs/xesmf_env/lib/python3.14/site-packages/xarray/core/dataset.py", line 1421, in __getitem__
    raise KeyError(message) from e
KeyError: "No variable named 'longitude'. Variables on the dataset include ['lon', 'lat', <this-array>]"
[ECMWF-INFO -ecepilog] ----------------------------------------------------------------------------------------------------
[ECMWF-INFO -ecepilog] This is the ECMWF job Epilogue
[ECMWF-INFO -ecepilog] +++ Please report issues using the Support portal +++
[ECMWF-INFO -ecepilog] +++ https://support.ecmwf.int                     +++
[ECMWF-INFO -ecepilog] ----------------------------------------------------------------------------------------------------
[ECMWF-INFO -ecepilog] Run at 2026-09-15T09:28:20 on ac
[ECMWF-INFO -ecepilog] JobName                   : python
[ECMWF-INFO -ecepilog] JobID                     : 37189486
[ECMWF-INFO -ecepilog] Submit                    : 2026-09-15T09:27:55
[ECMWF-INFO -ecepilog] Start                     : 2026-09-15T09:28:06
[ECMWF-INFO -ecepilog] End                       : 2026-09-15T09:28:20
[ECMWF-INFO -ecepilog] QueuedTime                : 11.0
[ECMWF-INFO -ecepilog] ElapsedRaw                : 14
[ECMWF-INFO -ecepilog] ExitCode                  : 1:0
[ECMWF-INFO -ecepilog] DerivedExitCode           : 0:0
[ECMWF-INFO -ecepilog] State                     : FAILED
[ECMWF-INFO -ecepilog] Account                   : spitport
[ECMWF-INFO -ecepilog] QOS                       : nf
[ECMWF-INFO -ecepilog] User                      : ecme4047
[ECMWF-INFO -ecepilog] StdOut                    : /etc/ecmwf/nfs/dh1_home_b/ecme4047/ALBATROSS_code/slurm/logs/python_37189486.out
[ECMWF-INFO -ecepilog] StdErr                    : /etc/ecmwf/nfs/dh1_home_b/ecme4047/ALBATROSS_code/slurm/logs/python_37189486.err
[ECMWF-INFO -ecepilog] NNodes                    : 1
[ECMWF-INFO -ecepilog] NCPUS                     : 2
[ECMWF-INFO -ecepilog] SBU                       : 0.066
[ECMWF-INFO -ecepilog] jobtag                    : ecme4047-python-1x2-/etc/ecmwf/nfs/dh1_home_b/ecme4047/ALBATROSS_code/slurm/logs/python__JOBID_.out
[ECMWF-INFO -ecepilog] ----------------------------------------------------------------------------------------------------

