[ECMWF-INFO -ecprofile] /usr/bin/bash NON_INTERACTIVE on ac6-109 at 20260915_093637.705, PID: 704250, JOBID: 37192799
[ECMWF-INFO -ecprofile] $SCRATCH=/ec/res4/scratch/ecme4047
[ECMWF-INFO -ecprofile] $PERM=/perm/ecme4047
[ECMWF-INFO -ecprofile] $HPCPERM=/ec/res4/hpcperm/ecme4047
[ECMWF-INFO -ecprofile] $TMPDIR=/etc/ecmwf/ssd/ssd1/tmpdirs/ecme4047.37192799
[ECMWF-INFO -ecprofile] $SCRATCHDIR=/ec/res4/scratchdir/ecme4047/7/37192799

Lmod is automatically replacing "prgenv/gnu" with "conda/26.1.1-3".

-------------------------------------------------------------------------------
There are messages associated with the following module(s):
-------------------------------------------------------------------------------

conda/26.1.1-3:
   Using conda effectively disables any other loaded modules. Use "module
   reset" to return to the default environment.

-------------------------------------------------------------------------------

Traceback (most recent call last):
  File "/home/ecme4047/ALBATROSS_code/python/regrid_MSWEP_to_ERA5-Land.py", line 132, in <module>
    regridder = build_regridder(1993, weights_file, country)
  File "/home/ecme4047/ALBATROSS_code/python/regrid_MSWEP_to_ERA5-Land.py", line 111, in build_regridder
    sample_src = open_mswep_daily_file(year, day_no)
  File "/home/ecme4047/ALBATROSS_code/python/regrid_MSWEP_to_ERA5-Land.py", line 96, in open_mswep_daily_file
    date = pd.Timestamp(f"{year}-01-01") + pd.Timedelta(days=day_no - 1)
           ^^
NameError: name 'pd' is not defined. Did you mean: 'id'?
[ECMWF-INFO -ecepilog] ----------------------------------------------------------------------------------------------------
[ECMWF-INFO -ecepilog] This is the ECMWF job Epilogue
[ECMWF-INFO -ecepilog] +++ Please report issues using the Support portal +++
[ECMWF-INFO -ecepilog] +++ https://support.ecmwf.int                     +++
[ECMWF-INFO -ecepilog] ----------------------------------------------------------------------------------------------------
[ECMWF-INFO -ecepilog] Run at 2026-09-15T09:36:45 on ac
[ECMWF-INFO -ecepilog] JobName                   : python
[ECMWF-INFO -ecepilog] JobID                     : 37192799
[ECMWF-INFO -ecepilog] Submit                    : 2026-09-15T09:36:32
[ECMWF-INFO -ecepilog] Start                     : 2026-09-15T09:36:35
[ECMWF-INFO -ecepilog] End                       : 2026-09-15T09:36:45
[ECMWF-INFO -ecepilog] QueuedTime                : 3.0
[ECMWF-INFO -ecepilog] ElapsedRaw                : 10
[ECMWF-INFO -ecepilog] ExitCode                  : 1:0
[ECMWF-INFO -ecepilog] DerivedExitCode           : 0:0
[ECMWF-INFO -ecepilog] State                     : FAILED
[ECMWF-INFO -ecepilog] Account                   : spitport
[ECMWF-INFO -ecepilog] QOS                       : nf
[ECMWF-INFO -ecepilog] User                      : ecme4047
[ECMWF-INFO -ecepilog] StdOut                    : /etc/ecmwf/nfs/dh1_home_b/ecme4047/ALBATROSS_code/slurm/logs/python_37192799.out
[ECMWF-INFO -ecepilog] StdErr                    : /etc/ecmwf/nfs/dh1_home_b/ecme4047/ALBATROSS_code/slurm/logs/python_37192799.err
[ECMWF-INFO -ecepilog] NNodes                    : 1
[ECMWF-INFO -ecepilog] NCPUS                     : 2
[ECMWF-INFO -ecepilog] SBU                       : 0.047
[ECMWF-INFO -ecepilog] jobtag                    : ecme4047-python-1x2-/etc/ecmwf/nfs/dh1_home_b/ecme4047/ALBATROSS_code/slurm/logs/python__JOBID_.out
[ECMWF-INFO -ecepilog] ----------------------------------------------------------------------------------------------------

