[ECMWF-INFO -ecprofile] /usr/bin/bash NON_INTERACTIVE on ac6-138 at 20260909_080831.402, PID: 3762452, JOBID: 34881225
[ECMWF-INFO -ecprofile] $SCRATCH=/ec/res4/scratch/ecme4047
[ECMWF-INFO -ecprofile] $PERM=/perm/ecme4047
[ECMWF-INFO -ecprofile] $HPCPERM=/ec/res4/hpcperm/ecme4047
[ECMWF-INFO -ecprofile] $TMPDIR=/etc/ecmwf/ssd/ssd1/tmpdirs/ecme4047.34881225
[ECMWF-INFO -ecprofile] $SCRATCHDIR=/ec/res4/scratchdir/ecme4047/1/34881225

Lmod is automatically replacing "prgenv/gnu" with "conda/26.1.1-3".

-------------------------------------------------------------------------------
There are messages associated with the following module(s):
-------------------------------------------------------------------------------

conda/26.1.1-3:
   Using conda effectively disables any other loaded modules. Use "module
   reset" to return to the default environment.

-------------------------------------------------------------------------------

Traceback (most recent call last):
  File "/home/ecme4047/ALBATROSS_code/python/compute_spei_debug.py", line 104, in <module>
    main()
    ~~~~^^
  File "/home/ecme4047/ALBATROSS_code/python/compute_spei_debug.py", line 10, in main
    dir_pet    = dir_scratch + "ERA5-Land/ET0/monthly/"
                 ^^^^^^^^^^^
NameError: name 'dir_scratch' is not defined. Did you mean: 'dir_scrath'?
[ECMWF-INFO -ecepilog] ----------------------------------------------------------------------------------------------------
[ECMWF-INFO -ecepilog] This is the ECMWF job Epilogue
[ECMWF-INFO -ecepilog] +++ Please report issues using the Support portal +++
[ECMWF-INFO -ecepilog] +++ https://support.ecmwf.int                     +++
[ECMWF-INFO -ecepilog] ----------------------------------------------------------------------------------------------------
[ECMWF-INFO -ecepilog] Run at 2026-09-09T08:08:35 on ac
[ECMWF-INFO -ecepilog] JobName                   : python
[ECMWF-INFO -ecepilog] JobID                     : 34881225
[ECMWF-INFO -ecepilog] Submit                    : 2026-09-09T08:08:19
[ECMWF-INFO -ecepilog] Start                     : 2026-09-09T08:08:28
[ECMWF-INFO -ecepilog] End                       : 2026-09-09T08:08:35
[ECMWF-INFO -ecepilog] QueuedTime                : 9.0
[ECMWF-INFO -ecepilog] ElapsedRaw                : 7
[ECMWF-INFO -ecepilog] ExitCode                  : 1:0
[ECMWF-INFO -ecepilog] DerivedExitCode           : 0:0
[ECMWF-INFO -ecepilog] State                     : FAILED
[ECMWF-INFO -ecepilog] Account                   : spitport
[ECMWF-INFO -ecepilog] QOS                       : nf
[ECMWF-INFO -ecepilog] User                      : ecme4047
[ECMWF-INFO -ecepilog] StdOut                    : /etc/ecmwf/nfs/dh1_home_b/ecme4047/ALBATROSS_code/slurm/logs/python_34881225.out
[ECMWF-INFO -ecepilog] StdErr                    : /etc/ecmwf/nfs/dh1_home_b/ecme4047/ALBATROSS_code/slurm/logs/python_34881225.err
[ECMWF-INFO -ecepilog] NNodes                    : 1
[ECMWF-INFO -ecepilog] NCPUS                     : 2
[ECMWF-INFO -ecepilog] SBU                       : 0.033
[ECMWF-INFO -ecepilog] jobtag                    : ecme4047-python-1x2-/etc/ecmwf/nfs/dh1_home_b/ecme4047/ALBATROSS_code/slurm/logs/python__JOBID_.out
[ECMWF-INFO -ecepilog] ----------------------------------------------------------------------------------------------------

