Loading atmos/cdo/2.3.0
  Loading requirement: ucx/1.13.1 mpi/openmpi/4.1.4 astro/hdf5/1.12.2
Input loaded
ET0 converted to monthly sum
Input data aligned
Balance computed
Balance grid-point selected
Fit:  {'n': 31, 'sorted_values': array([-185.29768056, -172.95989353, -139.5780141 , -138.37150327,
        -96.9579265 ,  -11.63258886,   -8.03451673,   12.29573516,
         22.87225656,   39.48355136,   88.75054284,  101.06203699,
        122.08591239,  144.18051773,  157.83166534,  176.46249069,
        222.54437405,  223.23201542,  252.77950229,  253.53004572,
        306.13661439,  308.18619302,  339.70163441,  340.80481173,
        359.05117079,  368.12588539,  430.95518065,  534.12975817,
        647.40762119,  660.37016126,  894.4515372 ]), 'w0': np.float64(201.72900294163273), 'w1': np.float64(173.81276008618715), 'w2': np.float64(143.00037992316913), 'denom': np.float64(-16.85472196352464), 'beta': np.float64(-8.656121266578987), 'loc': np.float64(-1061.1689425791972), 'scale': np.float64(1235.3550643667506), 'gg': np.float64(1.022295518064839)}
{'sample': {'all_values': array([  88.75054284,  176.46249069,  122.08591239,   -8.03451673,
         22.87225656,  144.18051773, -185.29768056,  339.70163441,
        306.13661439,  647.40762119,  340.80481173,  660.37016126,
        308.18619302,  534.12975817,  -11.63258886,  222.54437405,
        157.83166534,  -96.9579265 , -138.37150327,  359.05117079,
         39.48355136,  894.4515372 ,  368.12588539, -139.5780141 ,
        430.95518065,   12.29573516,  223.23201542,  253.53004572,
                 nan,  101.06203699,  252.77950229, -172.95989353]), 'cal_values': array([  88.75054284,  176.46249069,  122.08591239,   -8.03451673,
         22.87225656,  144.18051773, -185.29768056,  339.70163441,
        306.13661439,  647.40762119,  340.80481173,  660.37016126,
        308.18619302,  534.12975817,  -11.63258886,  222.54437405,
        157.83166534,  -96.9579265 , -138.37150327,  359.05117079,
         39.48355136,  894.4515372 ,  368.12588539, -139.5780141 ,
        430.95518065,   12.29573516,  223.23201542,  253.53004572,
                 nan,  101.06203699,  252.77950229, -172.95989353]), 'dates_all': DatetimeIndex(['1993-12-01', '1994-12-01', '1995-12-01', '1996-12-01',
               '1997-12-01', '1998-12-01', '1999-12-01', '2000-12-01',
               '2001-12-01', '2002-12-01', '2003-12-01', '2004-12-01',
               '2005-12-01', '2006-12-01', '2007-12-01', '2008-12-01',
               '2009-12-01', '2010-12-01', '2011-12-01', '2012-12-01',
               '2013-12-01', '2014-12-01', '2015-12-01', '2016-12-01',
               '2017-12-01', '2018-12-01', '2019-12-01', '2020-12-01',
               '2021-12-01', '2022-12-01', '2023-12-01', '2024-12-01'],
              dtype='datetime64[ns]', freq=None), 'dates_cal': DatetimeIndex(['1993-12-01', '1994-12-01', '1995-12-01', '1996-12-01',
               '1997-12-01', '1998-12-01', '1999-12-01', '2000-12-01',
               '2001-12-01', '2002-12-01', '2003-12-01', '2004-12-01',
               '2005-12-01', '2006-12-01', '2007-12-01', '2008-12-01',
               '2009-12-01', '2010-12-01', '2011-12-01', '2012-12-01',
               '2013-12-01', '2014-12-01', '2015-12-01', '2016-12-01',
               '2017-12-01', '2018-12-01', '2019-12-01', '2020-12-01',
               '2021-12-01', '2022-12-01', '2023-12-01', '2024-12-01'],
              dtype='datetime64[ns]', freq=None)}, 'fit': {'n': 31, 'sorted_values': array([-185.29768056, -172.95989353, -139.5780141 , -138.37150327,
        -96.9579265 ,  -11.63258886,   -8.03451673,   12.29573516,
         22.87225656,   39.48355136,   88.75054284,  101.06203699,
        122.08591239,  144.18051773,  157.83166534,  176.46249069,
        222.54437405,  223.23201542,  252.77950229,  253.53004572,
        306.13661439,  308.18619302,  339.70163441,  340.80481173,
        359.05117079,  368.12588539,  430.95518065,  534.12975817,
        647.40762119,  660.37016126,  894.4515372 ]), 'w0': np.float64(201.72900294163273), 'w1': np.float64(173.81276008618715), 'w2': np.float64(143.00037992316913), 'denom': np.float64(-16.85472196352464), 'beta': np.float64(-8.656121266578987), 'loc': np.float64(-1061.1689425791972), 'scale': np.float64(1235.3550643667506), 'gg': np.float64(1.022295518064839)}, 'cdf_cal': array([0.65029904, 0.49601613, 0.59218064, 0.79921722, 0.75602905,
       0.55301114, 0.95151464, 0.25192321, 0.29349813, 0.0569364 ,
       0.25064123, 0.05352362, 0.29081681, 0.09855428, 0.80392894,
       0.41766119, 0.52880827, 0.89520226, 0.92587764, 0.23020999,
       0.73093954, 0.01841178, 0.22058517, 0.9266511 , 0.16319551,
       0.77134111, 0.41653416, 0.36845805,        nan, 0.62905635,
       0.36960903, 0.94561316]), 'spei_cal': array([ 0.38612794, -0.00998625,  0.233158  ,  0.83882849,  0.69358596,
        0.1332727 ,  1.65972041, -0.66844996, -0.54319396, -1.58102295,
       -0.67247325, -1.6116081 , -0.55100007, -1.28983326,  0.85573908,
       -0.20788036,  0.07227449,  1.25467856,  1.44575931, -0.73815547,
        0.61565701, -2.087715  , -0.77021842,  1.45129479, -0.98140913,
        0.74327073, -0.21076798, -0.33594002,         nan,  0.3293551 ,
       -0.33288902,  1.60372955]), 'cdf_all': array([0.65029904, 0.49601613, 0.59218064, 0.79921722, 0.75602905,
       0.55301114, 0.95151464, 0.25192321, 0.29349813, 0.0569364 ,
       0.25064123, 0.05352362, 0.29081681, 0.09855428, 0.80392894,
       0.41766119, 0.52880827, 0.89520226, 0.92587764, 0.23020999,
       0.73093954, 0.01841178, 0.22058517, 0.9266511 , 0.16319551,
       0.77134111, 0.41653416, 0.36845805,        nan, 0.62905635,
       0.36960903, 0.94561316]), 'spei_all': array([ 0.38612794, -0.00998625,  0.233158  ,  0.83882849,  0.69358596,
        0.1332727 ,  1.65972041, -0.66844996, -0.54319396, -1.58102295,
       -0.67247325, -1.6116081 , -0.55100007, -1.28983326,  0.85573908,
       -0.20788036,  0.07227449,  1.25467856,  1.44575931, -0.73815547,
        0.61565701, -2.087715  , -0.77021842,  1.45129479, -0.98140913,
        0.74327073, -0.21076798, -0.33594002,         nan,  0.3293551 ,
       -0.33288902,  1.60372955]), 'cal_mean': np.float64(-0.008906163909049124), 'cal_std': np.float64(0.9883954801220208), 'all_mean': np.float64(-0.008906163909049124), 'all_std': np.float64(0.9883954801220208)}
n      = 31
min    = -185.29768056183303
max    = 894.4515372008103
mean   = 201.72900294163273
w0     = 201.72900294163273
w1     = 173.81276008618715
w2     = 143.00037992316913
denom  = -16.85472196352464
beta   = -8.656121266578987
g1     = 1.081479851744766
g2     = 0.9452746774852586
gg     = 1.022295518064839
scale  = 1235.3550643667506
loc    = -1061.1689425791972
{'beta': np.float64(8.656121266578987), 'loc': np.float64(-1061.1689425791972), 'scale': np.float64(1235.3550643667506)}
Done
