Loading atmos/cdo/2.3.0
  Loading requirement: ucx/1.13.1 mpi/openmpi/4.1.4 astro/hdf5/1.12.2
Input loaded
ET0 converted to monthly sum
Input data aligned
Balance computed
Balance grid-point selected
Fit:  {'n': 32, 'sorted_values': array([  3.57057498,  54.91354963,  65.67377147,  74.76475617,
        98.29165561, 116.85266341, 138.215077  , 149.66705467,
       151.20422549, 223.63702023, 239.46189471, 276.07340949,
       291.97257883, 308.70369548, 319.86444076, 319.99623749,
       326.76240657, 333.57240501, 334.41573284, 411.72172614,
       417.09679525, 422.23176333, 455.02163018, 487.13977064,
       487.49653607, 563.75251177, 584.85834633, 631.19676249,
       809.15119687, 834.84639934, 838.76449926, 997.29536215]), 'w0': np.float64(367.755826551727), 'w1': np.float64(254.90569733246545), 'w2': np.float64(197.7622038400159), 'denom': np.float64(-24.89486559702982), 'beta': np.float64(-5.706219523842393), 'loc': np.float64(-442.84442968636), 'scale': np.float64(770.2660110883737), 'gg': np.float64(1.052364046406152)}
{'sample': {'all_values': array([149.66705467, 276.07340949, 151.20422549, 487.49653607,
       239.46189471, 326.76240657, 138.215077  ,  74.76475617,
       809.15119687, 116.85266341, 997.29536215, 631.19676249,
       308.70369548, 422.23176333, 834.84639934, 333.57240501,
       334.41573284, 487.13977064,  54.91354963, 319.99623749,
       411.72172614, 417.09679525, 223.63702023, 319.86444076,
        98.29165561, 584.85834633, 455.02163018,   3.57057498,
        65.67377147, 291.97257883, 838.76449926, 563.75251177]), 'cal_values': array([149.66705467, 276.07340949, 151.20422549, 487.49653607,
       239.46189471, 326.76240657, 138.215077  ,  74.76475617,
       809.15119687, 116.85266341, 997.29536215, 631.19676249,
       308.70369548, 422.23176333, 834.84639934, 333.57240501,
       334.41573284, 487.13977064,  54.91354963, 319.99623749,
       411.72172614, 417.09679525, 223.63702023, 319.86444076,
        98.29165561, 584.85834633, 455.02163018,   3.57057498,
        65.67377147, 291.97257883, 838.76449926, 563.75251177]), 'dates_all': DatetimeIndex(['1993-01-01', '1994-01-01', '1995-01-01', '1996-01-01',
               '1997-01-01', '1998-01-01', '1999-01-01', '2000-01-01',
               '2001-01-01', '2002-01-01', '2003-01-01', '2004-01-01',
               '2005-01-01', '2006-01-01', '2007-01-01', '2008-01-01',
               '2009-01-01', '2010-01-01', '2011-01-01', '2012-01-01',
               '2013-01-01', '2014-01-01', '2015-01-01', '2016-01-01',
               '2017-01-01', '2018-01-01', '2019-01-01', '2020-01-01',
               '2021-01-01', '2022-01-01', '2023-01-01', '2024-01-01'],
              dtype='datetime64[ns]', freq=None), 'dates_cal': DatetimeIndex(['1993-01-01', '1994-01-01', '1995-01-01', '1996-01-01',
               '1997-01-01', '1998-01-01', '1999-01-01', '2000-01-01',
               '2001-01-01', '2002-01-01', '2003-01-01', '2004-01-01',
               '2005-01-01', '2006-01-01', '2007-01-01', '2008-01-01',
               '2009-01-01', '2010-01-01', '2011-01-01', '2012-01-01',
               '2013-01-01', '2014-01-01', '2015-01-01', '2016-01-01',
               '2017-01-01', '2018-01-01', '2019-01-01', '2020-01-01',
               '2021-01-01', '2022-01-01', '2023-01-01', '2024-01-01'],
              dtype='datetime64[ns]', freq=None)}, 'fit': {'n': 32, 'sorted_values': array([  3.57057498,  54.91354963,  65.67377147,  74.76475617,
        98.29165561, 116.85266341, 138.215077  , 149.66705467,
       151.20422549, 223.63702023, 239.46189471, 276.07340949,
       291.97257883, 308.70369548, 319.86444076, 319.99623749,
       326.76240657, 333.57240501, 334.41573284, 411.72172614,
       417.09679525, 422.23176333, 455.02163018, 487.13977064,
       487.49653607, 563.75251177, 584.85834633, 631.19676249,
       809.15119687, 834.84639934, 838.76449926, 997.29536215]), 'w0': np.float64(367.755826551727), 'w1': np.float64(254.90569733246545), 'w2': np.float64(197.7622038400159), 'denom': np.float64(-24.89486559702982), 'beta': np.float64(-5.706219523842393), 'loc': np.float64(-442.84442968636), 'scale': np.float64(770.2660110883737), 'gg': np.float64(1.052364046406152)}, 'cdf_cal': array([0.81714396, 0.59716478, 0.81492447, 0.25399436, 0.66639396,
       0.50122133, 0.83320092, 0.90621829, 0.05886485, 0.86083292,
       0.02736561, 0.13044617, 0.5350367 , 0.34020351, 0.05276156,
       0.48865569, 0.48710794, 0.25440928, 0.92354101, 0.51381515,
       0.35603014, 0.34786997, 0.69547137, 0.51406144, 0.88232845,
       0.16173679, 0.29428189, 0.95741227, 0.91446563, 0.56680939,
       0.05189516, 0.17843983]), 'spei_cal': array([ 0.90453444,  0.24601523,  0.89619046, -0.66197271,  0.42997741,
        0.00306143,  0.96689174,  1.31782145, -1.56437424,  1.08406912,
       -1.92100394, -1.12428452,  0.08793719, -0.41190778, -1.61864756,
       -0.02843981, -0.03232122, -0.66067842,  1.42930017,  0.03463636,
       -0.36909048, -0.39107752,  0.51141961,  0.03525412,  1.18670731,
       -0.98734491, -0.54091846,  1.72141551,  1.3687778 ,  0.16825685,
       -1.62674948, -0.92132713]), 'cdf_all': array([0.81714396, 0.59716478, 0.81492447, 0.25399436, 0.66639396,
       0.50122133, 0.83320092, 0.90621829, 0.05886485, 0.86083292,
       0.02736561, 0.13044617, 0.5350367 , 0.34020351, 0.05276156,
       0.48865569, 0.48710794, 0.25440928, 0.92354101, 0.51381515,
       0.35603014, 0.34786997, 0.69547137, 0.51406144, 0.88232845,
       0.16173679, 0.29428189, 0.95741227, 0.91446563, 0.56680939,
       0.05189516, 0.17843983]), 'spei_all': array([ 0.90453444,  0.24601523,  0.89619046, -0.66197271,  0.42997741,
        0.00306143,  0.96689174,  1.31782145, -1.56437424,  1.08406912,
       -1.92100394, -1.12428452,  0.08793719, -0.41190778, -1.61864756,
       -0.02843981, -0.03232122, -0.66067842,  1.42930017,  0.03463636,
       -0.36909048, -0.39107752,  0.51141961,  0.03525412,  1.18670731,
       -0.98734491, -0.54091846,  1.72141551,  1.3687778 ,  0.16825685,
       -1.62674948, -0.92132713]), 'cal_mean': np.float64(-0.014620999682164088), 'cal_std': np.float64(0.9905071701689678), 'all_mean': np.float64(-0.014620999682164088), 'all_std': np.float64(0.9905071701689678)}
n      = 32
min    = 3.5705749845408548
max    = 997.2953621546426
mean   = 367.755826551727
w0     = 367.755826551727
w1     = 254.90569733246545
w2     = 197.7622038400159
denom  = -24.89486559702982
beta   = -5.706219523842393
g1     = 1.1375384309386354
g2     = 0.9251239499115631
gg     = 1.052364046406152
scale  = 770.2660110883737
loc    = -442.84442968636
{'beta': np.float64(5.706219523842393), 'loc': np.float64(-442.84442968636), 'scale': np.float64(770.2660110883737)}
Done
