[ECMWF-INFO -sbatch] - -------------------------------------------------------------------------------------
[ECMWF-INFO -sbatch] -  This is the ECMWF jobfilter
[ECMWF-INFO -sbatch] -  +++ Please report issues using the Support portal +++
[ECMWF-INFO -sbatch] -  +++ https://support.ecmwf.int                     +++
[ECMWF-INFO -sbatch] -  /usr/local/bin/ecsbatch: size: 54518, mtime: Thu Aug  6 13:29:49 2026
[ECMWF-INFO -sbatch] - -------------------------------------------------------------------------------------
[ECMWF-INFO -sbatch] - Time at submit: Fri Sep 18 07:37:39 2026 (1789717059.5334105) on ac6-100.bullx:/etc/ecmwf/nfs/dh1_home_b/ecme4047/ALBATROSS_code/slurm
[ECMWF-INFO -sbatch] - --- SLURM VARIABLES ---
[ECMWF-INFO -sbatch] - EC_CLUSTER=ac
[ECMWF-INFO -sbatch] - SLURM_EXPORT_ENV=ALL
[ECMWF-INFO -sbatch] - SBATCH_EXPORT=NONE
[ECMWF-INFO -sbatch] - -----------------------
[ECMWF-INFO -sbatch] - jobscript: /etc/ecmwf/nfs/dh1_home_b/ecme4047/ALBATROSS_code/slurm/run_python.slurm
[ECMWF-INFO -sbatch] - --- SCRIPT OPTIONS ---
[ECMWF-INFO -sbatch] - #SBATCH --job-name=python
[ECMWF-INFO -sbatch] - #SBATCH --output=logs/python_%j.out
[ECMWF-INFO -sbatch] - #SBATCH --error=logs/python_%j.err
[ECMWF-INFO -sbatch] - #SBATCH --time=04:00:00
[ECMWF-INFO -sbatch] - #SBATCH --cpus-per-task=3
[ECMWF-INFO -sbatch] - #SBATCH --mem=12G
[ECMWF-INFO -sbatch] - -----------------------
[ECMWF-INFO -sbatch] - --- POST-PROCESSED OPTIONS ---
[ECMWF-INFO -sbatch] - ARG --positional=['run_python.slurm']
[ECMWF-INFO -sbatch] - ARG --cpus_per_task=3
[ECMWF-INFO -sbatch] - ARG --error=logs/python_%j.err
[ECMWF-INFO -sbatch] - ARG --job_name=python
[ECMWF-INFO -sbatch] - ARG --output=logs/python_%j.out
[ECMWF-INFO -sbatch] - ARG --time=04:00:00
[ECMWF-INFO -sbatch] - ARG --mem=12G
[ECMWF-INFO -sbatch] - ------------------------------
[ECMWF-INFO -sbatch] - No qos requested, assuming qos=nf
[ECMWF-INFO -sbatch] - jobtag: ecme4047-python-1x4-/etc/ecmwf/nfs/dh1_home_b/ecme4047/ALBATROSS_code/slurm/logs/python__JOBID_.out
[ECMWF-INFO -sbatch] - ['/usr/bin/sbatch', '--cpus-per-task=3', '--error=logs/python_%j.err', '--job-name=python', '--output=logs/python_%j.out', '--time=04:00:00', '--mem=12G', '--qos=nf', '--licenses=h2resw01', '--export=EC_user_time_limit=04:00:00', '/etc/ecmwf/nfs/dh1_home_b/ecme4047/ALBATROSS_code/slurm/run_python.slurm']
[ECMWF-INFO -sbatch] - sbatch executed on ac
[ECMWF-INFO -sbatch] - Job queued on ac using method local
[ECMWF-INFO -sbatch] - Submitted batch job 38277059
WARNING: The MAMBA_ROOT_PREFIX environment variable is not set.
WARNING: This is required for mamba to work correctly as of 2.0.
WARNING: 
WARNING: For now, we are setting 'MAMBA_ROOT_PREFIX' to '/usr/local/apps/conda/26.1.1-3'.
WARNING: 
WARNING: Please make sure this is consistent with your installation or alternatively (by order of preference):
WARNING:   - rerun 'mamba shell init' to initialize mamba for your current shell
WARNING:   - manually set 'MAMBA_ROOT_PREFIX' to the root of your installation in your shell profile script.
WARNING:   - use the '-r,--root-prefix' CLI option when calling mamba.
WARNING: 
WARNING: This message originates from /usr/local/apps/conda/26.1.1-3/etc/profile.d/mamba.sh
Missing file: 1993241.nc
Missing file: 1993243.nc
Saved /ec/res4/scratch/ecme4047/MSWEP/MSWEP_V316_test/Past/Daily/countries/precip_daily_199301_Ghana.nc
Saved /ec/res4/scratch/ecme4047/MSWEP/MSWEP_V316_test/Past/Daily/countries/precip_daily_199302_Ghana.nc
Saved /ec/res4/scratch/ecme4047/MSWEP/MSWEP_V316_test/Past/Daily/countries/precip_daily_199303_Ghana.nc
Saved /ec/res4/scratch/ecme4047/MSWEP/MSWEP_V316_test/Past/Daily/countries/precip_daily_199304_Ghana.nc
Saved /ec/res4/scratch/ecme4047/MSWEP/MSWEP_V316_test/Past/Daily/countries/precip_daily_199305_Ghana.nc
Saved /ec/res4/scratch/ecme4047/MSWEP/MSWEP_V316_test/Past/Daily/countries/precip_daily_199306_Ghana.nc
Saved /ec/res4/scratch/ecme4047/MSWEP/MSWEP_V316_test/Past/Daily/countries/precip_daily_199307_Ghana.nc
Saved /ec/res4/scratch/ecme4047/MSWEP/MSWEP_V316_test/Past/Daily/countries/precip_daily_199308_Ghana.nc
Saved /ec/res4/scratch/ecme4047/MSWEP/MSWEP_V316_test/Past/Daily/countries/precip_daily_199309_Ghana.nc
Saved /ec/res4/scratch/ecme4047/MSWEP/MSWEP_V316_test/Past/Daily/countries/precip_daily_199310_Ghana.nc
Saved /ec/res4/scratch/ecme4047/MSWEP/MSWEP_V316_test/Past/Daily/countries/precip_daily_199311_Ghana.nc
Saved /ec/res4/scratch/ecme4047/MSWEP/MSWEP_V316_test/Past/Daily/countries/precip_daily_199312_Ghana.nc
Done 1993
Saved /ec/res4/scratch/ecme4047/MSWEP/MSWEP_V316_test/Past/Daily/countries/precip_daily_199401_Ghana.nc
Saved /ec/res4/scratch/ecme4047/MSWEP/MSWEP_V316_test/Past/Daily/countries/precip_daily_199402_Ghana.nc
Saved /ec/res4/scratch/ecme4047/MSWEP/MSWEP_V316_test/Past/Daily/countries/precip_daily_199403_Ghana.nc
Saved /ec/res4/scratch/ecme4047/MSWEP/MSWEP_V316_test/Past/Daily/countries/precip_daily_199404_Ghana.nc
Saved /ec/res4/scratch/ecme4047/MSWEP/MSWEP_V316_test/Past/Daily/countries/precip_daily_199405_Ghana.nc
Saved /ec/res4/scratch/ecme4047/MSWEP/MSWEP_V316_test/Past/Daily/countries/precip_daily_199406_Ghana.nc
Saved /ec/res4/scratch/ecme4047/MSWEP/MSWEP_V316_test/Past/Daily/countries/precip_daily_199407_Ghana.nc
Saved /ec/res4/scratch/ecme4047/MSWEP/MSWEP_V316_test/Past/Daily/countries/precip_daily_199408_Ghana.nc
Saved /ec/res4/scratch/ecme4047/MSWEP/MSWEP_V316_test/Past/Daily/countries/precip_daily_199409_Ghana.nc
Saved /ec/res4/scratch/ecme4047/MSWEP/MSWEP_V316_test/Past/Daily/countries/precip_daily_199410_Ghana.nc
Saved /ec/res4/scratch/ecme4047/MSWEP/MSWEP_V316_test/Past/Daily/countries/precip_daily_199411_Ghana.nc
Saved /ec/res4/scratch/ecme4047/MSWEP/MSWEP_V316_test/Past/Daily/countries/precip_daily_199412_Ghana.nc
Done 1994
Saved /ec/res4/scratch/ecme4047/MSWEP/MSWEP_V316_test/Past/Daily/countries/precip_daily_199501_Ghana.nc
Saved /ec/res4/scratch/ecme4047/MSWEP/MSWEP_V316_test/Past/Daily/countries/precip_daily_199502_Ghana.nc
Saved /ec/res4/scratch/ecme4047/MSWEP/MSWEP_V316_test/Past/Daily/countries/precip_daily_199503_Ghana.nc
Saved /ec/res4/scratch/ecme4047/MSWEP/MSWEP_V316_test/Past/Daily/countries/precip_daily_199504_Ghana.nc
Saved /ec/res4/scratch/ecme4047/MSWEP/MSWEP_V316_test/Past/Daily/countries/precip_daily_199505_Ghana.nc
Saved /ec/res4/scratch/ecme4047/MSWEP/MSWEP_V316_test/Past/Daily/countries/precip_daily_199506_Ghana.nc
Saved /ec/res4/scratch/ecme4047/MSWEP/MSWEP_V316_test/Past/Daily/countries/precip_daily_199507_Ghana.nc
Saved /ec/res4/scratch/ecme4047/MSWEP/MSWEP_V316_test/Past/Daily/countries/precip_daily_199508_Ghana.nc
Saved /ec/res4/scratch/ecme4047/MSWEP/MSWEP_V316_test/Past/Daily/countries/precip_daily_199509_Ghana.nc
Saved /ec/res4/scratch/ecme4047/MSWEP/MSWEP_V316_test/Past/Daily/countries/precip_daily_199510_Ghana.nc
Saved /ec/res4/scratch/ecme4047/MSWEP/MSWEP_V316_test/Past/Daily/countries/precip_daily_199511_Ghana.nc
Saved /ec/res4/scratch/ecme4047/MSWEP/MSWEP_V316_test/Past/Daily/countries/precip_daily_199512_Ghana.nc
Done 1995
Saved /ec/res4/scratch/ecme4047/MSWEP/MSWEP_V316_test/Past/Daily/countries/precip_daily_199601_Ghana.nc
Saved /ec/res4/scratch/ecme4047/MSWEP/MSWEP_V316_test/Past/Daily/countries/precip_daily_199602_Ghana.nc
Saved /ec/res4/scratch/ecme4047/MSWEP/MSWEP_V316_test/Past/Daily/countries/precip_daily_199603_Ghana.nc
Saved /ec/res4/scratch/ecme4047/MSWEP/MSWEP_V316_test/Past/Daily/countries/precip_daily_199604_Ghana.nc
Saved /ec/res4/scratch/ecme4047/MSWEP/MSWEP_V316_test/Past/Daily/countries/precip_daily_199605_Ghana.nc
Saved /ec/res4/scratch/ecme4047/MSWEP/MSWEP_V316_test/Past/Daily/countries/precip_daily_199606_Ghana.nc
Saved /ec/res4/scratch/ecme4047/MSWEP/MSWEP_V316_test/Past/Daily/countries/precip_daily_199607_Ghana.nc
Saved /ec/res4/scratch/ecme4047/MSWEP/MSWEP_V316_test/Past/Daily/countries/precip_daily_199608_Ghana.nc
Saved /ec/res4/scratch/ecme4047/MSWEP/MSWEP_V316_test/Past/Daily/countries/precip_daily_199609_Ghana.nc
Saved /ec/res4/scratch/ecme4047/MSWEP/MSWEP_V316_test/Past/Daily/countries/precip_daily_199610_Ghana.nc
Saved /ec/res4/scratch/ecme4047/MSWEP/MSWEP_V316_test/Past/Daily/countries/precip_daily_199611_Ghana.nc
Saved /ec/res4/scratch/ecme4047/MSWEP/MSWEP_V316_test/Past/Daily/countries/precip_daily_199612_Ghana.nc
Done 1996
Saved /ec/res4/scratch/ecme4047/MSWEP/MSWEP_V316_test/Past/Daily/countries/precip_daily_199701_Ghana.nc
Saved /ec/res4/scratch/ecme4047/MSWEP/MSWEP_V316_test/Past/Daily/countries/precip_daily_199702_Ghana.nc
Saved /ec/res4/scratch/ecme4047/MSWEP/MSWEP_V316_test/Past/Daily/countries/precip_daily_199703_Ghana.nc
Saved /ec/res4/scratch/ecme4047/MSWEP/MSWEP_V316_test/Past/Daily/countries/precip_daily_199704_Ghana.nc
Saved /ec/res4/scratch/ecme4047/MSWEP/MSWEP_V316_test/Past/Daily/countries/precip_daily_199705_Ghana.nc
Saved /ec/res4/scratch/ecme4047/MSWEP/MSWEP_V316_test/Past/Daily/countries/precip_daily_199706_Ghana.nc
Saved /ec/res4/scratch/ecme4047/MSWEP/MSWEP_V316_test/Past/Daily/countries/precip_daily_199707_Ghana.nc
Saved /ec/res4/scratch/ecme4047/MSWEP/MSWEP_V316_test/Past/Daily/countries/precip_daily_199708_Ghana.nc
Saved /ec/res4/scratch/ecme4047/MSWEP/MSWEP_V316_test/Past/Daily/countries/precip_daily_199709_Ghana.nc
Saved /ec/res4/scratch/ecme4047/MSWEP/MSWEP_V316_test/Past/Daily/countries/precip_daily_199710_Ghana.nc
Saved /ec/res4/scratch/ecme4047/MSWEP/MSWEP_V316_test/Past/Daily/countries/precip_daily_199711_Ghana.nc
Saved /ec/res4/scratch/ecme4047/MSWEP/MSWEP_V316_test/Past/Daily/countries/precip_daily_199712_Ghana.nc
Done 1997
Saved /ec/res4/scratch/ecme4047/MSWEP/MSWEP_V316_test/Past/Daily/countries/precip_daily_199801_Ghana.nc
Saved /ec/res4/scratch/ecme4047/MSWEP/MSWEP_V316_test/Past/Daily/countries/precip_daily_199802_Ghana.nc
Saved /ec/res4/scratch/ecme4047/MSWEP/MSWEP_V316_test/Past/Daily/countries/precip_daily_199803_Ghana.nc
Saved /ec/res4/scratch/ecme4047/MSWEP/MSWEP_V316_test/Past/Daily/countries/precip_daily_199804_Ghana.nc
Saved /ec/res4/scratch/ecme4047/MSWEP/MSWEP_V316_test/Past/Daily/countries/precip_daily_199805_Ghana.nc
Saved /ec/res4/scratch/ecme4047/MSWEP/MSWEP_V316_test/Past/Daily/countries/precip_daily_199806_Ghana.nc
Saved /ec/res4/scratch/ecme4047/MSWEP/MSWEP_V316_test/Past/Daily/countries/precip_daily_199807_Ghana.nc
Saved /ec/res4/scratch/ecme4047/MSWEP/MSWEP_V316_test/Past/Daily/countries/precip_daily_199808_Ghana.nc
Saved /ec/res4/scratch/ecme4047/MSWEP/MSWEP_V316_test/Past/Daily/countries/precip_daily_199809_Ghana.nc
Saved /ec/res4/scratch/ecme4047/MSWEP/MSWEP_V316_test/Past/Daily/countries/precip_daily_199810_Ghana.nc
Saved /ec/res4/scratch/ecme4047/MSWEP/MSWEP_V316_test/Past/Daily/countries/precip_daily_199811_Ghana.nc
Saved /ec/res4/scratch/ecme4047/MSWEP/MSWEP_V316_test/Past/Daily/countries/precip_daily_199812_Ghana.nc
Done 1998
Saved /ec/res4/scratch/ecme4047/MSWEP/MSWEP_V316_test/Past/Daily/countries/precip_daily_199901_Ghana.nc
Saved /ec/res4/scratch/ecme4047/MSWEP/MSWEP_V316_test/Past/Daily/countries/precip_daily_199902_Ghana.nc
Saved /ec/res4/scratch/ecme4047/MSWEP/MSWEP_V316_test/Past/Daily/countries/precip_daily_199903_Ghana.nc
Saved /ec/res4/scratch/ecme4047/MSWEP/MSWEP_V316_test/Past/Daily/countries/precip_daily_199904_Ghana.nc
Saved /ec/res4/scratch/ecme4047/MSWEP/MSWEP_V316_test/Past/Daily/countries/precip_daily_199905_Ghana.nc
Saved /ec/res4/scratch/ecme4047/MSWEP/MSWEP_V316_test/Past/Daily/countries/precip_daily_199906_Ghana.nc
Saved /ec/res4/scratch/ecme4047/MSWEP/MSWEP_V316_test/Past/Daily/countries/precip_daily_199907_Ghana.nc
Saved /ec/res4/scratch/ecme4047/MSWEP/MSWEP_V316_test/Past/Daily/countries/precip_daily_199908_Ghana.nc
Saved /ec/res4/scratch/ecme4047/MSWEP/MSWEP_V316_test/Past/Daily/countries/precip_daily_199909_Ghana.nc
Saved /ec/res4/scratch/ecme4047/MSWEP/MSWEP_V316_test/Past/Daily/countries/precip_daily_199910_Ghana.nc
Saved /ec/res4/scratch/ecme4047/MSWEP/MSWEP_V316_test/Past/Daily/countries/precip_daily_199911_Ghana.nc
Saved /ec/res4/scratch/ecme4047/MSWEP/MSWEP_V316_test/Past/Daily/countries/precip_daily_199912_Ghana.nc
Done 1999
Saved /ec/res4/scratch/ecme4047/MSWEP/MSWEP_V316_test/Past/Daily/countries/precip_daily_200001_Ghana.nc
Saved /ec/res4/scratch/ecme4047/MSWEP/MSWEP_V316_test/Past/Daily/countries/precip_daily_200002_Ghana.nc
Saved /ec/res4/scratch/ecme4047/MSWEP/MSWEP_V316_test/Past/Daily/countries/precip_daily_200003_Ghana.nc
Saved /ec/res4/scratch/ecme4047/MSWEP/MSWEP_V316_test/Past/Daily/countries/precip_daily_200004_Ghana.nc
Saved /ec/res4/scratch/ecme4047/MSWEP/MSWEP_V316_test/Past/Daily/countries/precip_daily_200005_Ghana.nc
Saved /ec/res4/scratch/ecme4047/MSWEP/MSWEP_V316_test/Past/Daily/countries/precip_daily_200006_Ghana.nc
Saved /ec/res4/scratch/ecme4047/MSWEP/MSWEP_V316_test/Past/Daily/countries/precip_daily_200007_Ghana.nc
Saved /ec/res4/scratch/ecme4047/MSWEP/MSWEP_V316_test/Past/Daily/countries/precip_daily_200008_Ghana.nc
Saved /ec/res4/scratch/ecme4047/MSWEP/MSWEP_V316_test/Past/Daily/countries/precip_daily_200009_Ghana.nc
Saved /ec/res4/scratch/ecme4047/MSWEP/MSWEP_V316_test/Past/Daily/countries/precip_daily_200010_Ghana.nc
Saved /ec/res4/scratch/ecme4047/MSWEP/MSWEP_V316_test/Past/Daily/countries/precip_daily_200011_Ghana.nc
Saved /ec/res4/scratch/ecme4047/MSWEP/MSWEP_V316_test/Past/Daily/countries/precip_daily_200012_Ghana.nc
Done 2000
Saved /ec/res4/scratch/ecme4047/MSWEP/MSWEP_V316_test/Past/Daily/countries/precip_daily_200101_Ghana.nc
Saved /ec/res4/scratch/ecme4047/MSWEP/MSWEP_V316_test/Past/Daily/countries/precip_daily_200102_Ghana.nc
Saved /ec/res4/scratch/ecme4047/MSWEP/MSWEP_V316_test/Past/Daily/countries/precip_daily_200103_Ghana.nc
Saved /ec/res4/scratch/ecme4047/MSWEP/MSWEP_V316_test/Past/Daily/countries/precip_daily_200104_Ghana.nc
Saved /ec/res4/scratch/ecme4047/MSWEP/MSWEP_V316_test/Past/Daily/countries/precip_daily_200105_Ghana.nc
Saved /ec/res4/scratch/ecme4047/MSWEP/MSWEP_V316_test/Past/Daily/countries/precip_daily_200106_Ghana.nc
Saved /ec/res4/scratch/ecme4047/MSWEP/MSWEP_V316_test/Past/Daily/countries/precip_daily_200107_Ghana.nc
Saved /ec/res4/scratch/ecme4047/MSWEP/MSWEP_V316_test/Past/Daily/countries/precip_daily_200108_Ghana.nc
Saved /ec/res4/scratch/ecme4047/MSWEP/MSWEP_V316_test/Past/Daily/countries/precip_daily_200109_Ghana.nc
Saved /ec/res4/scratch/ecme4047/MSWEP/MSWEP_V316_test/Past/Daily/countries/precip_daily_200110_Ghana.nc
Saved /ec/res4/scratch/ecme4047/MSWEP/MSWEP_V316_test/Past/Daily/countries/precip_daily_200111_Ghana.nc
Saved /ec/res4/scratch/ecme4047/MSWEP/MSWEP_V316_test/Past/Daily/countries/precip_daily_200112_Ghana.nc
Done 2001
Saved /ec/res4/scratch/ecme4047/MSWEP/MSWEP_V316_test/Past/Daily/countries/precip_daily_200201_Ghana.nc
Saved /ec/res4/scratch/ecme4047/MSWEP/MSWEP_V316_test/Past/Daily/countries/precip_daily_200202_Ghana.nc
Saved /ec/res4/scratch/ecme4047/MSWEP/MSWEP_V316_test/Past/Daily/countries/precip_daily_200203_Ghana.nc
Saved /ec/res4/scratch/ecme4047/MSWEP/MSWEP_V316_test/Past/Daily/countries/precip_daily_200204_Ghana.nc
Saved /ec/res4/scratch/ecme4047/MSWEP/MSWEP_V316_test/Past/Daily/countries/precip_daily_200205_Ghana.nc
Saved /ec/res4/scratch/ecme4047/MSWEP/MSWEP_V316_test/Past/Daily/countries/precip_daily_200206_Ghana.nc
Saved /ec/res4/scratch/ecme4047/MSWEP/MSWEP_V316_test/Past/Daily/countries/precip_daily_200207_Ghana.nc
Saved /ec/res4/scratch/ecme4047/MSWEP/MSWEP_V316_test/Past/Daily/countries/precip_daily_200208_Ghana.nc
Saved /ec/res4/scratch/ecme4047/MSWEP/MSWEP_V316_test/Past/Daily/countries/precip_daily_200209_Ghana.nc
Saved /ec/res4/scratch/ecme4047/MSWEP/MSWEP_V316_test/Past/Daily/countries/precip_daily_200210_Ghana.nc
Saved /ec/res4/scratch/ecme4047/MSWEP/MSWEP_V316_test/Past/Daily/countries/precip_daily_200211_Ghana.nc
Saved /ec/res4/scratch/ecme4047/MSWEP/MSWEP_V316_test/Past/Daily/countries/precip_daily_200212_Ghana.nc
Done 2002
Saved /ec/res4/scratch/ecme4047/MSWEP/MSWEP_V316_test/Past/Daily/countries/precip_daily_200301_Ghana.nc
Saved /ec/res4/scratch/ecme4047/MSWEP/MSWEP_V316_test/Past/Daily/countries/precip_daily_200302_Ghana.nc
Saved /ec/res4/scratch/ecme4047/MSWEP/MSWEP_V316_test/Past/Daily/countries/precip_daily_200303_Ghana.nc
Saved /ec/res4/scratch/ecme4047/MSWEP/MSWEP_V316_test/Past/Daily/countries/precip_daily_200304_Ghana.nc
Saved /ec/res4/scratch/ecme4047/MSWEP/MSWEP_V316_test/Past/Daily/countries/precip_daily_200305_Ghana.nc
Saved /ec/res4/scratch/ecme4047/MSWEP/MSWEP_V316_test/Past/Daily/countries/precip_daily_200306_Ghana.nc
Saved /ec/res4/scratch/ecme4047/MSWEP/MSWEP_V316_test/Past/Daily/countries/precip_daily_200307_Ghana.nc
Saved /ec/res4/scratch/ecme4047/MSWEP/MSWEP_V316_test/Past/Daily/countries/precip_daily_200308_Ghana.nc
Saved /ec/res4/scratch/ecme4047/MSWEP/MSWEP_V316_test/Past/Daily/countries/precip_daily_200309_Ghana.nc
Saved /ec/res4/scratch/ecme4047/MSWEP/MSWEP_V316_test/Past/Daily/countries/precip_daily_200310_Ghana.nc
Saved /ec/res4/scratch/ecme4047/MSWEP/MSWEP_V316_test/Past/Daily/countries/precip_daily_200311_Ghana.nc
Saved /ec/res4/scratch/ecme4047/MSWEP/MSWEP_V316_test/Past/Daily/countries/precip_daily_200312_Ghana.nc
Done 2003
Saved /ec/res4/scratch/ecme4047/MSWEP/MSWEP_V316_test/Past/Daily/countries/precip_daily_200401_Ghana.nc
Saved /ec/res4/scratch/ecme4047/MSWEP/MSWEP_V316_test/Past/Daily/countries/precip_daily_200402_Ghana.nc
Saved /ec/res4/scratch/ecme4047/MSWEP/MSWEP_V316_test/Past/Daily/countries/precip_daily_200403_Ghana.nc
Saved /ec/res4/scratch/ecme4047/MSWEP/MSWEP_V316_test/Past/Daily/countries/precip_daily_200404_Ghana.nc
Saved /ec/res4/scratch/ecme4047/MSWEP/MSWEP_V316_test/Past/Daily/countries/precip_daily_200405_Ghana.nc
Saved /ec/res4/scratch/ecme4047/MSWEP/MSWEP_V316_test/Past/Daily/countries/precip_daily_200406_Ghana.nc
Saved /ec/res4/scratch/ecme4047/MSWEP/MSWEP_V316_test/Past/Daily/countries/precip_daily_200407_Ghana.nc
Saved /ec/res4/scratch/ecme4047/MSWEP/MSWEP_V316_test/Past/Daily/countries/precip_daily_200408_Ghana.nc
Saved /ec/res4/scratch/ecme4047/MSWEP/MSWEP_V316_test/Past/Daily/countries/precip_daily_200409_Ghana.nc
Saved /ec/res4/scratch/ecme4047/MSWEP/MSWEP_V316_test/Past/Daily/countries/precip_daily_200410_Ghana.nc
Saved /ec/res4/scratch/ecme4047/MSWEP/MSWEP_V316_test/Past/Daily/countries/precip_daily_200411_Ghana.nc
Saved /ec/res4/scratch/ecme4047/MSWEP/MSWEP_V316_test/Past/Daily/countries/precip_daily_200412_Ghana.nc
Done 2004
Saved /ec/res4/scratch/ecme4047/MSWEP/MSWEP_V316_test/Past/Daily/countries/precip_daily_200501_Ghana.nc
Saved /ec/res4/scratch/ecme4047/MSWEP/MSWEP_V316_test/Past/Daily/countries/precip_daily_200502_Ghana.nc
Saved /ec/res4/scratch/ecme4047/MSWEP/MSWEP_V316_test/Past/Daily/countries/precip_daily_200503_Ghana.nc
Saved /ec/res4/scratch/ecme4047/MSWEP/MSWEP_V316_test/Past/Daily/countries/precip_daily_200504_Ghana.nc
Saved /ec/res4/scratch/ecme4047/MSWEP/MSWEP_V316_test/Past/Daily/countries/precip_daily_200505_Ghana.nc
Saved /ec/res4/scratch/ecme4047/MSWEP/MSWEP_V316_test/Past/Daily/countries/precip_daily_200506_Ghana.nc
Saved /ec/res4/scratch/ecme4047/MSWEP/MSWEP_V316_test/Past/Daily/countries/precip_daily_200507_Ghana.nc
Saved /ec/res4/scratch/ecme4047/MSWEP/MSWEP_V316_test/Past/Daily/countries/precip_daily_200508_Ghana.nc
Saved /ec/res4/scratch/ecme4047/MSWEP/MSWEP_V316_test/Past/Daily/countries/precip_daily_200509_Ghana.nc
Saved /ec/res4/scratch/ecme4047/MSWEP/MSWEP_V316_test/Past/Daily/countries/precip_daily_200510_Ghana.nc
Saved /ec/res4/scratch/ecme4047/MSWEP/MSWEP_V316_test/Past/Daily/countries/precip_daily_200511_Ghana.nc
Saved /ec/res4/scratch/ecme4047/MSWEP/MSWEP_V316_test/Past/Daily/countries/precip_daily_200512_Ghana.nc
Done 2005
Saved /ec/res4/scratch/ecme4047/MSWEP/MSWEP_V316_test/Past/Daily/countries/precip_daily_200601_Ghana.nc
Saved /ec/res4/scratch/ecme4047/MSWEP/MSWEP_V316_test/Past/Daily/countries/precip_daily_200602_Ghana.nc
Saved /ec/res4/scratch/ecme4047/MSWEP/MSWEP_V316_test/Past/Daily/countries/precip_daily_200603_Ghana.nc
Saved /ec/res4/scratch/ecme4047/MSWEP/MSWEP_V316_test/Past/Daily/countries/precip_daily_200604_Ghana.nc
Saved /ec/res4/scratch/ecme4047/MSWEP/MSWEP_V316_test/Past/Daily/countries/precip_daily_200605_Ghana.nc
Saved /ec/res4/scratch/ecme4047/MSWEP/MSWEP_V316_test/Past/Daily/countries/precip_daily_200606_Ghana.nc
Saved /ec/res4/scratch/ecme4047/MSWEP/MSWEP_V316_test/Past/Daily/countries/precip_daily_200607_Ghana.nc
Saved /ec/res4/scratch/ecme4047/MSWEP/MSWEP_V316_test/Past/Daily/countries/precip_daily_200608_Ghana.nc
Saved /ec/res4/scratch/ecme4047/MSWEP/MSWEP_V316_test/Past/Daily/countries/precip_daily_200609_Ghana.nc
Saved /ec/res4/scratch/ecme4047/MSWEP/MSWEP_V316_test/Past/Daily/countries/precip_daily_200610_Ghana.nc
Saved /ec/res4/scratch/ecme4047/MSWEP/MSWEP_V316_test/Past/Daily/countries/precip_daily_200611_Ghana.nc
Saved /ec/res4/scratch/ecme4047/MSWEP/MSWEP_V316_test/Past/Daily/countries/precip_daily_200612_Ghana.nc
Done 2006
Saved /ec/res4/scratch/ecme4047/MSWEP/MSWEP_V316_test/Past/Daily/countries/precip_daily_200701_Ghana.nc
Saved /ec/res4/scratch/ecme4047/MSWEP/MSWEP_V316_test/Past/Daily/countries/precip_daily_200702_Ghana.nc
Saved /ec/res4/scratch/ecme4047/MSWEP/MSWEP_V316_test/Past/Daily/countries/precip_daily_200703_Ghana.nc
Saved /ec/res4/scratch/ecme4047/MSWEP/MSWEP_V316_test/Past/Daily/countries/precip_daily_200704_Ghana.nc
Saved /ec/res4/scratch/ecme4047/MSWEP/MSWEP_V316_test/Past/Daily/countries/precip_daily_200705_Ghana.nc
Saved /ec/res4/scratch/ecme4047/MSWEP/MSWEP_V316_test/Past/Daily/countries/precip_daily_200706_Ghana.nc
Saved /ec/res4/scratch/ecme4047/MSWEP/MSWEP_V316_test/Past/Daily/countries/precip_daily_200707_Ghana.nc
Saved /ec/res4/scratch/ecme4047/MSWEP/MSWEP_V316_test/Past/Daily/countries/precip_daily_200708_Ghana.nc
Saved /ec/res4/scratch/ecme4047/MSWEP/MSWEP_V316_test/Past/Daily/countries/precip_daily_200709_Ghana.nc
Saved /ec/res4/scratch/ecme4047/MSWEP/MSWEP_V316_test/Past/Daily/countries/precip_daily_200710_Ghana.nc
Saved /ec/res4/scratch/ecme4047/MSWEP/MSWEP_V316_test/Past/Daily/countries/precip_daily_200711_Ghana.nc
Saved /ec/res4/scratch/ecme4047/MSWEP/MSWEP_V316_test/Past/Daily/countries/precip_daily_200712_Ghana.nc
Done 2007
Saved /ec/res4/scratch/ecme4047/MSWEP/MSWEP_V316_test/Past/Daily/countries/precip_daily_200801_Ghana.nc
Saved /ec/res4/scratch/ecme4047/MSWEP/MSWEP_V316_test/Past/Daily/countries/precip_daily_200802_Ghana.nc
Saved /ec/res4/scratch/ecme4047/MSWEP/MSWEP_V316_test/Past/Daily/countries/precip_daily_200803_Ghana.nc
Saved /ec/res4/scratch/ecme4047/MSWEP/MSWEP_V316_test/Past/Daily/countries/precip_daily_200804_Ghana.nc
Saved /ec/res4/scratch/ecme4047/MSWEP/MSWEP_V316_test/Past/Daily/countries/precip_daily_200805_Ghana.nc
Saved /ec/res4/scratch/ecme4047/MSWEP/MSWEP_V316_test/Past/Daily/countries/precip_daily_200806_Ghana.nc
Saved /ec/res4/scratch/ecme4047/MSWEP/MSWEP_V316_test/Past/Daily/countries/precip_daily_200807_Ghana.nc
Saved /ec/res4/scratch/ecme4047/MSWEP/MSWEP_V316_test/Past/Daily/countries/precip_daily_200808_Ghana.nc
Saved /ec/res4/scratch/ecme4047/MSWEP/MSWEP_V316_test/Past/Daily/countries/precip_daily_200809_Ghana.nc
Saved /ec/res4/scratch/ecme4047/MSWEP/MSWEP_V316_test/Past/Daily/countries/precip_daily_200810_Ghana.nc
Saved /ec/res4/scratch/ecme4047/MSWEP/MSWEP_V316_test/Past/Daily/countries/precip_daily_200811_Ghana.nc
Saved /ec/res4/scratch/ecme4047/MSWEP/MSWEP_V316_test/Past/Daily/countries/precip_daily_200812_Ghana.nc
Done 2008
Saved /ec/res4/scratch/ecme4047/MSWEP/MSWEP_V316_test/Past/Daily/countries/precip_daily_200901_Ghana.nc
Saved /ec/res4/scratch/ecme4047/MSWEP/MSWEP_V316_test/Past/Daily/countries/precip_daily_200902_Ghana.nc
Saved /ec/res4/scratch/ecme4047/MSWEP/MSWEP_V316_test/Past/Daily/countries/precip_daily_200903_Ghana.nc
Saved /ec/res4/scratch/ecme4047/MSWEP/MSWEP_V316_test/Past/Daily/countries/precip_daily_200904_Ghana.nc
Saved /ec/res4/scratch/ecme4047/MSWEP/MSWEP_V316_test/Past/Daily/countries/precip_daily_200905_Ghana.nc
Saved /ec/res4/scratch/ecme4047/MSWEP/MSWEP_V316_test/Past/Daily/countries/precip_daily_200906_Ghana.nc
Saved /ec/res4/scratch/ecme4047/MSWEP/MSWEP_V316_test/Past/Daily/countries/precip_daily_200907_Ghana.nc
Saved /ec/res4/scratch/ecme4047/MSWEP/MSWEP_V316_test/Past/Daily/countries/precip_daily_200908_Ghana.nc
Saved /ec/res4/scratch/ecme4047/MSWEP/MSWEP_V316_test/Past/Daily/countries/precip_daily_200909_Ghana.nc
Saved /ec/res4/scratch/ecme4047/MSWEP/MSWEP_V316_test/Past/Daily/countries/precip_daily_200910_Ghana.nc
Saved /ec/res4/scratch/ecme4047/MSWEP/MSWEP_V316_test/Past/Daily/countries/precip_daily_200911_Ghana.nc
Saved /ec/res4/scratch/ecme4047/MSWEP/MSWEP_V316_test/Past/Daily/countries/precip_daily_200912_Ghana.nc
Done 2009
Saved /ec/res4/scratch/ecme4047/MSWEP/MSWEP_V316_test/Past/Daily/countries/precip_daily_201001_Ghana.nc
Saved /ec/res4/scratch/ecme4047/MSWEP/MSWEP_V316_test/Past/Daily/countries/precip_daily_201002_Ghana.nc
Saved /ec/res4/scratch/ecme4047/MSWEP/MSWEP_V316_test/Past/Daily/countries/precip_daily_201003_Ghana.nc
Saved /ec/res4/scratch/ecme4047/MSWEP/MSWEP_V316_test/Past/Daily/countries/precip_daily_201004_Ghana.nc
Saved /ec/res4/scratch/ecme4047/MSWEP/MSWEP_V316_test/Past/Daily/countries/precip_daily_201005_Ghana.nc
Saved /ec/res4/scratch/ecme4047/MSWEP/MSWEP_V316_test/Past/Daily/countries/precip_daily_201006_Ghana.nc
Saved /ec/res4/scratch/ecme4047/MSWEP/MSWEP_V316_test/Past/Daily/countries/precip_daily_201007_Ghana.nc
Saved /ec/res4/scratch/ecme4047/MSWEP/MSWEP_V316_test/Past/Daily/countries/precip_daily_201008_Ghana.nc
Saved /ec/res4/scratch/ecme4047/MSWEP/MSWEP_V316_test/Past/Daily/countries/precip_daily_201009_Ghana.nc
Saved /ec/res4/scratch/ecme4047/MSWEP/MSWEP_V316_test/Past/Daily/countries/precip_daily_201010_Ghana.nc
Saved /ec/res4/scratch/ecme4047/MSWEP/MSWEP_V316_test/Past/Daily/countries/precip_daily_201011_Ghana.nc
Saved /ec/res4/scratch/ecme4047/MSWEP/MSWEP_V316_test/Past/Daily/countries/precip_daily_201012_Ghana.nc
Done 2010
Saved /ec/res4/scratch/ecme4047/MSWEP/MSWEP_V316_test/Past/Daily/countries/precip_daily_201101_Ghana.nc
Saved /ec/res4/scratch/ecme4047/MSWEP/MSWEP_V316_test/Past/Daily/countries/precip_daily_201102_Ghana.nc
Saved /ec/res4/scratch/ecme4047/MSWEP/MSWEP_V316_test/Past/Daily/countries/precip_daily_201103_Ghana.nc
Saved /ec/res4/scratch/ecme4047/MSWEP/MSWEP_V316_test/Past/Daily/countries/precip_daily_201104_Ghana.nc
Saved /ec/res4/scratch/ecme4047/MSWEP/MSWEP_V316_test/Past/Daily/countries/precip_daily_201105_Ghana.nc
Saved /ec/res4/scratch/ecme4047/MSWEP/MSWEP_V316_test/Past/Daily/countries/precip_daily_201106_Ghana.nc
Saved /ec/res4/scratch/ecme4047/MSWEP/MSWEP_V316_test/Past/Daily/countries/precip_daily_201107_Ghana.nc
Saved /ec/res4/scratch/ecme4047/MSWEP/MSWEP_V316_test/Past/Daily/countries/precip_daily_201108_Ghana.nc
Saved /ec/res4/scratch/ecme4047/MSWEP/MSWEP_V316_test/Past/Daily/countries/precip_daily_201109_Ghana.nc
Saved /ec/res4/scratch/ecme4047/MSWEP/MSWEP_V316_test/Past/Daily/countries/precip_daily_201110_Ghana.nc
Saved /ec/res4/scratch/ecme4047/MSWEP/MSWEP_V316_test/Past/Daily/countries/precip_daily_201111_Ghana.nc
Saved /ec/res4/scratch/ecme4047/MSWEP/MSWEP_V316_test/Past/Daily/countries/precip_daily_201112_Ghana.nc
Done 2011
Saved /ec/res4/scratch/ecme4047/MSWEP/MSWEP_V316_test/Past/Daily/countries/precip_daily_201201_Ghana.nc
Saved /ec/res4/scratch/ecme4047/MSWEP/MSWEP_V316_test/Past/Daily/countries/precip_daily_201202_Ghana.nc
Saved /ec/res4/scratch/ecme4047/MSWEP/MSWEP_V316_test/Past/Daily/countries/precip_daily_201203_Ghana.nc
Saved /ec/res4/scratch/ecme4047/MSWEP/MSWEP_V316_test/Past/Daily/countries/precip_daily_201204_Ghana.nc
Saved /ec/res4/scratch/ecme4047/MSWEP/MSWEP_V316_test/Past/Daily/countries/precip_daily_201205_Ghana.nc
Saved /ec/res4/scratch/ecme4047/MSWEP/MSWEP_V316_test/Past/Daily/countries/precip_daily_201206_Ghana.nc
Saved /ec/res4/scratch/ecme4047/MSWEP/MSWEP_V316_test/Past/Daily/countries/precip_daily_201207_Ghana.nc
Saved /ec/res4/scratch/ecme4047/MSWEP/MSWEP_V316_test/Past/Daily/countries/precip_daily_201208_Ghana.nc
Saved /ec/res4/scratch/ecme4047/MSWEP/MSWEP_V316_test/Past/Daily/countries/precip_daily_201209_Ghana.nc
Saved /ec/res4/scratch/ecme4047/MSWEP/MSWEP_V316_test/Past/Daily/countries/precip_daily_201210_Ghana.nc
Saved /ec/res4/scratch/ecme4047/MSWEP/MSWEP_V316_test/Past/Daily/countries/precip_daily_201211_Ghana.nc
Saved /ec/res4/scratch/ecme4047/MSWEP/MSWEP_V316_test/Past/Daily/countries/precip_daily_201212_Ghana.nc
Done 2012
Saved /ec/res4/scratch/ecme4047/MSWEP/MSWEP_V316_test/Past/Daily/countries/precip_daily_201301_Ghana.nc
Saved /ec/res4/scratch/ecme4047/MSWEP/MSWEP_V316_test/Past/Daily/countries/precip_daily_201302_Ghana.nc
Saved /ec/res4/scratch/ecme4047/MSWEP/MSWEP_V316_test/Past/Daily/countries/precip_daily_201303_Ghana.nc
Saved /ec/res4/scratch/ecme4047/MSWEP/MSWEP_V316_test/Past/Daily/countries/precip_daily_201304_Ghana.nc
Saved /ec/res4/scratch/ecme4047/MSWEP/MSWEP_V316_test/Past/Daily/countries/precip_daily_201305_Ghana.nc
Saved /ec/res4/scratch/ecme4047/MSWEP/MSWEP_V316_test/Past/Daily/countries/precip_daily_201306_Ghana.nc
Saved /ec/res4/scratch/ecme4047/MSWEP/MSWEP_V316_test/Past/Daily/countries/precip_daily_201307_Ghana.nc
Saved /ec/res4/scratch/ecme4047/MSWEP/MSWEP_V316_test/Past/Daily/countries/precip_daily_201308_Ghana.nc
Saved /ec/res4/scratch/ecme4047/MSWEP/MSWEP_V316_test/Past/Daily/countries/precip_daily_201309_Ghana.nc
Saved /ec/res4/scratch/ecme4047/MSWEP/MSWEP_V316_test/Past/Daily/countries/precip_daily_201310_Ghana.nc
Saved /ec/res4/scratch/ecme4047/MSWEP/MSWEP_V316_test/Past/Daily/countries/precip_daily_201311_Ghana.nc
Saved /ec/res4/scratch/ecme4047/MSWEP/MSWEP_V316_test/Past/Daily/countries/precip_daily_201312_Ghana.nc
Done 2013
Saved /ec/res4/scratch/ecme4047/MSWEP/MSWEP_V316_test/Past/Daily/countries/precip_daily_201401_Ghana.nc
Saved /ec/res4/scratch/ecme4047/MSWEP/MSWEP_V316_test/Past/Daily/countries/precip_daily_201402_Ghana.nc
Saved /ec/res4/scratch/ecme4047/MSWEP/MSWEP_V316_test/Past/Daily/countries/precip_daily_201403_Ghana.nc
Saved /ec/res4/scratch/ecme4047/MSWEP/MSWEP_V316_test/Past/Daily/countries/precip_daily_201404_Ghana.nc
Saved /ec/res4/scratch/ecme4047/MSWEP/MSWEP_V316_test/Past/Daily/countries/precip_daily_201405_Ghana.nc
Saved /ec/res4/scratch/ecme4047/MSWEP/MSWEP_V316_test/Past/Daily/countries/precip_daily_201406_Ghana.nc
Saved /ec/res4/scratch/ecme4047/MSWEP/MSWEP_V316_test/Past/Daily/countries/precip_daily_201407_Ghana.nc
Saved /ec/res4/scratch/ecme4047/MSWEP/MSWEP_V316_test/Past/Daily/countries/precip_daily_201408_Ghana.nc
Saved /ec/res4/scratch/ecme4047/MSWEP/MSWEP_V316_test/Past/Daily/countries/precip_daily_201409_Ghana.nc
Saved /ec/res4/scratch/ecme4047/MSWEP/MSWEP_V316_test/Past/Daily/countries/precip_daily_201410_Ghana.nc
Saved /ec/res4/scratch/ecme4047/MSWEP/MSWEP_V316_test/Past/Daily/countries/precip_daily_201411_Ghana.nc
Saved /ec/res4/scratch/ecme4047/MSWEP/MSWEP_V316_test/Past/Daily/countries/precip_daily_201412_Ghana.nc
Done 2014
Saved /ec/res4/scratch/ecme4047/MSWEP/MSWEP_V316_test/Past/Daily/countries/precip_daily_201501_Ghana.nc
Saved /ec/res4/scratch/ecme4047/MSWEP/MSWEP_V316_test/Past/Daily/countries/precip_daily_201502_Ghana.nc
Saved /ec/res4/scratch/ecme4047/MSWEP/MSWEP_V316_test/Past/Daily/countries/precip_daily_201503_Ghana.nc
Saved /ec/res4/scratch/ecme4047/MSWEP/MSWEP_V316_test/Past/Daily/countries/precip_daily_201504_Ghana.nc
Saved /ec/res4/scratch/ecme4047/MSWEP/MSWEP_V316_test/Past/Daily/countries/precip_daily_201505_Ghana.nc
Saved /ec/res4/scratch/ecme4047/MSWEP/MSWEP_V316_test/Past/Daily/countries/precip_daily_201506_Ghana.nc
Saved /ec/res4/scratch/ecme4047/MSWEP/MSWEP_V316_test/Past/Daily/countries/precip_daily_201507_Ghana.nc
Saved /ec/res4/scratch/ecme4047/MSWEP/MSWEP_V316_test/Past/Daily/countries/precip_daily_201508_Ghana.nc
Saved /ec/res4/scratch/ecme4047/MSWEP/MSWEP_V316_test/Past/Daily/countries/precip_daily_201509_Ghana.nc
Saved /ec/res4/scratch/ecme4047/MSWEP/MSWEP_V316_test/Past/Daily/countries/precip_daily_201510_Ghana.nc
Saved /ec/res4/scratch/ecme4047/MSWEP/MSWEP_V316_test/Past/Daily/countries/precip_daily_201511_Ghana.nc
Saved /ec/res4/scratch/ecme4047/MSWEP/MSWEP_V316_test/Past/Daily/countries/precip_daily_201512_Ghana.nc
Done 2015
Saved /ec/res4/scratch/ecme4047/MSWEP/MSWEP_V316_test/Past/Daily/countries/precip_daily_201601_Ghana.nc
Saved /ec/res4/scratch/ecme4047/MSWEP/MSWEP_V316_test/Past/Daily/countries/precip_daily_201602_Ghana.nc
Saved /ec/res4/scratch/ecme4047/MSWEP/MSWEP_V316_test/Past/Daily/countries/precip_daily_201603_Ghana.nc
Saved /ec/res4/scratch/ecme4047/MSWEP/MSWEP_V316_test/Past/Daily/countries/precip_daily_201604_Ghana.nc
Saved /ec/res4/scratch/ecme4047/MSWEP/MSWEP_V316_test/Past/Daily/countries/precip_daily_201605_Ghana.nc
Saved /ec/res4/scratch/ecme4047/MSWEP/MSWEP_V316_test/Past/Daily/countries/precip_daily_201606_Ghana.nc
Saved /ec/res4/scratch/ecme4047/MSWEP/MSWEP_V316_test/Past/Daily/countries/precip_daily_201607_Ghana.nc
Saved /ec/res4/scratch/ecme4047/MSWEP/MSWEP_V316_test/Past/Daily/countries/precip_daily_201608_Ghana.nc
Saved /ec/res4/scratch/ecme4047/MSWEP/MSWEP_V316_test/Past/Daily/countries/precip_daily_201609_Ghana.nc
Saved /ec/res4/scratch/ecme4047/MSWEP/MSWEP_V316_test/Past/Daily/countries/precip_daily_201610_Ghana.nc
Saved /ec/res4/scratch/ecme4047/MSWEP/MSWEP_V316_test/Past/Daily/countries/precip_daily_201611_Ghana.nc
Saved /ec/res4/scratch/ecme4047/MSWEP/MSWEP_V316_test/Past/Daily/countries/precip_daily_201612_Ghana.nc
Done 2016
Saved /ec/res4/scratch/ecme4047/MSWEP/MSWEP_V316_test/Past/Daily/countries/precip_daily_201701_Ghana.nc
Saved /ec/res4/scratch/ecme4047/MSWEP/MSWEP_V316_test/Past/Daily/countries/precip_daily_201702_Ghana.nc
Saved /ec/res4/scratch/ecme4047/MSWEP/MSWEP_V316_test/Past/Daily/countries/precip_daily_201703_Ghana.nc
Saved /ec/res4/scratch/ecme4047/MSWEP/MSWEP_V316_test/Past/Daily/countries/precip_daily_201704_Ghana.nc
Saved /ec/res4/scratch/ecme4047/MSWEP/MSWEP_V316_test/Past/Daily/countries/precip_daily_201705_Ghana.nc
Saved /ec/res4/scratch/ecme4047/MSWEP/MSWEP_V316_test/Past/Daily/countries/precip_daily_201706_Ghana.nc
Saved /ec/res4/scratch/ecme4047/MSWEP/MSWEP_V316_test/Past/Daily/countries/precip_daily_201707_Ghana.nc
Saved /ec/res4/scratch/ecme4047/MSWEP/MSWEP_V316_test/Past/Daily/countries/precip_daily_201708_Ghana.nc
Saved /ec/res4/scratch/ecme4047/MSWEP/MSWEP_V316_test/Past/Daily/countries/precip_daily_201709_Ghana.nc
Saved /ec/res4/scratch/ecme4047/MSWEP/MSWEP_V316_test/Past/Daily/countries/precip_daily_201710_Ghana.nc
Saved /ec/res4/scratch/ecme4047/MSWEP/MSWEP_V316_test/Past/Daily/countries/precip_daily_201711_Ghana.nc
Saved /ec/res4/scratch/ecme4047/MSWEP/MSWEP_V316_test/Past/Daily/countries/precip_daily_201712_Ghana.nc
Done 2017
Saved /ec/res4/scratch/ecme4047/MSWEP/MSWEP_V316_test/Past/Daily/countries/precip_daily_201801_Ghana.nc
Saved /ec/res4/scratch/ecme4047/MSWEP/MSWEP_V316_test/Past/Daily/countries/precip_daily_201802_Ghana.nc
Saved /ec/res4/scratch/ecme4047/MSWEP/MSWEP_V316_test/Past/Daily/countries/precip_daily_201803_Ghana.nc
Saved /ec/res4/scratch/ecme4047/MSWEP/MSWEP_V316_test/Past/Daily/countries/precip_daily_201804_Ghana.nc
Saved /ec/res4/scratch/ecme4047/MSWEP/MSWEP_V316_test/Past/Daily/countries/precip_daily_201805_Ghana.nc
Saved /ec/res4/scratch/ecme4047/MSWEP/MSWEP_V316_test/Past/Daily/countries/precip_daily_201806_Ghana.nc
Saved /ec/res4/scratch/ecme4047/MSWEP/MSWEP_V316_test/Past/Daily/countries/precip_daily_201807_Ghana.nc
Saved /ec/res4/scratch/ecme4047/MSWEP/MSWEP_V316_test/Past/Daily/countries/precip_daily_201808_Ghana.nc
Saved /ec/res4/scratch/ecme4047/MSWEP/MSWEP_V316_test/Past/Daily/countries/precip_daily_201809_Ghana.nc
Saved /ec/res4/scratch/ecme4047/MSWEP/MSWEP_V316_test/Past/Daily/countries/precip_daily_201810_Ghana.nc
Saved /ec/res4/scratch/ecme4047/MSWEP/MSWEP_V316_test/Past/Daily/countries/precip_daily_201811_Ghana.nc
Saved /ec/res4/scratch/ecme4047/MSWEP/MSWEP_V316_test/Past/Daily/countries/precip_daily_201812_Ghana.nc
Done 2018
Saved /ec/res4/scratch/ecme4047/MSWEP/MSWEP_V316_test/Past/Daily/countries/precip_daily_201901_Ghana.nc
Saved /ec/res4/scratch/ecme4047/MSWEP/MSWEP_V316_test/Past/Daily/countries/precip_daily_201902_Ghana.nc
Saved /ec/res4/scratch/ecme4047/MSWEP/MSWEP_V316_test/Past/Daily/countries/precip_daily_201903_Ghana.nc
Saved /ec/res4/scratch/ecme4047/MSWEP/MSWEP_V316_test/Past/Daily/countries/precip_daily_201904_Ghana.nc
Saved /ec/res4/scratch/ecme4047/MSWEP/MSWEP_V316_test/Past/Daily/countries/precip_daily_201905_Ghana.nc
Saved /ec/res4/scratch/ecme4047/MSWEP/MSWEP_V316_test/Past/Daily/countries/precip_daily_201906_Ghana.nc
Saved /ec/res4/scratch/ecme4047/MSWEP/MSWEP_V316_test/Past/Daily/countries/precip_daily_201907_Ghana.nc
Saved /ec/res4/scratch/ecme4047/MSWEP/MSWEP_V316_test/Past/Daily/countries/precip_daily_201908_Ghana.nc
Saved /ec/res4/scratch/ecme4047/MSWEP/MSWEP_V316_test/Past/Daily/countries/precip_daily_201909_Ghana.nc
Saved /ec/res4/scratch/ecme4047/MSWEP/MSWEP_V316_test/Past/Daily/countries/precip_daily_201910_Ghana.nc
Saved /ec/res4/scratch/ecme4047/MSWEP/MSWEP_V316_test/Past/Daily/countries/precip_daily_201911_Ghana.nc
Saved /ec/res4/scratch/ecme4047/MSWEP/MSWEP_V316_test/Past/Daily/countries/precip_daily_201912_Ghana.nc
Done 2019
Saved /ec/res4/scratch/ecme4047/MSWEP/MSWEP_V316_test/Past/Daily/countries/precip_daily_202001_Ghana.nc
Saved /ec/res4/scratch/ecme4047/MSWEP/MSWEP_V316_test/Past/Daily/countries/precip_daily_202002_Ghana.nc
Saved /ec/res4/scratch/ecme4047/MSWEP/MSWEP_V316_test/Past/Daily/countries/precip_daily_202003_Ghana.nc
Saved /ec/res4/scratch/ecme4047/MSWEP/MSWEP_V316_test/Past/Daily/countries/precip_daily_202004_Ghana.nc
Saved /ec/res4/scratch/ecme4047/MSWEP/MSWEP_V316_test/Past/Daily/countries/precip_daily_202005_Ghana.nc
Saved /ec/res4/scratch/ecme4047/MSWEP/MSWEP_V316_test/Past/Daily/countries/precip_daily_202006_Ghana.nc
Saved /ec/res4/scratch/ecme4047/MSWEP/MSWEP_V316_test/Past/Daily/countries/precip_daily_202007_Ghana.nc
Saved /ec/res4/scratch/ecme4047/MSWEP/MSWEP_V316_test/Past/Daily/countries/precip_daily_202008_Ghana.nc
Saved /ec/res4/scratch/ecme4047/MSWEP/MSWEP_V316_test/Past/Daily/countries/precip_daily_202009_Ghana.nc
Saved /ec/res4/scratch/ecme4047/MSWEP/MSWEP_V316_test/Past/Daily/countries/precip_daily_202010_Ghana.nc
Saved /ec/res4/scratch/ecme4047/MSWEP/MSWEP_V316_test/Past/Daily/countries/precip_daily_202011_Ghana.nc
Saved /ec/res4/scratch/ecme4047/MSWEP/MSWEP_V316_test/Past/Daily/countries/precip_daily_202012_Ghana.nc
Done 2020
Saved /ec/res4/scratch/ecme4047/MSWEP/MSWEP_V316_test/Past/Daily/countries/precip_daily_202101_Ghana.nc
Saved /ec/res4/scratch/ecme4047/MSWEP/MSWEP_V316_test/Past/Daily/countries/precip_daily_202102_Ghana.nc
Saved /ec/res4/scratch/ecme4047/MSWEP/MSWEP_V316_test/Past/Daily/countries/precip_daily_202103_Ghana.nc
Saved /ec/res4/scratch/ecme4047/MSWEP/MSWEP_V316_test/Past/Daily/countries/precip_daily_202104_Ghana.nc
Saved /ec/res4/scratch/ecme4047/MSWEP/MSWEP_V316_test/Past/Daily/countries/precip_daily_202105_Ghana.nc
Saved /ec/res4/scratch/ecme4047/MSWEP/MSWEP_V316_test/Past/Daily/countries/precip_daily_202106_Ghana.nc
Saved /ec/res4/scratch/ecme4047/MSWEP/MSWEP_V316_test/Past/Daily/countries/precip_daily_202107_Ghana.nc
Saved /ec/res4/scratch/ecme4047/MSWEP/MSWEP_V316_test/Past/Daily/countries/precip_daily_202108_Ghana.nc
Saved /ec/res4/scratch/ecme4047/MSWEP/MSWEP_V316_test/Past/Daily/countries/precip_daily_202109_Ghana.nc
Saved /ec/res4/scratch/ecme4047/MSWEP/MSWEP_V316_test/Past/Daily/countries/precip_daily_202110_Ghana.nc
Saved /ec/res4/scratch/ecme4047/MSWEP/MSWEP_V316_test/Past/Daily/countries/precip_daily_202111_Ghana.nc
Saved /ec/res4/scratch/ecme4047/MSWEP/MSWEP_V316_test/Past/Daily/countries/precip_daily_202112_Ghana.nc
Done 2021
Saved /ec/res4/scratch/ecme4047/MSWEP/MSWEP_V316_test/Past/Daily/countries/precip_daily_202201_Ghana.nc
Saved /ec/res4/scratch/ecme4047/MSWEP/MSWEP_V316_test/Past/Daily/countries/precip_daily_202202_Ghana.nc
Saved /ec/res4/scratch/ecme4047/MSWEP/MSWEP_V316_test/Past/Daily/countries/precip_daily_202203_Ghana.nc
Saved /ec/res4/scratch/ecme4047/MSWEP/MSWEP_V316_test/Past/Daily/countries/precip_daily_202204_Ghana.nc
Saved /ec/res4/scratch/ecme4047/MSWEP/MSWEP_V316_test/Past/Daily/countries/precip_daily_202205_Ghana.nc
Saved /ec/res4/scratch/ecme4047/MSWEP/MSWEP_V316_test/Past/Daily/countries/precip_daily_202206_Ghana.nc
Saved /ec/res4/scratch/ecme4047/MSWEP/MSWEP_V316_test/Past/Daily/countries/precip_daily_202207_Ghana.nc
Saved /ec/res4/scratch/ecme4047/MSWEP/MSWEP_V316_test/Past/Daily/countries/precip_daily_202208_Ghana.nc
Saved /ec/res4/scratch/ecme4047/MSWEP/MSWEP_V316_test/Past/Daily/countries/precip_daily_202209_Ghana.nc
Saved /ec/res4/scratch/ecme4047/MSWEP/MSWEP_V316_test/Past/Daily/countries/precip_daily_202210_Ghana.nc
Saved /ec/res4/scratch/ecme4047/MSWEP/MSWEP_V316_test/Past/Daily/countries/precip_daily_202211_Ghana.nc
Saved /ec/res4/scratch/ecme4047/MSWEP/MSWEP_V316_test/Past/Daily/countries/precip_daily_202212_Ghana.nc
Done 2022
Saved /ec/res4/scratch/ecme4047/MSWEP/MSWEP_V316_test/Past/Daily/countries/precip_daily_202301_Ghana.nc
Saved /ec/res4/scratch/ecme4047/MSWEP/MSWEP_V316_test/Past/Daily/countries/precip_daily_202302_Ghana.nc
Saved /ec/res4/scratch/ecme4047/MSWEP/MSWEP_V316_test/Past/Daily/countries/precip_daily_202303_Ghana.nc
Saved /ec/res4/scratch/ecme4047/MSWEP/MSWEP_V316_test/Past/Daily/countries/precip_daily_202304_Ghana.nc
Saved /ec/res4/scratch/ecme4047/MSWEP/MSWEP_V316_test/Past/Daily/countries/precip_daily_202305_Ghana.nc
Saved /ec/res4/scratch/ecme4047/MSWEP/MSWEP_V316_test/Past/Daily/countries/precip_daily_202306_Ghana.nc
Saved /ec/res4/scratch/ecme4047/MSWEP/MSWEP_V316_test/Past/Daily/countries/precip_daily_202307_Ghana.nc
Saved /ec/res4/scratch/ecme4047/MSWEP/MSWEP_V316_test/Past/Daily/countries/precip_daily_202308_Ghana.nc
Saved /ec/res4/scratch/ecme4047/MSWEP/MSWEP_V316_test/Past/Daily/countries/precip_daily_202309_Ghana.nc
Saved /ec/res4/scratch/ecme4047/MSWEP/MSWEP_V316_test/Past/Daily/countries/precip_daily_202310_Ghana.nc
Saved /ec/res4/scratch/ecme4047/MSWEP/MSWEP_V316_test/Past/Daily/countries/precip_daily_202311_Ghana.nc
Saved /ec/res4/scratch/ecme4047/MSWEP/MSWEP_V316_test/Past/Daily/countries/precip_daily_202312_Ghana.nc
Done 2023
Saved /ec/res4/scratch/ecme4047/MSWEP/MSWEP_V316_test/Past/Daily/countries/precip_daily_202401_Ghana.nc
Saved /ec/res4/scratch/ecme4047/MSWEP/MSWEP_V316_test/Past/Daily/countries/precip_daily_202402_Ghana.nc
Saved /ec/res4/scratch/ecme4047/MSWEP/MSWEP_V316_test/Past/Daily/countries/precip_daily_202403_Ghana.nc
Saved /ec/res4/scratch/ecme4047/MSWEP/MSWEP_V316_test/Past/Daily/countries/precip_daily_202404_Ghana.nc
Saved /ec/res4/scratch/ecme4047/MSWEP/MSWEP_V316_test/Past/Daily/countries/precip_daily_202405_Ghana.nc
Saved /ec/res4/scratch/ecme4047/MSWEP/MSWEP_V316_test/Past/Daily/countries/precip_daily_202406_Ghana.nc
Saved /ec/res4/scratch/ecme4047/MSWEP/MSWEP_V316_test/Past/Daily/countries/precip_daily_202407_Ghana.nc
Saved /ec/res4/scratch/ecme4047/MSWEP/MSWEP_V316_test/Past/Daily/countries/precip_daily_202408_Ghana.nc
Saved /ec/res4/scratch/ecme4047/MSWEP/MSWEP_V316_test/Past/Daily/countries/precip_daily_202409_Ghana.nc
Saved /ec/res4/scratch/ecme4047/MSWEP/MSWEP_V316_test/Past/Daily/countries/precip_daily_202410_Ghana.nc
Saved /ec/res4/scratch/ecme4047/MSWEP/MSWEP_V316_test/Past/Daily/countries/precip_daily_202411_Ghana.nc
Saved /ec/res4/scratch/ecme4047/MSWEP/MSWEP_V316_test/Past/Daily/countries/precip_daily_202412_Ghana.nc
Done 2024
