Traceback (most recent call last):
  File "/home/PERSONALE/alice.portal2/ALBATROSS_code/python/compute_spei_new.py", line 104, in <module>
    main()
    ~~~~^^
  File "/home/PERSONALE/alice.portal2/ALBATROSS_code/python/compute_spei_new.py", line 68, in main
    lsm = lsm.sel(lat=balance.lat, lon=balance.lon)
  File "/home/PERSONALE/alice.portal2/.local/lib/python3.14/site-packages/xarray/core/dataarray.py", line 1729, in sel
    ds = self._to_temp_dataset().sel(
        indexers=indexers,
    ...<3 lines>...
        **indexers_kwargs,
    )
  File "/home/PERSONALE/alice.portal2/.local/lib/python3.14/site-packages/xarray/core/dataset.py", line 3073, in sel
    query_results = map_index_queries(
        self, indexers=indexers, method=method, tolerance=tolerance
    )
  File "/home/PERSONALE/alice.portal2/.local/lib/python3.14/site-packages/xarray/core/indexing.py", line 219, in map_index_queries
    results.append(index.sel(labels, **options))
                   ~~~~~~~~~^^^^^^^^^^^^^^^^^^^
  File "/home/PERSONALE/alice.portal2/.local/lib/python3.14/site-packages/xarray/core/indexes.py", line 890, in sel
    raise KeyError(f"not all values found in index {coord_name!r}")
KeyError: "not all values found in index 'lat'"
