Loading atmos/cdo/2.3.0
  Loading requirement: ucx/1.13.1 mpi/openmpi/4.1.4 astro/hdf5/1.12.2
Input loaded
ET0 converted to monthly sum
Input data aligned
Balance computed
Balance grid-point selected
Fit:  {'n': 31, 'sorted_values': array([-107.48484329,  -53.95532087,   -5.88207537,   -3.1516625 ,
         22.56560172,   26.16450099,   36.10130684,   40.95563469,
         51.71859086,   65.59301699,   74.19559753,   87.22175286,
         94.08954144,  156.35509165,  163.15718186,  178.35846163,
        194.29543015,  231.75146765,  238.4196336 ,  241.92686657,
        269.07690309,  270.81082689,  283.38508174,  283.43042865,
        293.48555221,  301.29795073,  302.72804071,  384.34794885,
        479.92586409,  561.33578501,  596.68985832]), 'w0': np.float64(185.77129081619935), 'w1': np.float64(141.5874658350564), 'w2': np.float64(112.5038136723065), 'denom': np.float64(-11.269377839699928), 'beta': np.float64(-8.643213692842785), 'loc': np.float64(-656.1091915450864), 'scale': np.float64(823.4651668708502), 'gg': np.float64(1.0223631991143152)}
{'sample': {'all_values': array([  36.10130684,  156.35509165,  194.29543015,  178.35846163,
         74.19559753,  301.29795073, -107.48484329,  241.92686657,
        384.34794885,  479.92586409,  269.07690309,  596.68985832,
        270.81082689,  231.75146765,   26.16450099,   51.71859086,
        163.15718186,   -5.88207537,   -3.1516625 ,  283.38508174,
         94.08954144,  561.33578501,  283.43042865,   22.56560172,
         65.59301699,   87.22175286,  293.48555221,  302.72804071,
                 nan,  238.4196336 ,   40.95563469,  -53.95532087]), 'cal_values': array([  36.10130684,  156.35509165,  194.29543015,  178.35846163,
         74.19559753,  301.29795073, -107.48484329,  241.92686657,
        384.34794885,  479.92586409,  269.07690309,  596.68985832,
        270.81082689,  231.75146765,   26.16450099,   51.71859086,
        163.15718186,   -5.88207537,   -3.1516625 ,  283.38508174,
         94.08954144,  561.33578501,  283.43042865,   22.56560172,
         65.59301699,   87.22175286,  293.48555221,  302.72804071,
                 nan,  238.4196336 ,   40.95563469,  -53.95532087]), 'dates_all': DatetimeIndex(['1993-12-01', '1994-12-01', '1995-12-01', '1996-12-01',
               '1997-12-01', '1998-12-01', '1999-12-01', '2000-12-01',
               '2001-12-01', '2002-12-01', '2003-12-01', '2004-12-01',
               '2005-12-01', '2006-12-01', '2007-12-01', '2008-12-01',
               '2009-12-01', '2010-12-01', '2011-12-01', '2012-12-01',
               '2013-12-01', '2014-12-01', '2015-12-01', '2016-12-01',
               '2017-12-01', '2018-12-01', '2019-12-01', '2020-12-01',
               '2021-12-01', '2022-12-01', '2023-12-01', '2024-12-01'],
              dtype='datetime64[ns]', freq=None), 'dates_cal': DatetimeIndex(['1993-12-01', '1994-12-01', '1995-12-01', '1996-12-01',
               '1997-12-01', '1998-12-01', '1999-12-01', '2000-12-01',
               '2001-12-01', '2002-12-01', '2003-12-01', '2004-12-01',
               '2005-12-01', '2006-12-01', '2007-12-01', '2008-12-01',
               '2009-12-01', '2010-12-01', '2011-12-01', '2012-12-01',
               '2013-12-01', '2014-12-01', '2015-12-01', '2016-12-01',
               '2017-12-01', '2018-12-01', '2019-12-01', '2020-12-01',
               '2021-12-01', '2022-12-01', '2023-12-01', '2024-12-01'],
              dtype='datetime64[ns]', freq=None)}, 'fit': {'n': 31, 'sorted_values': array([-107.48484329,  -53.95532087,   -5.88207537,   -3.1516625 ,
         22.56560172,   26.16450099,   36.10130684,   40.95563469,
         51.71859086,   65.59301699,   74.19559753,   87.22175286,
         94.08954144,  156.35509165,  163.15718186,  178.35846163,
        194.29543015,  231.75146765,  238.4196336 ,  241.92686657,
        269.07690309,  270.81082689,  283.38508174,  283.43042865,
        293.48555221,  301.29795073,  302.72804071,  384.34794885,
        479.92586409,  561.33578501,  596.68985832]), 'w0': np.float64(185.77129081619935), 'w1': np.float64(141.5874658350564), 'w2': np.float64(112.5038136723065), 'denom': np.float64(-11.269377839699928), 'beta': np.float64(-8.643213692842785), 'loc': np.float64(-656.1091915450864), 'scale': np.float64(823.4651668708502), 'gg': np.float64(1.0223631991143152)}, 'cdf_cal': array([0.8176835 , 0.5290286 , 0.43088684, 0.47135165, 0.7384056 ,
       0.21372827, 0.970973  , 0.3209801 , 0.1169539 , 0.05834871,
       0.26762486, 0.02591148, 0.26446484, 0.34281415, 0.83558045,
       0.78716067, 0.51104418, 0.88508827, 0.88135292, 0.24243926,
       0.69112872, 0.03294562, 0.24236265, 0.84176474, 0.75770069,
       0.70783478, 0.22587013, 0.21156831,        nan, 0.3283958 ,
       0.80850569, 0.93734436]), 'spei_cal': array([ 0.90657233,  0.07282825, -0.17411679, -0.07187259,  0.63843769,
       -0.79355157,  1.89528988, -0.46495986, -1.1903527 , -1.5687877 ,
       -0.62001226, -1.94460155, -0.62964072, -0.40479486,  0.97645486,
        0.79660812,  0.02768719,  1.20081373,  1.18177709, -0.69847767,
        0.49905226, -1.83916282, -0.69872278,  1.00173722,  0.69892544,
        0.5470703 , -0.75251692, -0.80099141,         nan, -0.44434718,
        0.87240291,  1.53285627]), 'cdf_all': array([0.8176835 , 0.5290286 , 0.43088684, 0.47135165, 0.7384056 ,
       0.21372827, 0.970973  , 0.3209801 , 0.1169539 , 0.05834871,
       0.26762486, 0.02591148, 0.26446484, 0.34281415, 0.83558045,
       0.78716067, 0.51104418, 0.88508827, 0.88135292, 0.24243926,
       0.69112872, 0.03294562, 0.24236265, 0.84176474, 0.75770069,
       0.70783478, 0.22587013, 0.21156831,        nan, 0.3283958 ,
       0.80850569, 0.93734436]), 'spei_all': array([ 0.90657233,  0.07282825, -0.17411679, -0.07187259,  0.63843769,
       -0.79355157,  1.89528988, -0.46495986, -1.1903527 , -1.5687877 ,
       -0.62001226, -1.94460155, -0.62964072, -0.40479486,  0.97645486,
        0.79660812,  0.02768719,  1.20081373,  1.18177709, -0.69847767,
        0.49905226, -1.83916282, -0.69872278,  1.00173722,  0.69892544,
        0.5470703 , -0.75251692, -0.80099141,         nan, -0.44434718,
        0.87240291,  1.53285627]), 'cal_mean': np.float64(-0.008012769062301837), 'cal_std': np.float64(0.9941976794107885), 'all_mean': np.float64(-0.008012769062301837), 'all_std': np.float64(0.9941976794107885)}
n      = 31
min    = -107.48484328899953
max    = 596.689858315055
mean   = 185.77129081619935
w0     = 185.77129081619935
w1     = 141.5874658350564
w2     = 112.50381367230652
denom  = -11.269377839699928
beta   = -8.643213692842785
g1     = 1.081626389643986
g2     = 0.9452091858176861
gg     = 1.0223631991143152
scale  = 823.4651668708502
loc    = -656.1091915450864
{'beta': np.float64(8.643213692842785), 'loc': np.float64(-656.1091915450864), 'scale': np.float64(823.4651668708502)}
Done
