[ECMWF-INFO -sbatch] - -------------------------------------------------------------------------------------
[ECMWF-INFO -sbatch] -  This is the ECMWF jobfilter
[ECMWF-INFO -sbatch] -  +++ Please report issues using the Support portal +++
[ECMWF-INFO -sbatch] -  +++ https://support.ecmwf.int                     +++
[ECMWF-INFO -sbatch] -  /usr/local/bin/ecsbatch: size: 54518, mtime: Thu Aug  6 13:29:49 2026
[ECMWF-INFO -sbatch] - -------------------------------------------------------------------------------------
[ECMWF-INFO -sbatch] - Time at submit: Tue Sep 15 11:45:43 2026 (1789472743.1866226) on ac6-100.bullx:/etc/ecmwf/nfs/dh1_home_b/ecme4047/ALBATROSS_code/slurm
[ECMWF-INFO -sbatch] - --- SLURM VARIABLES ---
[ECMWF-INFO -sbatch] - EC_CLUSTER=ac
[ECMWF-INFO -sbatch] - SLURM_EXPORT_ENV=ALL
[ECMWF-INFO -sbatch] - SBATCH_EXPORT=NONE
[ECMWF-INFO -sbatch] - -----------------------
[ECMWF-INFO -sbatch] - jobscript: /etc/ecmwf/nfs/dh1_home_b/ecme4047/ALBATROSS_code/slurm/run_python.slurm
[ECMWF-INFO -sbatch] - --- SCRIPT OPTIONS ---
[ECMWF-INFO -sbatch] - #SBATCH --job-name=python
[ECMWF-INFO -sbatch] - #SBATCH --output=logs/python_%j.out
[ECMWF-INFO -sbatch] - #SBATCH --error=logs/python_%j.err
[ECMWF-INFO -sbatch] - #SBATCH --time=04:00:00
[ECMWF-INFO -sbatch] - #SBATCH --cpus-per-task=2
[ECMWF-INFO -sbatch] - #SBATCH --mem=8G
[ECMWF-INFO -sbatch] - -----------------------
[ECMWF-INFO -sbatch] - --- POST-PROCESSED OPTIONS ---
[ECMWF-INFO -sbatch] - ARG --positional=['run_python.slurm']
[ECMWF-INFO -sbatch] - ARG --cpus_per_task=2
[ECMWF-INFO -sbatch] - ARG --error=logs/python_%j.err
[ECMWF-INFO -sbatch] - ARG --job_name=python
[ECMWF-INFO -sbatch] - ARG --output=logs/python_%j.out
[ECMWF-INFO -sbatch] - ARG --time=04:00:00
[ECMWF-INFO -sbatch] - ARG --mem=8G
[ECMWF-INFO -sbatch] - ------------------------------
[ECMWF-INFO -sbatch] - No qos requested, assuming qos=nf
[ECMWF-INFO -sbatch] - jobtag: ecme4047-python-1x2-/etc/ecmwf/nfs/dh1_home_b/ecme4047/ALBATROSS_code/slurm/logs/python__JOBID_.out
[ECMWF-INFO -sbatch] - ------------------------------
[ECMWF-INFO -sbatch] - Average Walltime 15 with a Standard Deviation 6
[ECMWF-INFO -sbatch] - Runtime history
[ECMWF-INFO -sbatch] -   Date               | Cores   Cluster   Walltime       Mem
[ECMWF-INFO -sbatch] -   09.09.2026 - 13:06 | 2          ac         16         8G        
[ECMWF-INFO -sbatch] -   09.09.2026 - 13:03 | 2          ac         14         8G        
[ECMWF-INFO -sbatch] -   09.09.2026 - 12:57 | 2          ac         14         8G        
[ECMWF-INFO -sbatch] -   09.09.2026 - 12:49 | 2          ac         17         8G        
[ECMWF-INFO -sbatch] -   09.09.2026 - 12:45 | 2          ac         15         8G        
[ECMWF-INFO -sbatch] -   09.09.2026 - 12:10 | 2          ac         18         8G        
[ECMWF-INFO -sbatch] -   09.09.2026 - 12:04 | 2          ac         18         8G        
[ECMWF-INFO -sbatch] -   09.09.2026 - 11:53 | 2          ac         18         8G        
[ECMWF-INFO -sbatch] -   09.09.2026 - 11:31 | 2          ac         16         8G        
[ECMWF-INFO -sbatch] -   09.09.2026 - 08:11 | 2          ac         13         8G        
[ECMWF-INFO -sbatch] - ['/usr/bin/sbatch', '--cpus-per-task=2', '--error=logs/python_%j.err', '--job-name=python', '--output=logs/python_%j.out', '--time=04:00:00', '--mem=8G', '--qos=nf', '--licenses=h2resw01', '--export=EC_user_time_limit=04:00:00', '/etc/ecmwf/nfs/dh1_home_b/ecme4047/ALBATROSS_code/slurm/run_python.slurm']
[ECMWF-INFO -sbatch] - sbatch executed on ac
[ECMWF-INFO -sbatch] - Job queued on ac using method local
[ECMWF-INFO -sbatch] - Submitted batch job 37230443
WARNING: The MAMBA_ROOT_PREFIX environment variable is not set.
WARNING: This is required for mamba to work correctly as of 2.0.
WARNING: 
WARNING: For now, we are setting 'MAMBA_ROOT_PREFIX' to '/usr/local/apps/conda/26.1.1-3'.
WARNING: 
WARNING: Please make sure this is consistent with your installation or alternatively (by order of preference):
WARNING:   - rerun 'mamba shell init' to initialize mamba for your current shell
WARNING:   - manually set 'MAMBA_ROOT_PREFIX' to the root of your installation in your shell profile script.
WARNING:   - use the '-r,--root-prefix' CLI option when calling mamba.
WARNING: 
WARNING: This message originates from /usr/local/apps/conda/26.1.1-3/etc/profile.d/mamba.sh
[1789472771.119079] [ac6-147:2464067:0]           gdaki.c:1227 UCX  ERROR cuDeviceGetCount(&cuda_dev_count) failed: initialization error
[1789472771.143158] [ac6-147:2464067:0]        ib_iface.c:2085 UCX  WARN  ibv_query_port_speed(mlx5_0:1/IB, port_num=1) failed: Protocol not supported
[1789472771.145766] [ac6-147:2464067:0]        ib_iface.c:2085 UCX  WARN  ibv_query_port_speed(mlx5_0:1/IB, port_num=1) failed: Protocol not supported
[1789472771.167317] [ac6-147:2464067:0]        ib_iface.c:2085 UCX  WARN  ibv_query_port_speed(mlx5_0:1/IB, port_num=1) failed: Protocol not supported
[1789472771.170883] [ac6-147:2464067:0]        ib_iface.c:2085 UCX  WARN  ibv_query_port_speed(mlx5_0:1/IB, port_num=1) failed: Protocol not supported
[1789472771.174826] [ac6-147:2464067:0]        ib_iface.c:2085 UCX  WARN  ibv_query_port_speed(mlx5_0:1/IB, port_num=1) failed: Protocol not supported
[1789472771.186357] [ac6-147:2464067:0]        ib_iface.c:2085 UCX  WARN                ibv_query_port_speed(mlx5_0:1/IB, port_num=1) failed: Protocol not supported
[1789472771.186385] [ac6-147:2464067:0]        ib_iface.c:2085 UCX  WARN                ibv_query_port_speed(mlx5_0:1/IB, port_num=1) failed: Protocol not supported
[1789472771.196120] [ac6-147:2464067:0]        ib_iface.c:2085 UCX  WARN                ibv_query_port_speed(mlx5_0:1/IB, port_num=1) failed: Protocol not supported
[1789472771.196171] [ac6-147:2464067:0]        ib_iface.c:2085 UCX  WARN                ibv_query_port_speed(mlx5_0:1/IB, port_num=1) failed: Protocol not supported
[1789472771.196265] [ac6-147:2464067:0]        ib_iface.c:2085 UCX  WARN                ibv_query_port_speed(mlx5_0:1/IB, port_num=1) failed: Protocol not supported
[1789472771.196285] [ac6-147:2464067:0]        ib_iface.c:2085 UCX  WARN                ibv_query_port_speed(mlx5_0:1/IB, port_num=1) failed: Protocol not supported
[1789472771.196340] [ac6-147:2464067:0]        ib_iface.c:2085 UCX  WARN              ibv_query_port_speed(mlx5_0:1/IB, port_num=1) failed: Protocol not supported
[1789472771.196380] [ac6-147:2464067:0]        ib_iface.c:2085 UCX  WARN                  ibv_query_port_speed(mlx5_0:1/IB, port_num=1) failed: Protocol not supported
[1789472771.196721] [ac6-147:2464067:0]        ib_iface.c:2085 UCX  WARN              ibv_query_port_speed(mlx5_0:1/IB, port_num=1) failed: Protocol not supported
[1789472771.196761] [ac6-147:2464067:0]        ib_iface.c:2085 UCX  WARN                  ibv_query_port_speed(mlx5_0:1/IB, port_num=1) failed: Protocol not supported
Missing file: 1993241.nc
Missing file: 1993243.nc
Saved /ec/res4/scratch/ecme4047/MSWEP/MSWEP_V316_test/Past/Daily/regridded_ERA5-Land/precip_daily_199301_Madagascar_res_ERA5-Land.nc
Saved /ec/res4/scratch/ecme4047/MSWEP/MSWEP_V316_test/Past/Daily/regridded_ERA5-Land/precip_daily_199302_Madagascar_res_ERA5-Land.nc
Saved /ec/res4/scratch/ecme4047/MSWEP/MSWEP_V316_test/Past/Daily/regridded_ERA5-Land/precip_daily_199303_Madagascar_res_ERA5-Land.nc
Saved /ec/res4/scratch/ecme4047/MSWEP/MSWEP_V316_test/Past/Daily/regridded_ERA5-Land/precip_daily_199304_Madagascar_res_ERA5-Land.nc
Saved /ec/res4/scratch/ecme4047/MSWEP/MSWEP_V316_test/Past/Daily/regridded_ERA5-Land/precip_daily_199305_Madagascar_res_ERA5-Land.nc
Saved /ec/res4/scratch/ecme4047/MSWEP/MSWEP_V316_test/Past/Daily/regridded_ERA5-Land/precip_daily_199306_Madagascar_res_ERA5-Land.nc
Saved /ec/res4/scratch/ecme4047/MSWEP/MSWEP_V316_test/Past/Daily/regridded_ERA5-Land/precip_daily_199307_Madagascar_res_ERA5-Land.nc
Saved /ec/res4/scratch/ecme4047/MSWEP/MSWEP_V316_test/Past/Daily/regridded_ERA5-Land/precip_daily_199308_Madagascar_res_ERA5-Land.nc
Saved /ec/res4/scratch/ecme4047/MSWEP/MSWEP_V316_test/Past/Daily/regridded_ERA5-Land/precip_daily_199309_Madagascar_res_ERA5-Land.nc
Saved /ec/res4/scratch/ecme4047/MSWEP/MSWEP_V316_test/Past/Daily/regridded_ERA5-Land/precip_daily_199310_Madagascar_res_ERA5-Land.nc
Saved /ec/res4/scratch/ecme4047/MSWEP/MSWEP_V316_test/Past/Daily/regridded_ERA5-Land/precip_daily_199311_Madagascar_res_ERA5-Land.nc
Saved /ec/res4/scratch/ecme4047/MSWEP/MSWEP_V316_test/Past/Daily/regridded_ERA5-Land/precip_daily_199312_Madagascar_res_ERA5-Land.nc
Done 1993
