Loading atmos/cdo/2.3.0
  Loading requirement: ucx/1.13.1 mpi/openmpi/4.1.4 astro/hdf5/1.12.2
Input loaded
ET0 converted to monthly sum
Input data aligned
Balance computed
Balance grid-point selected
Fit:  {'n': 31, 'sorted_values': array([-124.09068588, -105.69991328,  -66.56804151,  -63.24257165,
        -20.5779618 ,   80.65294345,   91.51159647,  117.61519399,
        128.16514148,  146.43688417,  197.52345147,  220.14698176,
        245.73279585,  277.1801602 ,  290.50460453,  308.36399309,
        365.47110547,  381.5309348 ,  400.28602689,  414.3170898 ,
        467.39001213,  479.63618096,  505.13916714,  507.97215064,
        537.18286708,  546.45919471,  617.84356333,  758.15033182,
        836.73759214,  837.88004887, 1142.13231264]), 'w0': np.float64(339.41235970173364), 'w1': np.float64(255.86650656477028), 'w2': np.float64(202.13209132931095), 'denom': np.float64(-17.00586828897781), 'beta': np.float64(-10.133011175883027), 'loc': np.float64(-1406.7147473176997), 'scale': np.float64(1718.287711217644), 'gg': np.float64(1.0162018244209297)}
{'sample': {'all_values': array([ 197.52345147,  308.36399309,  245.73279585,   91.51159647,
        128.16514148,  277.1801602 , -124.09068588,  505.13916714,
        479.63618096,  836.73759214,  507.97215064,  837.88004887,
        467.39001213,  758.15033182,   80.65294345,  365.47110547,
        290.50460453,  -20.5779618 ,  -63.24257165,  537.18286708,
        146.43688417, 1142.13231264,  546.45919471,  -66.56804151,
        617.84356333,  117.61519399,  381.5309348 ,  414.3170898 ,
                 nan,  220.14698176,  400.28602689, -105.69991328]), 'cal_values': array([ 197.52345147,  308.36399309,  245.73279585,   91.51159647,
        128.16514148,  277.1801602 , -124.09068588,  505.13916714,
        479.63618096,  836.73759214,  507.97215064,  837.88004887,
        467.39001213,  758.15033182,   80.65294345,  365.47110547,
        290.50460453,  -20.5779618 ,  -63.24257165,  537.18286708,
        146.43688417, 1142.13231264,  546.45919471,  -66.56804151,
        617.84356333,  117.61519399,  381.5309348 ,  414.3170898 ,
                 nan,  220.14698176,  400.28602689, -105.69991328]), 'dates_all': DatetimeIndex(['1993-12-01', '1994-12-01', '1995-12-01', '1996-12-01',
               '1997-12-01', '1998-12-01', '1999-12-01', '2000-12-01',
               '2001-12-01', '2002-12-01', '2003-12-01', '2004-12-01',
               '2005-12-01', '2006-12-01', '2007-12-01', '2008-12-01',
               '2009-12-01', '2010-12-01', '2011-12-01', '2012-12-01',
               '2013-12-01', '2014-12-01', '2015-12-01', '2016-12-01',
               '2017-12-01', '2018-12-01', '2019-12-01', '2020-12-01',
               '2021-12-01', '2022-12-01', '2023-12-01', '2024-12-01'],
              dtype='datetime64[ns]', freq=None), 'dates_cal': DatetimeIndex(['1993-12-01', '1994-12-01', '1995-12-01', '1996-12-01',
               '1997-12-01', '1998-12-01', '1999-12-01', '2000-12-01',
               '2001-12-01', '2002-12-01', '2003-12-01', '2004-12-01',
               '2005-12-01', '2006-12-01', '2007-12-01', '2008-12-01',
               '2009-12-01', '2010-12-01', '2011-12-01', '2012-12-01',
               '2013-12-01', '2014-12-01', '2015-12-01', '2016-12-01',
               '2017-12-01', '2018-12-01', '2019-12-01', '2020-12-01',
               '2021-12-01', '2022-12-01', '2023-12-01', '2024-12-01'],
              dtype='datetime64[ns]', freq=None)}, 'fit': {'n': 31, 'sorted_values': array([-124.09068588, -105.69991328,  -66.56804151,  -63.24257165,
        -20.5779618 ,   80.65294345,   91.51159647,  117.61519399,
        128.16514148,  146.43688417,  197.52345147,  220.14698176,
        245.73279585,  277.1801602 ,  290.50460453,  308.36399309,
        365.47110547,  381.5309348 ,  400.28602689,  414.3170898 ,
        467.39001213,  479.63618096,  505.13916714,  507.97215064,
        537.18286708,  546.45919471,  617.84356333,  758.15033182,
        836.73759214,  837.88004887, 1142.13231264]), 'w0': np.float64(339.41235970173364), 'w1': np.float64(255.86650656477028), 'w2': np.float64(202.13209132931095), 'denom': np.float64(-17.00586828897781), 'beta': np.float64(-10.133011175883027), 'loc': np.float64(-1406.7147473176997), 'scale': np.float64(1718.287711217644), 'gg': np.float64(1.0162018244209297)}, 'cdf_cal': array([0.66728431, 0.50473523, 0.59770319, 0.80038331, 0.75837211,
       0.55104085, 0.95087888, 0.25319398, 0.27977627, 0.06283491,
       0.25036744, 0.06253181, 0.29326611, 0.08778163, 0.81189946,
       0.42239176, 0.53121221, 0.89813287, 0.92368056, 0.22268685,
       0.73572394, 0.01806451, 0.21444845, 0.92543217, 0.15948704,
       0.77094673, 0.40026141, 0.35698491,        nan, 0.63506934,
       0.37517069, 0.94368536]), 'spei_cal': array([ 0.43242662,  0.01186975,  0.24740653,  0.84299117,  0.70107569,
        0.12829148,  1.65343564, -0.66447249, -0.58350627, -1.53140303,
       -0.67333391, -1.53386197, -0.54386814, -1.35454283,  0.88491761,
       -0.19577852,  0.07831739,  1.27098425,  1.43027229, -0.7631504 ,
        0.63021777, -2.09547243, -0.79108071,  1.44259124, -0.99656835,
        0.7419683 , -0.25267052, -0.36652975,         nan,  0.34531002,
       -0.31818926,  1.58648525]), 'cdf_all': array([0.66728431, 0.50473523, 0.59770319, 0.80038331, 0.75837211,
       0.55104085, 0.95087888, 0.25319398, 0.27977627, 0.06283491,
       0.25036744, 0.06253181, 0.29326611, 0.08778163, 0.81189946,
       0.42239176, 0.53121221, 0.89813287, 0.92368056, 0.22268685,
       0.73572394, 0.01806451, 0.21444845, 0.92543217, 0.15948704,
       0.77094673, 0.40026141, 0.35698491,        nan, 0.63506934,
       0.37517069, 0.94368536]), 'spei_all': array([ 0.43242662,  0.01186975,  0.24740653,  0.84299117,  0.70107569,
        0.12829148,  1.65343564, -0.66447249, -0.58350627, -1.53140303,
       -0.67333391, -1.53386197, -0.54386814, -1.35454283,  0.88491761,
       -0.19577852,  0.07831739,  1.27098425,  1.43027229, -0.7631504 ,
        0.63021777, -2.09547243, -0.79108071,  1.44259124, -0.99656835,
        0.7419683 , -0.25267052, -0.36652975,         nan,  0.34531002,
       -0.31818926,  1.58648525]), 'cal_mean': np.float64(-0.007608633124551454), 'cal_std': np.float64(0.98840334519077), 'all_mean': np.float64(-0.007608633124551454), 'all_std': np.float64(0.98840334519077)}
n      = 31
min    = -124.09068588242964
max    = 1142.1323126352459
mean   = 339.41235970173364
w0     = 339.41235970173364
w1     = 255.86650656477028
w2     = 202.13209132931098
denom  = -17.005868288978036
beta   = -10.133011175882892
g1     = 1.067572029157113
g2     = 0.9518812751428669
gg     = 1.0162018244209305
scale  = 1718.2877112176195
loc    = -1406.7147473176765
{'beta': np.float64(10.133011175882892), 'loc': np.float64(-1406.7147473176765), 'scale': np.float64(1718.2877112176195)}
Done
