Loading atmos/cdo/2.3.0
  Loading requirement: ucx/1.13.1 mpi/openmpi/4.1.4 astro/hdf5/1.12.2
[1786969433.666184] [bld01:1778777:0]        ib_iface.c:2085 UCX  WARN  ibv_query_port_speed(mlx4_0:1/IB, port_num=1) failed: Protocol not supported
[1786969433.671047] [bld01:1778777:0]        ib_iface.c:2085 UCX  WARN  ibv_query_port_speed(mlx4_0:1/IB, port_num=1) failed: Protocol not supported
[1786969433.704207] [bld01:1778777:0]        ib_iface.c:2085 UCX  WARN                ibv_query_port_speed(mlx4_0:1/IB, port_num=1) failed: Resource temporarily unavailable
[1786969433.704276] [bld01:1778777:0]        ib_iface.c:2085 UCX  WARN                ibv_query_port_speed(mlx4_0:1/IB, port_num=1) failed: Resource temporarily unavailable
[1786969433.704431] [bld01:1778777:0]        ib_iface.c:2085 UCX  WARN                ibv_query_port_speed(mlx4_0:1/IB, port_num=1) failed: Resource temporarily unavailable
[1786969433.704473] [bld01:1778777:0]        ib_iface.c:2085 UCX  WARN                ibv_query_port_speed(mlx4_0:1/IB, port_num=1) failed: Resource temporarily unavailable
[1786969433.704589] [bld01:1778777:0]        ib_iface.c:2085 UCX  WARN                ibv_query_port_speed(mlx4_0:1/IB, port_num=1) failed: Resource temporarily unavailable
[1786969433.704631] [bld01:1778777:0]        ib_iface.c:2085 UCX  WARN                ibv_query_port_speed(mlx4_0:1/IB, port_num=1) failed: Resource temporarily unavailable
[1786969433.704730] [bld01:1778777:0]        ib_iface.c:2085 UCX  WARN              ibv_query_port_speed(mlx4_0:1/IB, port_num=1) failed: Resource temporarily unavailable
[1786969433.704806] [bld01:1778777:0]        ib_iface.c:2085 UCX  WARN                  ibv_query_port_speed(mlx4_0:1/IB, port_num=1) failed: Resource temporarily unavailable
[1786969433.715560] [bld01:1778777:0]        ib_iface.c:2085 UCX  WARN              ibv_query_port_speed(mlx4_0:1/IB, port_num=1) failed: Resource temporarily unavailable
[1786969433.715672] [bld01:1778777:0]        ib_iface.c:2085 UCX  WARN                  ibv_query_port_speed(mlx4_0:1/IB, port_num=1) failed: Resource temporarily unavailable
Done 1993
Done 1994
Done 1995
Done 1996
Done 1997
Done 1998
Done 1999
Done 2000
Done 2001
Done 2002
Done 2003
Done 2004
Done 2005
Done 2006
Done 2007
Done 2008
Done 2009
Done 2010
Done 2011
Done 2012
Done 2013
Done 2014
Done 2015
Done 2016
Done 2017
Done 2018
Done 2019
Done 2020
Done 2021
Done 2022
Done 2023
Done 2024
