[ECMWF-INFO -ecprofile] /usr/bin/bash NON_INTERACTIVE on ac6-116 at 20260915_114422.450, PID: 3905052, JOBID: 37229986
[ECMWF-INFO -ecprofile] $SCRATCH=/ec/res4/scratch/ecme4047
[ECMWF-INFO -ecprofile] $PERM=/perm/ecme4047
[ECMWF-INFO -ecprofile] $HPCPERM=/ec/res4/hpcperm/ecme4047
[ECMWF-INFO -ecprofile] $TMPDIR=/etc/ecmwf/ssd/ssd1/tmpdirs/ecme4047.37229986
[ECMWF-INFO -ecprofile] $SCRATCHDIR=/ec/res4/scratchdir/ecme4047/2/37229986

Lmod is automatically replacing "prgenv/gnu" with "conda/26.1.1-3".

-------------------------------------------------------------------------------
There are messages associated with the following module(s):
-------------------------------------------------------------------------------

conda/26.1.1-3:
   Using conda effectively disables any other loaded modules. Use "module
   reset" to return to the default environment.

-------------------------------------------------------------------------------

/perm/ecme4047/conda/envs/xesmf_env/lib/python3.14/site-packages/xesmf/backend.py:57: UserWarning: Latitude is outside of [-90, 90]
  warnings.warn('Latitude is outside of [-90, 90]')
Traceback (most recent call last):
  File "/home/ecme4047/ALBATROSS_code/python/regrid_MSWEP_to_ERA5-Land.py", line 141, in <module>
    da_day = open_mswep_day(year, day_no)
             ^^^^^^^^^^^^^^
NameError: name 'open_mswep_day' is not defined
[ECMWF-INFO -ecepilog] ----------------------------------------------------------------------------------------------------
[ECMWF-INFO -ecepilog] This is the ECMWF job Epilogue
[ECMWF-INFO -ecepilog] +++ Please report issues using the Support portal +++
[ECMWF-INFO -ecepilog] +++ https://support.ecmwf.int                     +++
[ECMWF-INFO -ecepilog] ----------------------------------------------------------------------------------------------------
[ECMWF-INFO -ecepilog] Run at 2026-09-15T11:44:33 on ac
[ECMWF-INFO -ecepilog] JobName                   : python
[ECMWF-INFO -ecepilog] JobID                     : 37229986
[ECMWF-INFO -ecepilog] Submit                    : 2026-09-15T11:44:06
[ECMWF-INFO -ecepilog] Start                     : 2026-09-15T11:44:19
[ECMWF-INFO -ecepilog] End                       : 2026-09-15T11:44:33
[ECMWF-INFO -ecepilog] QueuedTime                : 13.0
[ECMWF-INFO -ecepilog] ElapsedRaw                : 14
[ECMWF-INFO -ecepilog] ExitCode                  : 1:0
[ECMWF-INFO -ecepilog] DerivedExitCode           : 0:0
[ECMWF-INFO -ecepilog] State                     : FAILED
[ECMWF-INFO -ecepilog] Account                   : spitport
[ECMWF-INFO -ecepilog] QOS                       : nf
[ECMWF-INFO -ecepilog] User                      : ecme4047
[ECMWF-INFO -ecepilog] StdOut                    : /etc/ecmwf/nfs/dh1_home_b/ecme4047/ALBATROSS_code/slurm/logs/python_37229986.out
[ECMWF-INFO -ecepilog] StdErr                    : /etc/ecmwf/nfs/dh1_home_b/ecme4047/ALBATROSS_code/slurm/logs/python_37229986.err
[ECMWF-INFO -ecepilog] NNodes                    : 1
[ECMWF-INFO -ecepilog] NCPUS                     : 2
[ECMWF-INFO -ecepilog] SBU                       : 0.066
[ECMWF-INFO -ecepilog] jobtag                    : ecme4047-python-1x2-/etc/ecmwf/nfs/dh1_home_b/ecme4047/ALBATROSS_code/slurm/logs/python__JOBID_.out
[ECMWF-INFO -ecepilog] ----------------------------------------------------------------------------------------------------

