[ECMWF-INFO -sbatch] - -------------------------------------------------------------------------------------
[ECMWF-INFO -sbatch] -  This is the ECMWF jobfilter
[ECMWF-INFO -sbatch] -  +++ Please report issues using the Support portal +++
[ECMWF-INFO -sbatch] -  +++ https://support.ecmwf.int                     +++
[ECMWF-INFO -sbatch] -  /usr/local/bin/ecsbatch: size: 54518, mtime: Thu Aug  6 13:29:49 2026
[ECMWF-INFO -sbatch] - -------------------------------------------------------------------------------------
[ECMWF-INFO -sbatch] - Time at submit: Tue Sep 15 11:41:04 2026 (1789472464.5661345) on ac6-100.bullx:/etc/ecmwf/nfs/dh1_home_b/ecme4047/ALBATROSS_code/slurm
[ECMWF-INFO -sbatch] - --- SLURM VARIABLES ---
[ECMWF-INFO -sbatch] - EC_CLUSTER=ac
[ECMWF-INFO -sbatch] - SLURM_EXPORT_ENV=ALL
[ECMWF-INFO -sbatch] - SBATCH_EXPORT=NONE
[ECMWF-INFO -sbatch] - -----------------------
[ECMWF-INFO -sbatch] - jobscript: /etc/ecmwf/nfs/dh1_home_b/ecme4047/ALBATROSS_code/slurm/run_python.slurm
[ECMWF-INFO -sbatch] - --- SCRIPT OPTIONS ---
[ECMWF-INFO -sbatch] - #SBATCH --job-name=python
[ECMWF-INFO -sbatch] - #SBATCH --output=logs/python_%j.out
[ECMWF-INFO -sbatch] - #SBATCH --error=logs/python_%j.err
[ECMWF-INFO -sbatch] - #SBATCH --time=04:00:00
[ECMWF-INFO -sbatch] - #SBATCH --cpus-per-task=2
[ECMWF-INFO -sbatch] - #SBATCH --mem=8G
[ECMWF-INFO -sbatch] - -----------------------
[ECMWF-INFO -sbatch] - --- POST-PROCESSED OPTIONS ---
[ECMWF-INFO -sbatch] - ARG --positional=['run_python.slurm']
[ECMWF-INFO -sbatch] - ARG --cpus_per_task=2
[ECMWF-INFO -sbatch] - ARG --error=logs/python_%j.err
[ECMWF-INFO -sbatch] - ARG --job_name=python
[ECMWF-INFO -sbatch] - ARG --output=logs/python_%j.out
[ECMWF-INFO -sbatch] - ARG --time=04:00:00
[ECMWF-INFO -sbatch] - ARG --mem=8G
[ECMWF-INFO -sbatch] - ------------------------------
[ECMWF-INFO -sbatch] - No qos requested, assuming qos=nf
[ECMWF-INFO -sbatch] - jobtag: ecme4047-python-1x2-/etc/ecmwf/nfs/dh1_home_b/ecme4047/ALBATROSS_code/slurm/logs/python__JOBID_.out
[ECMWF-INFO -sbatch] - ------------------------------
[ECMWF-INFO -sbatch] - Average Walltime 15 with a Standard Deviation 6
[ECMWF-INFO -sbatch] - Runtime history
[ECMWF-INFO -sbatch] -   Date               | Cores   Cluster   Walltime       Mem
[ECMWF-INFO -sbatch] -   09.09.2026 - 13:06 | 2          ac         16         8G        
[ECMWF-INFO -sbatch] -   09.09.2026 - 13:03 | 2          ac         14         8G        
[ECMWF-INFO -sbatch] -   09.09.2026 - 12:57 | 2          ac         14         8G        
[ECMWF-INFO -sbatch] -   09.09.2026 - 12:49 | 2          ac         17         8G        
[ECMWF-INFO -sbatch] -   09.09.2026 - 12:45 | 2          ac         15         8G        
[ECMWF-INFO -sbatch] -   09.09.2026 - 12:10 | 2          ac         18         8G        
[ECMWF-INFO -sbatch] -   09.09.2026 - 12:04 | 2          ac         18         8G        
[ECMWF-INFO -sbatch] -   09.09.2026 - 11:53 | 2          ac         18         8G        
[ECMWF-INFO -sbatch] -   09.09.2026 - 11:31 | 2          ac         16         8G        
[ECMWF-INFO -sbatch] -   09.09.2026 - 08:11 | 2          ac         13         8G        
[ECMWF-INFO -sbatch] - ['/usr/bin/sbatch', '--cpus-per-task=2', '--error=logs/python_%j.err', '--job-name=python', '--output=logs/python_%j.out', '--time=04:00:00', '--mem=8G', '--qos=nf', '--licenses=h2resw01', '--export=EC_user_time_limit=04:00:00', '/etc/ecmwf/nfs/dh1_home_b/ecme4047/ALBATROSS_code/slurm/run_python.slurm']
[ECMWF-INFO -sbatch] - sbatch executed on ac
[ECMWF-INFO -sbatch] - Job queued on ac using method local
[ECMWF-INFO -sbatch] - Submitted batch job 37229133
WARNING: The MAMBA_ROOT_PREFIX environment variable is not set.
WARNING: This is required for mamba to work correctly as of 2.0.
WARNING: 
WARNING: For now, we are setting 'MAMBA_ROOT_PREFIX' to '/usr/local/apps/conda/26.1.1-3'.
WARNING: 
WARNING: Please make sure this is consistent with your installation or alternatively (by order of preference):
WARNING:   - rerun 'mamba shell init' to initialize mamba for your current shell
WARNING:   - manually set 'MAMBA_ROOT_PREFIX' to the root of your installation in your shell profile script.
WARNING:   - use the '-r,--root-prefix' CLI option when calling mamba.
WARNING: 
WARNING: This message originates from /usr/local/apps/conda/26.1.1-3/etc/profile.d/mamba.sh
[1789472489.454824] [ac6-151:1088211:0]           gdaki.c:1227 UCX  ERROR cuDeviceGetCount(&cuda_dev_count) failed: initialization error
[1789472489.492493] [ac6-151:1088211:0]        ib_iface.c:2085 UCX  WARN  ibv_query_port_speed(mlx5_0:1/IB, port_num=1) failed: Protocol not supported
[1789472489.495274] [ac6-151:1088211:0]        ib_iface.c:2085 UCX  WARN  ibv_query_port_speed(mlx5_0:1/IB, port_num=1) failed: Protocol not supported
[1789472489.516822] [ac6-151:1088211:0]        ib_iface.c:2085 UCX  WARN  ibv_query_port_speed(mlx5_0:1/IB, port_num=1) failed: Protocol not supported
[1789472489.520718] [ac6-151:1088211:0]        ib_iface.c:2085 UCX  WARN  ibv_query_port_speed(mlx5_0:1/IB, port_num=1) failed: Protocol not supported
[1789472489.524979] [ac6-151:1088211:0]        ib_iface.c:2085 UCX  WARN  ibv_query_port_speed(mlx5_0:1/IB, port_num=1) failed: Protocol not supported
[1789472489.537100] [ac6-151:1088211:0]        ib_iface.c:2085 UCX  WARN                ibv_query_port_speed(mlx5_0:1/IB, port_num=1) failed: Protocol not supported
[1789472489.537130] [ac6-151:1088211:0]        ib_iface.c:2085 UCX  WARN                ibv_query_port_speed(mlx5_0:1/IB, port_num=1) failed: Protocol not supported
[1789472489.546241] [ac6-151:1088211:0]        ib_iface.c:2085 UCX  WARN                ibv_query_port_speed(mlx5_0:1/IB, port_num=1) failed: Protocol not supported
[1789472489.546277] [ac6-151:1088211:0]        ib_iface.c:2085 UCX  WARN                ibv_query_port_speed(mlx5_0:1/IB, port_num=1) failed: Protocol not supported
[1789472489.546380] [ac6-151:1088211:0]        ib_iface.c:2085 UCX  WARN                ibv_query_port_speed(mlx5_0:1/IB, port_num=1) failed: Protocol not supported
[1789472489.546402] [ac6-151:1088211:0]        ib_iface.c:2085 UCX  WARN                ibv_query_port_speed(mlx5_0:1/IB, port_num=1) failed: Protocol not supported
[1789472489.546454] [ac6-151:1088211:0]        ib_iface.c:2085 UCX  WARN              ibv_query_port_speed(mlx5_0:1/IB, port_num=1) failed: Protocol not supported
[1789472489.546494] [ac6-151:1088211:0]        ib_iface.c:2085 UCX  WARN                  ibv_query_port_speed(mlx5_0:1/IB, port_num=1) failed: Protocol not supported
[1789472489.546830] [ac6-151:1088211:0]        ib_iface.c:2085 UCX  WARN              ibv_query_port_speed(mlx5_0:1/IB, port_num=1) failed: Protocol not supported
[1789472489.546870] [ac6-151:1088211:0]        ib_iface.c:2085 UCX  WARN                  ibv_query_port_speed(mlx5_0:1/IB, port_num=1) failed: Protocol not supported
