Loading atmos/cdo/2.3.0
  Loading requirement: ucx/1.13.1 mpi/openmpi/4.1.4 astro/hdf5/1.12.2
Input loaded
ET0 converted to monthly sum
Input data aligned
Balance computed
Balance grid-point selected
{'fit': None, 'sample': {'all_values': array([149.66705467, 276.07340949, 151.20422549, 487.49653607,
       239.46189471, 326.76240657, 138.215077  ,  74.76475617,
       809.15119687, 116.85266341, 997.29536215, 631.19676249,
       308.70369548, 422.23176333, 834.84639934, 333.57240501,
       334.41573284, 487.13977064,  54.91354963, 319.99623749,
       411.72172614, 417.09679525, 223.63702023, 319.86444076,
        98.29165561, 584.85834633, 455.02163018,   3.57057498,
        65.67377147, 291.97257883, 838.76449926, 563.75251177]), 'cal_values': array([149.66705467, 276.07340949, 151.20422549, 487.49653607,
       239.46189471, 326.76240657, 138.215077  ,  74.76475617,
       809.15119687, 116.85266341, 997.29536215, 631.19676249,
       308.70369548, 422.23176333, 834.84639934, 333.57240501,
       334.41573284, 487.13977064,  54.91354963, 319.99623749,
       411.72172614, 417.09679525, 223.63702023, 319.86444076,
        98.29165561, 584.85834633, 455.02163018,   3.57057498,
        65.67377147, 291.97257883, 838.76449926, 563.75251177]), 'dates_all': DatetimeIndex(['1993-01-01', '1994-01-01', '1995-01-01', '1996-01-01',
               '1997-01-01', '1998-01-01', '1999-01-01', '2000-01-01',
               '2001-01-01', '2002-01-01', '2003-01-01', '2004-01-01',
               '2005-01-01', '2006-01-01', '2007-01-01', '2008-01-01',
               '2009-01-01', '2010-01-01', '2011-01-01', '2012-01-01',
               '2013-01-01', '2014-01-01', '2015-01-01', '2016-01-01',
               '2017-01-01', '2018-01-01', '2019-01-01', '2020-01-01',
               '2021-01-01', '2022-01-01', '2023-01-01', '2024-01-01'],
              dtype='datetime64[ns]', freq=None), 'dates_cal': DatetimeIndex(['1993-01-01', '1994-01-01', '1995-01-01', '1996-01-01',
               '1997-01-01', '1998-01-01', '1999-01-01', '2000-01-01',
               '2001-01-01', '2002-01-01', '2003-01-01', '2004-01-01',
               '2005-01-01', '2006-01-01', '2007-01-01', '2008-01-01',
               '2009-01-01', '2010-01-01', '2011-01-01', '2012-01-01',
               '2013-01-01', '2014-01-01', '2015-01-01', '2016-01-01',
               '2017-01-01', '2018-01-01', '2019-01-01', '2020-01-01',
               '2021-01-01', '2022-01-01', '2023-01-01', '2024-01-01'],
              dtype='datetime64[ns]', freq=None)}}
None
