[ECMWF-INFO -sbatch] - -------------------------------------------------------------------------------------
[ECMWF-INFO -sbatch] -  This is the ECMWF jobfilter
[ECMWF-INFO -sbatch] -  +++ Please report issues using the Support portal +++
[ECMWF-INFO -sbatch] -  +++ https://support.ecmwf.int                     +++
[ECMWF-INFO -sbatch] -  /usr/local/bin/ecsbatch: size: 54518, mtime: Thu Aug  6 13:29:49 2026
[ECMWF-INFO -sbatch] - -------------------------------------------------------------------------------------
[ECMWF-INFO -sbatch] - Time at submit: Wed Sep  9 13:05:37 2026 (1788959137.442419) on ac6-101.bullx:/etc/ecmwf/nfs/dh1_home_b/ecme4047/ALBATROSS_code/slurm
[ECMWF-INFO -sbatch] - --- SLURM VARIABLES ---
[ECMWF-INFO -sbatch] - EC_CLUSTER=ac
[ECMWF-INFO -sbatch] - SLURM_EXPORT_ENV=ALL
[ECMWF-INFO -sbatch] - SBATCH_EXPORT=NONE
[ECMWF-INFO -sbatch] - -----------------------
[ECMWF-INFO -sbatch] - jobscript: /etc/ecmwf/nfs/dh1_home_b/ecme4047/ALBATROSS_code/slurm/run_python.slurm
[ECMWF-INFO -sbatch] - --- SCRIPT OPTIONS ---
[ECMWF-INFO -sbatch] - #SBATCH --job-name=python
[ECMWF-INFO -sbatch] - #SBATCH --output=logs/python_%j.out
[ECMWF-INFO -sbatch] - #SBATCH --error=logs/python_%j.err
[ECMWF-INFO -sbatch] - #SBATCH --time=04:00:00
[ECMWF-INFO -sbatch] - #SBATCH --cpus-per-task=2
[ECMWF-INFO -sbatch] - #SBATCH --mem=8G
[ECMWF-INFO -sbatch] - -----------------------
[ECMWF-INFO -sbatch] - --- POST-PROCESSED OPTIONS ---
[ECMWF-INFO -sbatch] - ARG --positional=['run_python.slurm']
[ECMWF-INFO -sbatch] - ARG --cpus_per_task=2
[ECMWF-INFO -sbatch] - ARG --error=logs/python_%j.err
[ECMWF-INFO -sbatch] - ARG --job_name=python
[ECMWF-INFO -sbatch] - ARG --output=logs/python_%j.out
[ECMWF-INFO -sbatch] - ARG --time=04:00:00
[ECMWF-INFO -sbatch] - ARG --mem=8G
[ECMWF-INFO -sbatch] - ------------------------------
[ECMWF-INFO -sbatch] - No qos requested, assuming qos=nf
[ECMWF-INFO -sbatch] - jobtag: ecme4047-python-1x2-/etc/ecmwf/nfs/dh1_home_b/ecme4047/ALBATROSS_code/slurm/logs/python__JOBID_.out
[ECMWF-INFO -sbatch] - ------------------------------
[ECMWF-INFO -sbatch] - Average Walltime 15 with a Standard Deviation 6
[ECMWF-INFO -sbatch] - Runtime history
[ECMWF-INFO -sbatch] -   Date               | Cores   Cluster   Walltime       Mem
[ECMWF-INFO -sbatch] -   09.09.2026 - 13:03 | 2          ac         14         8G        
[ECMWF-INFO -sbatch] -   09.09.2026 - 12:57 | 2          ac         14         8G        
[ECMWF-INFO -sbatch] -   09.09.2026 - 12:49 | 2          ac         17         8G        
[ECMWF-INFO -sbatch] -   09.09.2026 - 12:45 | 2          ac         15         8G        
[ECMWF-INFO -sbatch] -   09.09.2026 - 12:10 | 2          ac         18         8G        
[ECMWF-INFO -sbatch] -   09.09.2026 - 12:04 | 2          ac         18         8G        
[ECMWF-INFO -sbatch] -   09.09.2026 - 11:53 | 2          ac         18         8G        
[ECMWF-INFO -sbatch] -   09.09.2026 - 11:31 | 2          ac         16         8G        
[ECMWF-INFO -sbatch] -   09.09.2026 - 08:11 | 2          ac         13         8G        
[ECMWF-INFO -sbatch] - ['/usr/bin/sbatch', '--cpus-per-task=2', '--error=logs/python_%j.err', '--job-name=python', '--output=logs/python_%j.out', '--time=04:00:00', '--mem=8G', '--qos=nf', '--licenses=h2resw01', '--export=EC_user_time_limit=04:00:00', '/etc/ecmwf/nfs/dh1_home_b/ecme4047/ALBATROSS_code/slurm/run_python.slurm']
[ECMWF-INFO -sbatch] - sbatch executed on ac
[ECMWF-INFO -sbatch] - Job queued on ac using method local
[ECMWF-INFO -sbatch] - Submitted batch job 34966148
WARNING: The MAMBA_ROOT_PREFIX environment variable is not set.
WARNING: This is required for mamba to work correctly as of 2.0.
WARNING: 
WARNING: For now, we are setting 'MAMBA_ROOT_PREFIX' to '/usr/local/apps/conda/26.1.1-3'.
WARNING: 
WARNING: Please make sure this is consistent with your installation or alternatively (by order of preference):
WARNING:   - rerun 'mamba shell init' to initialize mamba for your current shell
WARNING:   - manually set 'MAMBA_ROOT_PREFIX' to the root of your installation in your shell profile script.
WARNING:   - use the '-r,--root-prefix' CLI option when calling mamba.
WARNING: 
WARNING: This message originates from /usr/local/apps/conda/26.1.1-3/etc/profile.d/mamba.sh
Input loaded
ET0 converted to monthly sum
Input data aligned
Balance computed
Balance grid-point selected
Fit:  {'n': 31, 'sorted_values': array([-91.28105154, -28.83426236,  26.93005464,  33.51706248,
        62.11512378,  66.48850926,  77.47070558,  86.48431022,
        97.77577784, 116.45962692, 125.42240746, 141.69843614,
       148.81022268, 225.14276523, 234.46285261, 253.0714218 ,
       272.12394121, 323.761899  , 324.18822969, 330.67350184,
       363.23060527, 366.01350508, 386.73923454, 386.88304478,
       398.32419158, 403.91981372, 409.93139918, 511.93717769,
       581.48547363, 680.4899292 , 700.7277832 ]), 'w0': np.float64(258.5859255593842), 'w1': np.float64(186.79633745902098), 'w2': np.float64(145.3954447850239), 'denom': np.float64(-10.180569515401658), 'beta': np.float64(-11.296691131539351), 'loc': np.float64(-1040.609799987734), 'scale': np.float64(1282.5139979777832), 'gg': np.float64(1.013007053019022)}
n      = 31
min    = -91.28105153552708
max    = 700.727783203125
mean   = 258.5859255593842
w0     = 258.5859255593842
w1     = 186.79633745902098
w2     = 145.3954447850239
denom  = -10.180569515401658
beta   = -11.296691131539351
g1     = 1.059541916916263
g2     = 0.9560802048939432
gg     = 1.013007053019022
scale  = 1282.5139979777832
loc    = -1040.609799987734
Fit:  {'n': 31, 'sorted_values': array([-124.09068588, -105.69991328,  -66.56804151,  -63.24257165,
        -20.5779618 ,   80.65294345,   91.51159647,  117.61519399,
        128.16514148,  146.43688417,  197.52345147,  220.14698176,
        245.73279585,  277.1801602 ,  290.50460453,  308.36399309,
        365.47110547,  381.5309348 ,  400.28602689,  414.3170898 ,
        467.39001213,  479.63618096,  505.13916714,  507.97215064,
        537.18286708,  546.45919471,  617.84356333,  758.15033182,
        836.73759214,  837.88004887, 1142.13231264]), 'w0': np.float64(339.41235970173364), 'w1': np.float64(255.86650656477028), 'w2': np.float64(202.13209132931095), 'denom': np.float64(-17.00586828897781), 'beta': np.float64(-10.133011175883027), 'loc': np.float64(-1406.7147473176997), 'scale': np.float64(1718.287711217644), 'gg': np.float64(1.0162018244209297)}
n      = 31
min    = -124.09068588242964
max    = 1142.1323126352459
mean   = 339.41235970173364
w0     = 339.41235970173364
w1     = 255.86650656477028
w2     = 202.13209132931098
denom  = -17.005868288978036
beta   = -10.133011175882892
g1     = 1.067572029157113
g2     = 0.9518812751428669
gg     = 1.0162018244209305
scale  = 1718.2877112176195
loc    = -1406.7147473176765
Fit:  {'n': 31, 'sorted_values': array([ -26.71945131,   -9.44445333,  127.76264403,  203.841427  ,
        245.03674849,  270.91400497,  276.09931562,  381.91420028,
        427.68957558,  434.63893311,  449.04310238,  465.09662893,
        505.75708606,  528.96299435,  535.87333147,  554.49792165,
        620.14133159,  625.50314461,  637.58409689,  655.06750219,
        669.75757267,  678.08156773,  764.18091846,  903.82912236,
        946.2675412 ,  961.07711681,  998.226789  , 1017.48607135,
       1079.45317618, 1246.48364227, 1354.46198049]), 'w0': np.float64(597.6956639700053), 'w1': np.float64(397.9686522236396), 'w2': np.float64(300.3607397515206), 'denom': np.float64(-12.048189137291047), 'beta': np.float64(-16.454061122238258), 'loc': np.float64(-2664.1844054158414), 'scale': np.float64(3242.097685123173), 'gg': np.float64(1.0061017236937209)}
n      = 31
min    = -26.719451313597162
max    = 1354.4619804863034
mean   = 597.6956639700053
w0     = 597.6956639700053
w1     = 397.9686522236396
w2     = 300.36073975152055
denom  = -12.04818913729082
beta   = -16.454061122238567
g1     = 1.0389516213620829
g2     = 0.9683816868919312
gg     = 1.0061017236937206
scale  = 3242.097685123235
loc    = -2664.184405415903
Fit:  {'n': 31, 'sorted_values': array([ 862.53830067, 1263.30535734, 1459.35247164, 1651.37494411,
       1791.39023188, 1864.32483737, 1956.45655106, 1991.03185488,
       2084.90901298, 2097.12461457, 2216.59357782, 2286.86111002,
       2378.25704224, 2417.40479558, 2450.38934117, 2468.68077761,
       2561.76101929, 2581.32880868, 2664.29817412, 2672.58791427,
       2713.68064233, 2805.48968969, 2856.541698  , 3011.69049022,
       3316.51378751, 3458.36081885, 3480.86966921, 3565.44815808,
       3605.71331196, 3874.82320164, 4969.19611636]), 'w0': np.float64(2560.590268422962), 'w1': np.float64(1515.7149291242479), 'w2': np.float64(1095.8200505872185), 'denom': np.float64(-41.22099720078586), 'beta': np.float64(-11.422324101770094), 'loc': np.float64(-2817.49212650878), 'scale': np.float64(5310.5325757376395), 'gg': np.float64(1.0127199707808439)}
n      = 31
min    = 862.5383006658026
max    = 4969.196116358016
mean   = 2560.590268422962
w0     = 2560.590268422962
w1     = 1515.7149291242479
w2     = 1095.8200505872187
denom  = -41.22099720078677
beta   = -11.422324101769844
g1     = 1.0587868922339478
g2     = 0.9564908464668407
gg     = 1.0127199707808443
scale  = 5310.53257573752
loc    = -2817.492126508662
Done
