Loading atmos/cdo/2.3.0
  Loading requirement: ucx/1.13.1 mpi/openmpi/4.1.4 astro/hdf5/1.12.2
Input loaded
ET0 converted to monthly sum
Input data aligned
Balance computed
Balance grid-point selected
Fit:  {'n': 32, 'sorted_values': array([-31.24463681,   7.55123619,  16.75673716,  38.54287823,
        42.76153124,  54.99848233,  81.88560765,  93.7860017 ,
        97.77816117,  98.17200701, 102.44610732, 108.91987893,
       113.8393549 , 117.187631  , 125.9628345 , 132.83038602,
       137.95310901, 139.52194493, 149.65765218, 156.26268865,
       160.62359254, 160.81277113, 181.68360004, 189.36245494,
       195.03938447, 205.30145296, 227.55234269, 230.44635884,
       275.51567554, 305.31525036, 321.40676671, 348.30947078]), 'w0': np.float64(143.34183482244987), 'w1': np.float64(97.20613591765982), 'w2': np.float64(74.09470085405424), 'denom': np.float64(-4.673224440816398), 'beta': np.float64(-10.928308207672544), 'loc': np.float64(-414.7716411547185), 'scale': np.float64(550.4580310135754), 'gg': np.float64(1.0139074089799305)}
{'sample': {'all_values': array([195.03938447,  93.7860017 ,  54.99848233, 149.65765218,
       227.55234269, 348.30947078, 305.31525036, 160.81277113,
       132.83038602,  98.17200701, 230.44635884, 117.187631  ,
       189.36245494, 139.52194493, 181.68360004, 113.8393549 ,
       125.9628345 , 321.40676671,   7.55123619,  97.77816117,
        38.54287823, 108.91987893, 102.44610732, 137.95310901,
        42.76153124, 156.26268865,  16.75673716, 160.62359254,
       275.51567554, 205.30145296,  81.88560765, -31.24463681]), 'cal_values': array([195.03938447,  93.7860017 ,  54.99848233, 149.65765218,
       227.55234269, 348.30947078, 305.31525036, 160.81277113,
       132.83038602,  98.17200701, 230.44635884, 117.187631  ,
       189.36245494, 139.52194493, 181.68360004, 113.8393549 ,
       125.9628345 , 321.40676671,   7.55123619,  97.77816117,
        38.54287823, 108.91987893, 102.44610732, 137.95310901,
        42.76153124, 156.26268865,  16.75673716, 160.62359254,
       275.51567554, 205.30145296,  81.88560765, -31.24463681]), 'dates_all': DatetimeIndex(['1993-07-01', '1994-07-01', '1995-07-01', '1996-07-01',
               '1997-07-01', '1998-07-01', '1999-07-01', '2000-07-01',
               '2001-07-01', '2002-07-01', '2003-07-01', '2004-07-01',
               '2005-07-01', '2006-07-01', '2007-07-01', '2008-07-01',
               '2009-07-01', '2010-07-01', '2011-07-01', '2012-07-01',
               '2013-07-01', '2014-07-01', '2015-07-01', '2016-07-01',
               '2017-07-01', '2018-07-01', '2019-07-01', '2020-07-01',
               '2021-07-01', '2022-07-01', '2023-07-01', '2024-07-01'],
              dtype='datetime64[ns]', freq=None), 'dates_cal': DatetimeIndex(['1993-07-01', '1994-07-01', '1995-07-01', '1996-07-01',
               '1997-07-01', '1998-07-01', '1999-07-01', '2000-07-01',
               '2001-07-01', '2002-07-01', '2003-07-01', '2004-07-01',
               '2005-07-01', '2006-07-01', '2007-07-01', '2008-07-01',
               '2009-07-01', '2010-07-01', '2011-07-01', '2012-07-01',
               '2013-07-01', '2014-07-01', '2015-07-01', '2016-07-01',
               '2017-07-01', '2018-07-01', '2019-07-01', '2020-07-01',
               '2021-07-01', '2022-07-01', '2023-07-01', '2024-07-01'],
              dtype='datetime64[ns]', freq=None)}, 'fit': {'n': 32, 'sorted_values': array([-31.24463681,   7.55123619,  16.75673716,  38.54287823,
        42.76153124,  54.99848233,  81.88560765,  93.7860017 ,
        97.77816117,  98.17200701, 102.44610732, 108.91987893,
       113.8393549 , 117.187631  , 125.9628345 , 132.83038602,
       137.95310901, 139.52194493, 149.65765218, 156.26268865,
       160.62359254, 160.81277113, 181.68360004, 189.36245494,
       195.03938447, 205.30145296, 227.55234269, 230.44635884,
       275.51567554, 305.31525036, 321.40676671, 348.30947078]), 'w0': np.float64(143.34183482244987), 'w1': np.float64(97.20613591765982), 'w2': np.float64(74.09470085405424), 'denom': np.float64(-4.673224440816398), 'beta': np.float64(-10.928308207672544), 'loc': np.float64(-414.7716411547185), 'scale': np.float64(550.4580310135754), 'gg': np.float64(1.0139074089799305)}, 'cdf_cal': array([0.24618916, 0.70374961, 0.84969565, 0.43194707, 0.15621056,
       0.02740255, 0.05042272, 0.38041504, 0.51420822, 0.68381753,
       0.14984395, 0.59232156, 0.26564542, 0.48103818, 0.29379261,
       0.60887211, 0.54853872, 0.04003675, 0.9476379 , 0.68562963,
       0.89301262, 0.63291746, 0.66389242, 0.48877463, 0.8829491 ,
       0.40105919, 0.93463327, 0.38126213, 0.07772251, 0.21392687,
       0.75472672, 0.98108757]), 'spei_cal': array([-0.686531  ,  0.53521561,  1.03512892, -0.17141922, -1.01015482,
       -1.9204182 , -1.64076865, -0.30439094,  0.03562226,  0.47840083,
       -1.03710289,  0.23352098, -0.62603675, -0.04754813, -0.54233868,
        0.27638057,  0.12197026, -1.75025974,  1.62236978,  0.48350002,
        1.24270987,  0.3395903 ,  0.42310979, -0.02814155,  1.18985904,
       -0.25060648,  1.51121587, -0.30216766, -1.42055894, -0.79286971,
        0.68943977,  2.07674761]), 'cdf_all': array([0.24618916, 0.70374961, 0.84969565, 0.43194707, 0.15621056,
       0.02740255, 0.05042272, 0.38041504, 0.51420822, 0.68381753,
       0.14984395, 0.59232156, 0.26564542, 0.48103818, 0.29379261,
       0.60887211, 0.54853872, 0.04003675, 0.9476379 , 0.68562963,
       0.89301262, 0.63291746, 0.66389242, 0.48877463, 0.8829491 ,
       0.40105919, 0.93463327, 0.38126213, 0.07772251, 0.21392687,
       0.75472672, 0.98108757]), 'spei_all': array([-0.686531  ,  0.53521561,  1.03512892, -0.17141922, -1.01015482,
       -1.9204182 , -1.64076865, -0.30439094,  0.03562226,  0.47840083,
       -1.03710289,  0.23352098, -0.62603675, -0.04754813, -0.54233868,
        0.27638057,  0.12197026, -1.75025974,  1.62236978,  0.48350002,
        1.24270987,  0.3395903 ,  0.42310979, -0.02814155,  1.18985904,
       -0.25060648,  1.51121587, -0.30216766, -1.42055894, -0.79286971,
        0.68943977,  2.07674761]), 'cal_mean': np.float64(-0.007391621568758749), 'cal_std': np.float64(0.9926689988693499), 'all_mean': np.float64(-0.007391621568758749), 'all_std': np.float64(0.9926689988693499)}
n      = 32
min    = -31.244636810426925
max    = 348.30947078018767
mean   = 143.34183482244987
w0     = 143.34183482244987
w1     = 97.20613591765982
w2     = 74.09470085405424
denom  = -4.673224440816398
beta   = -10.928308207672544
g1     = 1.0618710875342878
g2     = 0.9548309779619943
gg     = 1.0139074089799305
scale  = 550.4580310135754
loc    = -414.7716411547185
{'beta': np.float64(10.928308207672544), 'loc': np.float64(-414.7716411547185), 'scale': np.float64(550.4580310135754)}
Done
