Loading atmos/cdo/2.3.0
  Loading requirement: ucx/1.13.1 mpi/openmpi/4.1.4 astro/hdf5/1.12.2
Input loaded
ET0 converted to monthly sum
Input data aligned
Balance computed
Balance grid-point selected
Fit:  {'n': 32, 'sorted_values': array([-41.12221942,  -7.33863149,  -0.32693394,  21.2169692 ,
        24.21888589,  35.03880521,  58.34288774,  68.97048985,
        73.57623098,  74.00734198,  78.04630529,  82.40350249,
        88.07124194,  91.49449215,  98.35742519, 106.78156942,
       109.63247597, 110.27225171, 121.57730972, 125.10439796,
       129.10868188, 129.39416813, 147.74773529, 156.85155243,
       160.55106913, 168.55601002, 190.29252994, 193.06520033,
       228.79215233, 256.45745894, 271.99462034, 294.42271911]), 'w0': np.float64(113.92370924093532), 'w1': np.float64(79.67405109868487), 'w2': np.float64(61.34045880242436), 'denom': np.float64(-3.922155463372178), 'beta': np.float64(-11.5814871135627), 'loc': np.float64(-412.1583124254182), 'scale': np.float64(519.65402936156), 'gg': np.float64(1.0123697536083591)}
{'sample': {'all_values': array([160.55106913,  68.97048985,  35.03880521, 121.57730972,
       190.29252994, 294.42271911, 256.45745894, 129.39416813,
       106.78156942,  73.57623098, 193.06520033,  91.49449215,
       156.85155243, 110.27225171, 147.74773529,  88.07124194,
        98.35742519, 271.99462034,  -7.33863149,  74.00734198,
        21.2169692 ,  82.40350249,  78.04630529, 109.63247597,
        24.21888589, 125.10439796,  -0.32693394, 129.10868188,
       228.79215233, 168.55601002,  58.34288774, -41.12221942]), 'cal_values': array([160.55106913,  68.97048985,  35.03880521, 121.57730972,
       190.29252994, 294.42271911, 256.45745894, 129.39416813,
       106.78156942,  73.57623098, 193.06520033,  91.49449215,
       156.85155243, 110.27225171, 147.74773529,  88.07124194,
        98.35742519, 271.99462034,  -7.33863149,  74.00734198,
        21.2169692 ,  82.40350249,  78.04630529, 109.63247597,
        24.21888589, 125.10439796,  -0.32693394, 129.10868188,
       228.79215233, 168.55601002,  58.34288774, -41.12221942]), 'dates_all': DatetimeIndex(['1993-07-01', '1994-07-01', '1995-07-01', '1996-07-01',
               '1997-07-01', '1998-07-01', '1999-07-01', '2000-07-01',
               '2001-07-01', '2002-07-01', '2003-07-01', '2004-07-01',
               '2005-07-01', '2006-07-01', '2007-07-01', '2008-07-01',
               '2009-07-01', '2010-07-01', '2011-07-01', '2012-07-01',
               '2013-07-01', '2014-07-01', '2015-07-01', '2016-07-01',
               '2017-07-01', '2018-07-01', '2019-07-01', '2020-07-01',
               '2021-07-01', '2022-07-01', '2023-07-01', '2024-07-01'],
              dtype='datetime64[ns]', freq=None), 'dates_cal': DatetimeIndex(['1993-07-01', '1994-07-01', '1995-07-01', '1996-07-01',
               '1997-07-01', '1998-07-01', '1999-07-01', '2000-07-01',
               '2001-07-01', '2002-07-01', '2003-07-01', '2004-07-01',
               '2005-07-01', '2006-07-01', '2007-07-01', '2008-07-01',
               '2009-07-01', '2010-07-01', '2011-07-01', '2012-07-01',
               '2013-07-01', '2014-07-01', '2015-07-01', '2016-07-01',
               '2017-07-01', '2018-07-01', '2019-07-01', '2020-07-01',
               '2021-07-01', '2022-07-01', '2023-07-01', '2024-07-01'],
              dtype='datetime64[ns]', freq=None)}, 'fit': {'n': 32, 'sorted_values': array([-41.12221942,  -7.33863149,  -0.32693394,  21.2169692 ,
        24.21888589,  35.03880521,  58.34288774,  68.97048985,
        73.57623098,  74.00734198,  78.04630529,  82.40350249,
        88.07124194,  91.49449215,  98.35742519, 106.78156942,
       109.63247597, 110.27225171, 121.57730972, 125.10439796,
       129.10868188, 129.39416813, 147.74773529, 156.85155243,
       160.55106913, 168.55601002, 190.29252994, 193.06520033,
       228.79215233, 256.45745894, 271.99462034, 294.42271911]), 'w0': np.float64(113.92370924093532), 'w1': np.float64(79.67405109868487), 'w2': np.float64(61.34045880242436), 'denom': np.float64(-3.922155463372178), 'beta': np.float64(-11.5814871135627), 'loc': np.float64(-412.1583124254182), 'scale': np.float64(519.65402936156), 'gg': np.float64(1.0123697536083591)}, 'cdf_cal': array([0.2449193 , 0.70932369, 0.85057525, 0.42319811, 0.15287345,
       0.02768747, 0.05121883, 0.3827137 , 0.50398169, 0.68605972,
       0.14611294, 0.58957867, 0.25906373, 0.48457598, 0.29649485,
       0.60854736, 0.55118912, 0.03972954, 0.94745685, 0.68384255,
       0.89116781, 0.63949678, 0.66277121, 0.4881212 , 0.88316808,
       0.40469488, 0.93662814, 0.38415745, 0.08093819, 0.21641984,
       0.75965548, 0.98018661]), 'spei_cal': array([-0.69056556,  0.55141004,  1.03890375, -0.19371861, -1.0241871 ,
       -1.91592259, -1.63314903, -0.29836134,  0.00998078,  0.48471213,
       -1.05325117,  0.22646128, -0.64623458, -0.03867193, -0.53450861,
        0.27553494,  0.12866623, -1.75383325,  1.62067992,  0.47847117,
        1.23276253,  0.35711403,  0.42003816, -0.02978013,  1.19097388,
       -0.24121336,  1.52706953, -0.29457979, -1.39878862, -0.78434161,
        0.70519475,  2.05761844]), 'cdf_all': array([0.2449193 , 0.70932369, 0.85057525, 0.42319811, 0.15287345,
       0.02768747, 0.05121883, 0.3827137 , 0.50398169, 0.68605972,
       0.14611294, 0.58957867, 0.25906373, 0.48457598, 0.29649485,
       0.60854736, 0.55118912, 0.03972954, 0.94745685, 0.68384255,
       0.89116781, 0.63949678, 0.66277121, 0.4881212 , 0.88316808,
       0.40469488, 0.93662814, 0.38415745, 0.08093819, 0.21641984,
       0.75965548, 0.98018661]), 'spei_all': array([-0.69056556,  0.55141004,  1.03890375, -0.19371861, -1.0241871 ,
       -1.91592259, -1.63314903, -0.29836134,  0.00998078,  0.48471213,
       -1.05325117,  0.22646128, -0.64623458, -0.03867193, -0.53450861,
        0.27553494,  0.12866623, -1.75383325,  1.62067992,  0.47847117,
        1.23276253,  0.35711403,  0.42003816, -0.02978013,  1.19097388,
       -0.24121336,  1.52706953, -0.29457979, -1.39878862, -0.78434161,
        0.70519475,  2.05761844]), 'cal_mean': np.float64(-0.007047366729516988), 'cal_std': np.float64(0.9922164978671465), 'all_mean': np.float64(-0.007047366729516988), 'all_std': np.float64(0.9922164978671465)}
n      = 32
min    = -41.12221942245846
max    = 294.42271910822285
mean   = 113.92370924093532
w0     = 113.92370924093532
w1     = 79.67405109868487
w2     = 61.34045880242436
denom  = -3.922155463372178
beta   = -11.5814871135627
g1     = 1.0578572335079923
g2     = 0.9570003602955091
gg     = 1.0123697536083591
scale  = 519.65402936156
loc    = -412.1583124254182
{'beta': np.float64(11.5814871135627), 'loc': np.float64(-412.1583124254182), 'scale': np.float64(519.65402936156)}
Done
