Traceback (most recent call last):
  File "<string>", line 1, in <module>
    import sys; from multiprocessing.forkserver import main; main(12, 13, ['__main__'], sys_argv=sys.argv[1:], **{'sys_path': ['/home/PERSONALE/alice.portal2/ALBATROSS_code/python', '/home/PERSONALE/alice.portal2/anaconda3/envs/xesmf_env/lib/python314.zip', '/home/PERSONALE/alice.portal2/anaconda3/envs/xesmf_env/lib/python3.14', '/home/PERSONALE/alice.portal2/anaconda3/envs/xesmf_env/lib/python3.14/lib-dynload', '/home/PERSONALE/alice.portal2/.local/lib/python3.14/site-packages', '/home/PERSONALE/alice.portal2/anaconda3/envs/xesmf_env/lib/python3.14/site-packages'], 'main_path': '/home/PERSONALE/alice.portal2/ALBATROSS_code/python/compute_spei.py', 'authkey_r': 15})
                                                             ~~~~^^^^^^^^^^^^^^^^^^^^^^^^^^^^^^^^^^^^^^^^^^^^^^^^^^^^^^^^^^^^^^^^^^^^^^^^^^^^^^^^^^^^^^^^^^^^^^^^^^^^^^^^^^^^^^^^^^^^^^^^^^^^^^^^^^^^^^^^^^^^^^^^^^^^^^^^^^^^^^^^^^^^^^^^^^^^^^^^^^^^^^^^^^^^^^^^^^^^^^^^^^^^^^^^^^^^^^^^^^^^^^^^^^^^^^^^^^^^^^^^^^^^^^^^^^^^^^^^^^^^^^^^^^^^^^^^^^^^^^^^^^^^^^^^^^^^^^^^^^^^^^^^^^^^^^^^^^^^^^^^^^^^^^^^^^^^^^^^^^^^^^^^^^^^^^^^^^^^^^^^^^^^^^^^^^^^^^^^^^^^^^^^^^^^^^^^^^^^^^^^^^^^^^^^^^^^^^^^^^^^^^^^^^^^^^^^^^^^^^^^^^^^^^^^^^^^^^^^^^^^^^^^^^^^^^^^^^^^^^^^^^^^^^^^^^^^^^^^^^^^^^^^^^^^^^^^^^^^^^^^^^^^^^^^^^^^^^^^^^^^^^^^^^^^^^^^^^^^^^^^^^^^^^^^^^^^^^^^^^^^^^^^^^^^^^^^^^^^^^^^^^^^^^^^^
  File "/home/PERSONALE/alice.portal2/anaconda3/envs/xesmf_env/lib/python3.14/multiprocessing/forkserver.py", line 230, in main
    spawn.import_main_path(main_path)
    ~~~~~~~~~~~~~~~~~~~~~~^^^^^^^^^^^
  File "/home/PERSONALE/alice.portal2/anaconda3/envs/xesmf_env/lib/python3.14/multiprocessing/spawn.py", line 307, in import_main_path
    _fixup_main_from_path(main_path)
    ~~~~~~~~~~~~~~~~~~~~~^^^^^^^^^^^
  File "/home/PERSONALE/alice.portal2/anaconda3/envs/xesmf_env/lib/python3.14/multiprocessing/spawn.py", line 297, in _fixup_main_from_path
    main_content = runpy.run_path(main_path,
                                  run_name="__mp_main__")
  File "<frozen runpy>", line 294, in run_path
  File "<frozen runpy>", line 98, in _run_module_code
  File "<frozen runpy>", line 88, in _run_code
  File "/home/PERSONALE/alice.portal2/ALBATROSS_code/python/compute_spei.py", line 59, in <module>
    spei = fSPEI.compute_spei(balance_test, scale=scale, cal_start=cal_start, cal_end=cal_end)
  File "/home/PERSONALE/alice.portal2/ALBATROSS_code/python/functions_spei.py", line 197, in compute_spei
    with Pool(processes=n_workers) as pool:
         ~~~~^^^^^^^^^^^^^^^^^^^^^
  File "/home/PERSONALE/alice.portal2/anaconda3/envs/xesmf_env/lib/python3.14/multiprocessing/context.py", line 119, in Pool
    return Pool(processes, initializer, initargs, maxtasksperchild,
                context=self.get_context())
  File "/home/PERSONALE/alice.portal2/anaconda3/envs/xesmf_env/lib/python3.14/multiprocessing/pool.py", line 215, in __init__
    self._repopulate_pool()
    ~~~~~~~~~~~~~~~~~~~~~^^
  File "/home/PERSONALE/alice.portal2/anaconda3/envs/xesmf_env/lib/python3.14/multiprocessing/pool.py", line 306, in _repopulate_pool
    return self._repopulate_pool_static(self._ctx, self.Process,
           ~~~~~~~~~~~~~~~~~~~~~~~~~~~~^^^^^^^^^^^^^^^^^^^^^^^^^
                                        self._processes,
                                        ^^^^^^^^^^^^^^^^
    ...<3 lines>...
                                        self._maxtasksperchild,
                                        ^^^^^^^^^^^^^^^^^^^^^^^
                                        self._wrap_exception)
                                        ^^^^^^^^^^^^^^^^^^^^^
  File "/home/PERSONALE/alice.portal2/anaconda3/envs/xesmf_env/lib/python3.14/multiprocessing/pool.py", line 329, in _repopulate_pool_static
    w.start()
    ~~~~~~~^^
  File "/home/PERSONALE/alice.portal2/anaconda3/envs/xesmf_env/lib/python3.14/multiprocessing/process.py", line 121, in start
    self._popen = self._Popen(self)
                  ~~~~~~~~~~~^^^^^^
  File "/home/PERSONALE/alice.portal2/anaconda3/envs/xesmf_env/lib/python3.14/multiprocessing/context.py", line 306, in _Popen
    return Popen(process_obj)
  File "/home/PERSONALE/alice.portal2/anaconda3/envs/xesmf_env/lib/python3.14/multiprocessing/popen_forkserver.py", line 35, in __init__
    super().__init__(process_obj)
    ~~~~~~~~~~~~~~~~^^^^^^^^^^^^^
  File "/home/PERSONALE/alice.portal2/anaconda3/envs/xesmf_env/lib/python3.14/multiprocessing/popen_fork.py", line 20, in __init__
    self._launch(process_obj)
    ~~~~~~~~~~~~^^^^^^^^^^^^^
  File "/home/PERSONALE/alice.portal2/anaconda3/envs/xesmf_env/lib/python3.14/multiprocessing/popen_forkserver.py", line 42, in _launch
    prep_data = spawn.get_preparation_data(process_obj._name)
  File "/home/PERSONALE/alice.portal2/anaconda3/envs/xesmf_env/lib/python3.14/multiprocessing/spawn.py", line 164, in get_preparation_data
    _check_not_importing_main()
    ~~~~~~~~~~~~~~~~~~~~~~~~~^^
  File "/home/PERSONALE/alice.portal2/anaconda3/envs/xesmf_env/lib/python3.14/multiprocessing/spawn.py", line 140, in _check_not_importing_main
    raise RuntimeError('''
    ...<16 lines>...
    ''')
RuntimeError: 
        An attempt has been made to start a new process before the
        current process has finished its bootstrapping phase.

        This probably means that you are not using fork to start your
        child processes and you have forgotten to use the proper idiom
        in the main module:

            if __name__ == '__main__':
                freeze_support()
                ...

        The "freeze_support()" line can be omitted if the program
        is not going to be frozen to produce an executable.

        To fix this issue, refer to the "Safe importing of main module"
        section in https://docs.python.org/3/library/multiprocessing.html
        
Traceback (most recent call last):
  File "/home/PERSONALE/alice.portal2/ALBATROSS_code/python/compute_spei.py", line 59, in <module>
    spei = fSPEI.compute_spei(balance_test, scale=scale, cal_start=cal_start, cal_end=cal_end)
  File "/home/PERSONALE/alice.portal2/ALBATROSS_code/python/functions_spei.py", line 197, in compute_spei
    with Pool(processes=n_workers) as pool:
         ~~~~^^^^^^^^^^^^^^^^^^^^^
  File "/home/PERSONALE/alice.portal2/anaconda3/envs/xesmf_env/lib/python3.14/multiprocessing/context.py", line 119, in Pool
    return Pool(processes, initializer, initargs, maxtasksperchild,
                context=self.get_context())
  File "/home/PERSONALE/alice.portal2/anaconda3/envs/xesmf_env/lib/python3.14/multiprocessing/pool.py", line 215, in __init__
    self._repopulate_pool()
    ~~~~~~~~~~~~~~~~~~~~~^^
  File "/home/PERSONALE/alice.portal2/anaconda3/envs/xesmf_env/lib/python3.14/multiprocessing/pool.py", line 306, in _repopulate_pool
    return self._repopulate_pool_static(self._ctx, self.Process,
           ~~~~~~~~~~~~~~~~~~~~~~~~~~~~^^^^^^^^^^^^^^^^^^^^^^^^^
                                        self._processes,
                                        ^^^^^^^^^^^^^^^^
    ...<3 lines>...
                                        self._maxtasksperchild,
                                        ^^^^^^^^^^^^^^^^^^^^^^^
                                        self._wrap_exception)
                                        ^^^^^^^^^^^^^^^^^^^^^
  File "/home/PERSONALE/alice.portal2/anaconda3/envs/xesmf_env/lib/python3.14/multiprocessing/pool.py", line 329, in _repopulate_pool_static
    w.start()
    ~~~~~~~^^
  File "/home/PERSONALE/alice.portal2/anaconda3/envs/xesmf_env/lib/python3.14/multiprocessing/process.py", line 121, in start
    self._popen = self._Popen(self)
                  ~~~~~~~~~~~^^^^^^
  File "/home/PERSONALE/alice.portal2/anaconda3/envs/xesmf_env/lib/python3.14/multiprocessing/context.py", line 306, in _Popen
    return Popen(process_obj)
  File "/home/PERSONALE/alice.portal2/anaconda3/envs/xesmf_env/lib/python3.14/multiprocessing/popen_forkserver.py", line 35, in __init__
    super().__init__(process_obj)
    ~~~~~~~~~~~~~~~~^^^^^^^^^^^^^
  File "/home/PERSONALE/alice.portal2/anaconda3/envs/xesmf_env/lib/python3.14/multiprocessing/popen_fork.py", line 20, in __init__
    self._launch(process_obj)
    ~~~~~~~~~~~~^^^^^^^^^^^^^
  File "/home/PERSONALE/alice.portal2/anaconda3/envs/xesmf_env/lib/python3.14/multiprocessing/popen_forkserver.py", line 51, in _launch
    self.sentinel, w = forkserver.connect_to_new_process(self._fds)
                       ~~~~~~~~~~~~~~~~~~~~~~~~~~~~~~~~~^^^^^^^^^^^
  File "/home/PERSONALE/alice.portal2/anaconda3/envs/xesmf_env/lib/python3.14/multiprocessing/forkserver.py", line 106, in connect_to_new_process
    connection.answer_challenge(
    ~~~~~~~~~~~~~~~~~~~~~~~~~~~^
            wrapped_client, self._forkserver_authkey)
            ^^^^^^^^^^^^^^^^^^^^^^^^^^^^^^^^^^^^^^^^^
  File "/home/PERSONALE/alice.portal2/anaconda3/envs/xesmf_env/lib/python3.14/multiprocessing/connection.py", line 995, in answer_challenge
    message = connection.recv_bytes(256)         # reject large message
  File "/home/PERSONALE/alice.portal2/anaconda3/envs/xesmf_env/lib/python3.14/multiprocessing/connection.py", line 226, in recv_bytes
    buf = self._recv_bytes(maxlength)
  File "/home/PERSONALE/alice.portal2/anaconda3/envs/xesmf_env/lib/python3.14/multiprocessing/connection.py", line 451, in _recv_bytes
    buf = self._recv(4)
  File "/home/PERSONALE/alice.portal2/anaconda3/envs/xesmf_env/lib/python3.14/multiprocessing/connection.py", line 416, in _recv
    chunk = read(handle, to_read)
ConnectionResetError: [Errno 104] Connection reset by peer
