Loading atmos/cdo/2.3.0
  Loading requirement: ucx/1.13.1 mpi/openmpi/4.1.4 astro/hdf5/1.12.2
Input loaded
ET0 converted to monthly sum
Input data aligned
Balance computed
Balance grid-point selected
Fit:  {'n': 31, 'sorted_values': array([-91.28105154, -28.83426236,  26.93005464,  33.51706248,
        62.11512378,  66.48850926,  77.47070558,  86.48431022,
        97.77577784, 116.45962692, 125.42240746, 141.69843614,
       148.81022268, 225.14276523, 234.46285261, 253.0714218 ,
       272.12394121, 323.761899  , 324.18822969, 330.67350184,
       363.23060527, 366.01350508, 386.73923454, 386.88304478,
       398.32419158, 403.91981372, 409.93139918, 511.93717769,
       581.48547363, 680.4899292 , 700.7277832 ]), 'w0': np.float64(258.5859255593842), 'w1': np.float64(186.79633745902098), 'w2': np.float64(145.3954447850239), 'denom': np.float64(-10.180569515401658), 'beta': np.float64(-11.296691131539351), 'loc': np.float64(-1040.609799987734), 'scale': np.float64(1282.5139979777832), 'gg': np.float64(1.013007053019022)}
{'sample': {'all_values': array([ 77.47070558, 225.14276523, 272.12394121, 253.0714218 ,
       125.42240746, 403.91981372, -91.28105154, 330.67350184,
       511.93717769, 581.48547363, 366.01350508, 700.7277832 ,
       363.23060527, 324.18822969,  66.48850926,  97.77577784,
       234.46285261,  26.93005464,  33.51706248, 386.88304478,
       148.81022268, 680.4899292 , 386.73923454,  62.11512378,
       116.45962692, 141.69843614, 398.32419158, 409.93139918,
                nan, 323.761899  ,  86.48431022, -28.83426236]), 'cal_values': array([ 77.47070558, 225.14276523, 272.12394121, 253.0714218 ,
       125.42240746, 403.91981372, -91.28105154, 330.67350184,
       511.93717769, 581.48547363, 366.01350508, 700.7277832 ,
       363.23060527, 324.18822969,  66.48850926,  97.77577784,
       234.46285261,  26.93005464,  33.51706248, 386.88304478,
       148.81022268, 680.4899292 , 386.73923454,  62.11512378,
       116.45962692, 141.69843614, 398.32419158, 409.93139918,
                nan, 323.761899  ,  86.48431022, -28.83426236]), 'dates_all': DatetimeIndex(['1993-12-01', '1994-12-01', '1995-12-01', '1996-12-01',
               '1997-12-01', '1998-12-01', '1999-12-01', '2000-12-01',
               '2001-12-01', '2002-12-01', '2003-12-01', '2004-12-01',
               '2005-12-01', '2006-12-01', '2007-12-01', '2008-12-01',
               '2009-12-01', '2010-12-01', '2011-12-01', '2012-12-01',
               '2013-12-01', '2014-12-01', '2015-12-01', '2016-12-01',
               '2017-12-01', '2018-12-01', '2019-12-01', '2020-12-01',
               '2021-12-01', '2022-12-01', '2023-12-01', '2024-12-01'],
              dtype='datetime64[ns]', freq=None), 'dates_cal': DatetimeIndex(['1993-12-01', '1994-12-01', '1995-12-01', '1996-12-01',
               '1997-12-01', '1998-12-01', '1999-12-01', '2000-12-01',
               '2001-12-01', '2002-12-01', '2003-12-01', '2004-12-01',
               '2005-12-01', '2006-12-01', '2007-12-01', '2008-12-01',
               '2009-12-01', '2010-12-01', '2011-12-01', '2012-12-01',
               '2013-12-01', '2014-12-01', '2015-12-01', '2016-12-01',
               '2017-12-01', '2018-12-01', '2019-12-01', '2020-12-01',
               '2021-12-01', '2022-12-01', '2023-12-01', '2024-12-01'],
              dtype='datetime64[ns]', freq=None)}, 'fit': {'n': 31, 'sorted_values': array([-91.28105154, -28.83426236,  26.93005464,  33.51706248,
        62.11512378,  66.48850926,  77.47070558,  86.48431022,
        97.77577784, 116.45962692, 125.42240746, 141.69843614,
       148.81022268, 225.14276523, 234.46285261, 253.0714218 ,
       272.12394121, 323.761899  , 324.18822969, 330.67350184,
       363.23060527, 366.01350508, 386.73923454, 386.88304478,
       398.32419158, 403.91981372, 409.93139918, 511.93717769,
       581.48547363, 680.4899292 , 700.7277832 ]), 'w0': np.float64(258.5859255593842), 'w1': np.float64(186.79633745902098), 'w2': np.float64(145.3954447850239), 'denom': np.float64(-10.180569515401658), 'beta': np.float64(-11.296691131539351), 'loc': np.float64(-1040.609799987734), 'scale': np.float64(1282.5139979777832), 'gg': np.float64(1.013007053019022)}, 'cdf_cal': array([0.82491457, 0.53708477, 0.43460301, 0.4755351 , 0.74566424,
       0.20687409, 0.96765127, 0.31950906, 0.10353862, 0.06577036,
       0.26048041, 0.0306236 , 0.26481294, 0.33126346, 0.84044121,
       0.79358814, 0.5164281 , 0.88820662, 0.88111826, 0.22972818,
       0.70083516, 0.03479648, 0.22992964, 0.84634645, 0.76183899,
       0.7148436 , 0.21416046, 0.1992822 ,        nan, 0.33204578,
       0.81142569, 0.93575322]), 'spei_cal': array([ 0.93425792,  0.093092  , -0.1646671 , -0.0613629 ,  0.66090768,
       -0.81731546,  1.84734291, -0.46907206, -1.2616431 , -1.50805394,
       -0.64186503, -1.87170667, -0.62857723, -0.43642705,  0.99627288,
        0.81893462,  0.04119078,  1.21704591,  1.18059544, -0.73974232,
        0.52680403, -1.81455091, -0.73907859,  1.02088887,  0.71223057,
        0.56759087, -0.79206819, -0.84418792,         nan, -0.43427114,
        0.88316223,  1.5200693 ]), 'cdf_all': array([0.82491457, 0.53708477, 0.43460301, 0.4755351 , 0.74566424,
       0.20687409, 0.96765127, 0.31950906, 0.10353862, 0.06577036,
       0.26048041, 0.0306236 , 0.26481294, 0.33126346, 0.84044121,
       0.79358814, 0.5164281 , 0.88820662, 0.88111826, 0.22972818,
       0.70083516, 0.03479648, 0.22992964, 0.84634645, 0.76183899,
       0.7148436 , 0.21416046, 0.1992822 ,        nan, 0.33204578,
       0.81142569, 0.93575322]), 'spei_all': array([ 0.93425792,  0.093092  , -0.1646671 , -0.0613629 ,  0.66090768,
       -0.81731546,  1.84734291, -0.46907206, -1.2616431 , -1.50805394,
       -0.64186503, -1.87170667, -0.62857723, -0.43642705,  0.99627288,
        0.81893462,  0.04119078,  1.21704591,  1.18059544, -0.73974232,
        0.52680403, -1.81455091, -0.73907859,  1.02088887,  0.71223057,
        0.56759087, -0.79206819, -0.84418792,         nan, -0.43427114,
        0.88316223,  1.5200693 ]), 'cal_mean': np.float64(-0.006587213506367445), 'cal_std': np.float64(0.9951500825442331), 'all_mean': np.float64(-0.006587213506367445), 'all_std': np.float64(0.9951500825442331)}
n      = 31
min    = -91.28105153552708
max    = 700.727783203125
mean   = 258.5859255593842
w0     = 258.5859255593842
w1     = 186.79633745902098
w2     = 145.3954447850239
denom  = -10.180569515401658
beta   = -11.296691131539351
g1     = 1.059541916916263
g2     = 0.9560802048939432
gg     = 1.013007053019022
scale  = 1282.5139979777832
loc    = -1040.609799987734
{'beta': np.float64(11.296691131539351), 'loc': np.float64(-1040.609799987734), 'scale': np.float64(1282.5139979777832)}
Done
