[ECMWF-INFO -ecprofile] /usr/bin/bash NON_INTERACTIVE on ac6-180 at 20260909_130549.641, PID: 3522059, JOBID: 34966148
[ECMWF-INFO -ecprofile] $SCRATCH=/ec/res4/scratch/ecme4047
[ECMWF-INFO -ecprofile] $PERM=/perm/ecme4047
[ECMWF-INFO -ecprofile] $HPCPERM=/ec/res4/hpcperm/ecme4047
[ECMWF-INFO -ecprofile] $TMPDIR=/etc/ecmwf/ssd/ssd1/tmpdirs/ecme4047.34966148
[ECMWF-INFO -ecprofile] $SCRATCHDIR=/ec/res4/scratchdir/ecme4047/4/34966148

Lmod is automatically replacing "prgenv/gnu" with "conda/26.1.1-3".

-------------------------------------------------------------------------------
There are messages associated with the following module(s):
-------------------------------------------------------------------------------

conda/26.1.1-3:
   Using conda effectively disables any other loaded modules. Use "module
   reset" to return to the default environment.

-------------------------------------------------------------------------------

/perm/ecme4047/conda/envs/xesmf_env/lib/python3.14/site-packages/matplotlib/axes/_axes.py:7551: RuntimeWarning: invalid value encountered in multiply
  boffset = -0.5 * dr * totwidth * (1 - 1 / nx)
/perm/ecme4047/conda/envs/xesmf_env/lib/python3.14/site-packages/matplotlib/axes/_axes.py:7551: RuntimeWarning: invalid value encountered in multiply
  boffset = -0.5 * dr * totwidth * (1 - 1 / nx)
/perm/ecme4047/conda/envs/xesmf_env/lib/python3.14/site-packages/matplotlib/axes/_axes.py:7551: RuntimeWarning: invalid value encountered in multiply
  boffset = -0.5 * dr * totwidth * (1 - 1 / nx)
/perm/ecme4047/conda/envs/xesmf_env/lib/python3.14/site-packages/matplotlib/axes/_axes.py:7551: RuntimeWarning: invalid value encountered in multiply
  boffset = -0.5 * dr * totwidth * (1 - 1 / nx)
[ECMWF-INFO -ecepilog] ----------------------------------------------------------------------------------------------------
[ECMWF-INFO -ecepilog] This is the ECMWF job Epilogue
[ECMWF-INFO -ecepilog] +++ Please report issues using the Support portal +++
[ECMWF-INFO -ecepilog] +++ https://support.ecmwf.int                     +++
[ECMWF-INFO -ecepilog] ----------------------------------------------------------------------------------------------------
[ECMWF-INFO -ecepilog] Run at 2026-09-09T13:06:02 on ac
[ECMWF-INFO -ecepilog] JobName                   : python
[ECMWF-INFO -ecepilog] JobID                     : 34966148
[ECMWF-INFO -ecepilog] Submit                    : 2026-09-09T13:05:37
[ECMWF-INFO -ecepilog] Start                     : 2026-09-09T13:05:46
[ECMWF-INFO -ecepilog] End                       : 2026-09-09T13:06:02
[ECMWF-INFO -ecepilog] QueuedTime                : 9.0
[ECMWF-INFO -ecepilog] ElapsedRaw                : 16
[ECMWF-INFO -ecepilog] ExitCode                  : 0:0
[ECMWF-INFO -ecepilog] DerivedExitCode           : 0:0
[ECMWF-INFO -ecepilog] State                     : COMPLETED
[ECMWF-INFO -ecepilog] Account                   : spitport
[ECMWF-INFO -ecepilog] QOS                       : nf
[ECMWF-INFO -ecepilog] User                      : ecme4047
[ECMWF-INFO -ecepilog] StdOut                    : /etc/ecmwf/nfs/dh1_home_b/ecme4047/ALBATROSS_code/slurm/logs/python_34966148.out
[ECMWF-INFO -ecepilog] StdErr                    : /etc/ecmwf/nfs/dh1_home_b/ecme4047/ALBATROSS_code/slurm/logs/python_34966148.err
[ECMWF-INFO -ecepilog] NNodes                    : 1
[ECMWF-INFO -ecepilog] NCPUS                     : 2
[ECMWF-INFO -ecepilog] SBU                       : 0.076
[ECMWF-INFO -ecepilog] jobtag                    : ecme4047-python-1x2-/etc/ecmwf/nfs/dh1_home_b/ecme4047/ALBATROSS_code/slurm/logs/python__JOBID_.out
[ECMWF-INFO -ecepilog] ----------------------------------------------------------------------------------------------------

