[2m2026-07-30T06:13:00.768305Z[0m [[32m[1minfo     [0m] [1mStart time:    2026-07-30 08:13:00.768011[0m [[0m[1m[34mclimate_indices.__main__[0m][0m
[2m2026-07-30T06:13:01.298072Z[0m [[31m[1merror    [0m] [1mInvalid precipitation variable name: 'precipitation'does not exist in precipitation file '/home/PERSONALE/alice.portal2/scratch/ERA5-Land/ET0/monthly/precip_monthly_1993-2024_Madagascar.nc'[0m [[0m[1m[34mclimate_indices.__main__[0m][0m
[2m2026-07-30T06:13:01.299905Z[0m [[31m[1merror    [0m] [1mFailed to complete            [0m [[0m[1m[34mclimate_indices.__main__[0m][0m
Traceback (most recent call last):
  File "/home/PERSONALE/alice.portal2/anaconda3/envs/climate-indices/lib/python3.11/site-packages/climate_indices/__main__.py", line 1634, in process_climate_indices
    input_type = _validate_args(arguments)
                 ^^^^^^^^^^^^^^^^^^^^^^^^^
  File "/home/PERSONALE/alice.portal2/anaconda3/envs/climate-indices/lib/python3.11/site-packages/climate_indices/__main__.py", line 116, in _validate_args
    raise ValueError(msg)
ValueError: Invalid precipitation variable name: 'precipitation'does not exist in precipitation file '/home/PERSONALE/alice.portal2/scratch/ERA5-Land/ET0/monthly/precip_monthly_1993-2024_Madagascar.nc'
[2m2026-07-30T06:13:01.301683Z[0m [[31m[1merror    [0m] [1mFailed to complete            [0m [[0m[1m[34mclimate_indices.__main__[0m][0m
Traceback (most recent call last):
  File "/home/PERSONALE/alice.portal2/anaconda3/envs/climate-indices/lib/python3.11/site-packages/climate_indices/__main__.py", line 1597, in main
    process_climate_indices(arguments=arguments)
  File "/home/PERSONALE/alice.portal2/anaconda3/envs/climate-indices/lib/python3.11/site-packages/climate_indices/__main__.py", line 1634, in process_climate_indices
    input_type = _validate_args(arguments)
                 ^^^^^^^^^^^^^^^^^^^^^^^^^
  File "/home/PERSONALE/alice.portal2/anaconda3/envs/climate-indices/lib/python3.11/site-packages/climate_indices/__main__.py", line 116, in _validate_args
    raise ValueError(msg)
ValueError: Invalid precipitation variable name: 'precipitation'does not exist in precipitation file '/home/PERSONALE/alice.portal2/scratch/ERA5-Land/ET0/monthly/precip_monthly_1993-2024_Madagascar.nc'
Traceback (most recent call last):
  File "/home/PERSONALE/alice.portal2/anaconda3/envs/climate-indices/bin/process_climate_indices", line 6, in <module>
    sys.exit(main())
             ^^^^^^
  File "/home/PERSONALE/alice.portal2/anaconda3/envs/climate-indices/lib/python3.11/site-packages/climate_indices/__main__.py", line 1597, in main
    process_climate_indices(arguments=arguments)
  File "/home/PERSONALE/alice.portal2/anaconda3/envs/climate-indices/lib/python3.11/site-packages/climate_indices/__main__.py", line 1634, in process_climate_indices
    input_type = _validate_args(arguments)
                 ^^^^^^^^^^^^^^^^^^^^^^^^^
  File "/home/PERSONALE/alice.portal2/anaconda3/envs/climate-indices/lib/python3.11/site-packages/climate_indices/__main__.py", line 116, in _validate_args
    raise ValueError(msg)
ValueError: Invalid precipitation variable name: 'precipitation'does not exist in precipitation file '/home/PERSONALE/alice.portal2/scratch/ERA5-Land/ET0/monthly/precip_monthly_1993-2024_Madagascar.nc'
