/var/spool/slurmd/job260838/slurm_script: line 10: /home/PERSONALE/alice.portal2/miniconda3/etc/profile.d/conda.sh: No such file or directory

CondaError: Run 'conda init' before 'conda activate'

[2m2026-07-30T06:08:24.925082Z[0m [[32m[1minfo     [0m] [1mStart time:    2026-07-30 08:08:24.924810[0m [[0m[1m[34mclimate_indices.__main__[0m][0m
usage: process_climate_indices [-h] --index
                               {spi,spei,pnp,scaled,pet,palmers,all}
                               --periodicity {monthly,daily}
                               [--scales [SCALES ...]]
                               [--calibration_start_year CALIBRATION_START_YEAR]
                               [--calibration_end_year CALIBRATION_END_YEAR]
                               [--netcdf_precip NETCDF_PRECIP]
                               [--var_name_precip VAR_NAME_PRECIP]
                               [--netcdf_temp NETCDF_TEMP]
                               [--var_name_temp VAR_NAME_TEMP]
                               [--netcdf_pet NETCDF_PET]
                               [--var_name_pet VAR_NAME_PET]
                               [--netcdf_awc NETCDF_AWC]
                               [--var_name_awc VAR_NAME_AWC]
                               --output_file_base OUTPUT_FILE_BASE
                               [--multiprocessing {single,all_but_one,all}]
                               [--chunksizes {none,input}]
process_climate_indices: error: the following arguments are required: --output_file_base
