[2m2026-07-30T08:24:24.767297Z[0m [[32m[1minfo     [0m] [1mStart time:    2026-07-30 10:24:24.767022[0m [[0m[1m[34mclimate_indices.__main__[0m][0m
[2m2026-07-30T08:24:25.093948Z[0m [[31m[1merror    [0m] [1mInvalid dimensions of the precipitation variable: ('time', 'latitude', 'longitude')
Valid dimension names and order: [('lat', 'lon', 'time'), ('time', 'lat', 'lon'), ('time', 'division'), ('division', 'time')][0m [[0m[1m[34mclimate_indices.__main__[0m][0m
[2m2026-07-30T08:24:25.096045Z[0m [[31m[1merror    [0m] [1mFailed to complete            [0m [[0m[1m[34mclimate_indices.__main__[0m][0m
Traceback (most recent call last):
  File "/home/PERSONALE/alice.portal2/anaconda3/envs/climate-indices/lib/python3.11/site-packages/climate_indices/__main__.py", line 1634, in process_climate_indices
    input_type = _validate_args(arguments)
                 ^^^^^^^^^^^^^^^^^^^^^^^^^
  File "/home/PERSONALE/alice.portal2/anaconda3/envs/climate-indices/lib/python3.11/site-packages/climate_indices/__main__.py", line 133, in _validate_args
    raise ValueError(msg)
ValueError: Invalid dimensions of the precipitation variable: ('time', 'latitude', 'longitude')
Valid dimension names and order: [('lat', 'lon', 'time'), ('time', 'lat', 'lon'), ('time', 'division'), ('division', 'time')]
[2m2026-07-30T08:24:25.097681Z[0m [[31m[1merror    [0m] [1mFailed to complete            [0m [[0m[1m[34mclimate_indices.__main__[0m][0m
Traceback (most recent call last):
  File "/home/PERSONALE/alice.portal2/anaconda3/envs/climate-indices/lib/python3.11/site-packages/climate_indices/__main__.py", line 1597, in main
    process_climate_indices(arguments=arguments)
  File "/home/PERSONALE/alice.portal2/anaconda3/envs/climate-indices/lib/python3.11/site-packages/climate_indices/__main__.py", line 1634, in process_climate_indices
    input_type = _validate_args(arguments)
                 ^^^^^^^^^^^^^^^^^^^^^^^^^
  File "/home/PERSONALE/alice.portal2/anaconda3/envs/climate-indices/lib/python3.11/site-packages/climate_indices/__main__.py", line 133, in _validate_args
    raise ValueError(msg)
ValueError: Invalid dimensions of the precipitation variable: ('time', 'latitude', 'longitude')
Valid dimension names and order: [('lat', 'lon', 'time'), ('time', 'lat', 'lon'), ('time', 'division'), ('division', 'time')]
Traceback (most recent call last):
  File "/home/PERSONALE/alice.portal2/anaconda3/envs/climate-indices/bin/process_climate_indices", line 6, in <module>
    sys.exit(main())
             ^^^^^^
  File "/home/PERSONALE/alice.portal2/anaconda3/envs/climate-indices/lib/python3.11/site-packages/climate_indices/__main__.py", line 1597, in main
    process_climate_indices(arguments=arguments)
  File "/home/PERSONALE/alice.portal2/anaconda3/envs/climate-indices/lib/python3.11/site-packages/climate_indices/__main__.py", line 1634, in process_climate_indices
    input_type = _validate_args(arguments)
                 ^^^^^^^^^^^^^^^^^^^^^^^^^
  File "/home/PERSONALE/alice.portal2/anaconda3/envs/climate-indices/lib/python3.11/site-packages/climate_indices/__main__.py", line 133, in _validate_args
    raise ValueError(msg)
ValueError: Invalid dimensions of the precipitation variable: ('time', 'latitude', 'longitude')
Valid dimension names and order: [('lat', 'lon', 'time'), ('time', 'lat', 'lon'), ('time', 'division'), ('division', 'time')]
