Loading atmos/cdo/2.3.0
  Loading requirement: ucx/1.13.1 mpi/openmpi/4.1.4 astro/hdf5/1.12.2
[1784438913.314561] [mtx15:349963:0]        ib_iface.c:2085 UCX  WARN  ibv_query_port_speed(mlx5_0:1/IB, port_num=1) failed: Protocol not supported
[1784438913.319906] [mtx15:349963:0]        ib_iface.c:2085 UCX  WARN  ibv_query_port_speed(mlx5_0:1/IB, port_num=1) failed: Protocol not supported
[1784438913.343720] [mtx15:349963:0]        ib_iface.c:2085 UCX  WARN  ibv_query_port_speed(mlx5_0:1/IB, port_num=1) failed: Protocol not supported
[1784438913.347273] [mtx15:349963:0]        ib_iface.c:2085 UCX  WARN  ibv_query_port_speed(mlx5_0:1/IB, port_num=1) failed: Protocol not supported
[1784438913.352971] [mtx15:349963:0]        ib_iface.c:2085 UCX  WARN  ibv_query_port_speed(mlx5_0:1/IB, port_num=1) failed: Protocol not supported
[1784438913.361710] [mtx15:349963:0]        ib_iface.c:2085 UCX  WARN                ibv_query_port_speed(mlx5_0:1/IB, port_num=1) failed: Protocol not supported
[1784438913.361737] [mtx15:349963:0]        ib_iface.c:2085 UCX  WARN                ibv_query_port_speed(mlx5_0:1/IB, port_num=1) failed: Protocol not supported
[1784438913.371077] [mtx15:349963:0]        ib_iface.c:2085 UCX  WARN                ibv_query_port_speed(mlx5_0:1/IB, port_num=1) failed: Protocol not supported
[1784438913.371107] [mtx15:349963:0]        ib_iface.c:2085 UCX  WARN                ibv_query_port_speed(mlx5_0:1/IB, port_num=1) failed: Protocol not supported
[1784438913.371213] [mtx15:349963:0]        ib_iface.c:2085 UCX  WARN                ibv_query_port_speed(mlx5_0:1/IB, port_num=1) failed: Protocol not supported
[1784438913.371233] [mtx15:349963:0]        ib_iface.c:2085 UCX  WARN                ibv_query_port_speed(mlx5_0:1/IB, port_num=1) failed: Protocol not supported
[1784438913.371302] [mtx15:349963:0]        ib_iface.c:2085 UCX  WARN              ibv_query_port_speed(mlx5_0:1/IB, port_num=1) failed: Protocol not supported
[1784438913.371356] [mtx15:349963:0]        ib_iface.c:2085 UCX  WARN                  ibv_query_port_speed(mlx5_0:1/IB, port_num=1) failed: Protocol not supported
[1784438913.371844] [mtx15:349963:0]        ib_iface.c:2085 UCX  WARN              ibv_query_port_speed(mlx5_0:1/IB, port_num=1) failed: Protocol not supported
[1784438913.371899] [mtx15:349963:0]        ib_iface.c:2085 UCX  WARN                  ibv_query_port_speed(mlx5_0:1/IB, port_num=1) failed: Protocol not supported
<xarray.DataArray 't2m' (valid_time: 12, latitude: 159, longitude: 90)> Size: 687kB
array([[[nan, nan, nan, ..., nan, nan, nan],
        [nan, nan, nan, ..., nan, nan, nan],
        [nan, nan, nan, ..., nan, nan, nan],
        ...,
        [nan, nan, nan, ..., nan, nan, nan],
        [nan, nan, nan, ..., nan, nan, nan],
        [nan, nan, nan, ..., nan, nan, nan]],

       [[nan, nan, nan, ..., nan, nan, nan],
        [nan, nan, nan, ..., nan, nan, nan],
        [nan, nan, nan, ..., nan, nan, nan],
        ...,
        [nan, nan, nan, ..., nan, nan, nan],
        [nan, nan, nan, ..., nan, nan, nan],
        [nan, nan, nan, ..., nan, nan, nan]],

       [[nan, nan, nan, ..., nan, nan, nan],
        [nan, nan, nan, ..., nan, nan, nan],
        [nan, nan, nan, ..., nan, nan, nan],
        ...,
...
        [nan, nan, nan, ..., nan, nan, nan],
        [nan, nan, nan, ..., nan, nan, nan],
        [nan, nan, nan, ..., nan, nan, nan]],

       [[nan, nan, nan, ..., nan, nan, nan],
        [nan, nan, nan, ..., nan, nan, nan],
        [nan, nan, nan, ..., nan, nan, nan],
        ...,
        [nan, nan, nan, ..., nan, nan, nan],
        [nan, nan, nan, ..., nan, nan, nan],
        [nan, nan, nan, ..., nan, nan, nan]],

       [[nan, nan, nan, ..., nan, nan, nan],
        [nan, nan, nan, ..., nan, nan, nan],
        [nan, nan, nan, ..., nan, nan, nan],
        ...,
        [nan, nan, nan, ..., nan, nan, nan],
        [nan, nan, nan, ..., nan, nan, nan],
        [nan, nan, nan, ..., nan, nan, nan]]],
      shape=(12, 159, 90), dtype=float32)
Coordinates:
  * valid_time  (valid_time) datetime64[ns] 96B 1993-01-16 ... 1993-12-16
  * latitude    (latitude) float64 1kB -11.1 -11.2 -11.3 ... -26.7 -26.8 -26.9
  * longitude   (longitude) float64 720B 42.0 42.1 42.2 42.3 ... 50.7 50.8 50.9
Attributes: (12/33)
    standard_name:                            unknown
    long_name:                                2 metre temperature
    units:                                    K
    cell_methods:                             valid_time: mean
    GRIB_paramId:                             167
    GRIB_dataType:                            fc
    ...                                       ...
    GRIB_missingValue:                        3.4028234663852886e+38
    GRIB_name:                                2 metre temperature
    GRIB_shortName:                           2t
    GRIB_totalNumber:                         0
    GRIB_units:                               K
    GRIB_surface:                             0.0
<xarray.DataArray 'precipitation' (time: 12, lat: 1800, lon: 3600)> Size: 311MB
[77760000 values with dtype=float32]
Coordinates:
  * time     (time) datetime64[ns] 96B 1993-01-16 ... 1993-12-16
  * lat      (lat) float32 7kB 89.95 89.85 89.75 89.65 ... -89.75 -89.85 -89.95
  * lon      (lon) float32 14kB -179.9 -179.8 -179.8 ... 179.8 179.9 179.9
Attributes:
    units:         mm/d
    cell_methods:  time: sum
(12, 159, 90)
(12, 159, 90)
