Traceback (most recent call last):
  File "/home/PERSONALE/alice.portal2/ALBATROSS_code/python/plot_et0_simple.py", line 57, in <module>
    fig.savefig(file_out, dpi=300)
    ~~~~~~~~~~~^^^^^^^^^^^^^^^^^^^
  File "/home/PERSONALE/alice.portal2/anaconda3/envs/xesmf_env/lib/python3.14/site-packages/matplotlib/figure.py", line 3515, in savefig
    self.canvas.print_figure(fname, **kwargs)
    ~~~~~~~~~~~~~~~~~~~~~~~~^^^^^^^^^^^^^^^^^
  File "/home/PERSONALE/alice.portal2/anaconda3/envs/xesmf_env/lib/python3.14/site-packages/matplotlib/backend_bases.py", line 2249, in print_figure
    self.figure.draw(renderer)
    ~~~~~~~~~~~~~~~~^^^^^^^^^^
  File "/home/PERSONALE/alice.portal2/anaconda3/envs/xesmf_env/lib/python3.14/site-packages/matplotlib/artist.py", line 94, in draw_wrapper
    result = draw(artist, renderer, *args, **kwargs)
  File "/home/PERSONALE/alice.portal2/anaconda3/envs/xesmf_env/lib/python3.14/site-packages/matplotlib/artist.py", line 71, in draw_wrapper
    return draw(artist, renderer)
  File "/home/PERSONALE/alice.portal2/anaconda3/envs/xesmf_env/lib/python3.14/site-packages/matplotlib/figure.py", line 3282, in draw
    mimage._draw_list_compositing_images(
    ~~~~~~~~~~~~~~~~~~~~~~~~~~~~~~~~~~~~^
        renderer, self, artists, self.suppressComposite)
        ^^^^^^^^^^^^^^^^^^^^^^^^^^^^^^^^^^^^^^^^^^^^^^^^
  File "/home/PERSONALE/alice.portal2/anaconda3/envs/xesmf_env/lib/python3.14/site-packages/matplotlib/image.py", line 133, in _draw_list_compositing_images
    a.draw(renderer)
    ~~~~~~^^^^^^^^^^
  File "/home/PERSONALE/alice.portal2/anaconda3/envs/xesmf_env/lib/python3.14/site-packages/matplotlib/artist.py", line 71, in draw_wrapper
    return draw(artist, renderer)
  File "/home/PERSONALE/alice.portal2/anaconda3/envs/xesmf_env/lib/python3.14/site-packages/cartopy/mpl/geoaxes.py", line 509, in draw
    return super().draw(renderer=renderer, **kwargs)
           ~~~~~~~~~~~~^^^^^^^^^^^^^^^^^^^^^^^^^^^^^
  File "/home/PERSONALE/alice.portal2/anaconda3/envs/xesmf_env/lib/python3.14/site-packages/matplotlib/artist.py", line 71, in draw_wrapper
    return draw(artist, renderer)
  File "/home/PERSONALE/alice.portal2/anaconda3/envs/xesmf_env/lib/python3.14/site-packages/matplotlib/axes/_base.py", line 3314, in draw
    self._update_title_position(renderer)
    ~~~~~~~~~~~~~~~~~~~~~~~~~~~^^^^^^^^^^
  File "/home/PERSONALE/alice.portal2/anaconda3/envs/xesmf_env/lib/python3.14/site-packages/cartopy/mpl/geoaxes.py", line 528, in _update_title_position
    gl._draw_gridliner(renderer=renderer)
    ~~~~~~~~~~~~~~~~~~^^^^^^^^^^^^^^^^^^^
  File "/home/PERSONALE/alice.portal2/anaconda3/envs/xesmf_env/lib/python3.14/site-packages/cartopy/mpl/gridliner.py", line 762, in _draw_gridliner
    map_boundary = sgeom.Polygon(map_boundary_path.vertices)
  File "/home/PERSONALE/alice.portal2/anaconda3/envs/xesmf_env/lib/python3.14/site-packages/shapely/geometry/polygon.py", line 237, in __new__
    shell = LinearRing(shell)
  File "/home/PERSONALE/alice.portal2/anaconda3/envs/xesmf_env/lib/python3.14/site-packages/shapely/geometry/polygon.py", line 104, in __new__
    geom = shapely.linearrings(coordinates)
  File "/home/PERSONALE/alice.portal2/anaconda3/envs/xesmf_env/lib/python3.14/site-packages/shapely/decorators.py", line 173, in wrapper
    result = func(*args, **kwargs)
  File "/home/PERSONALE/alice.portal2/anaconda3/envs/xesmf_env/lib/python3.14/site-packages/shapely/decorators.py", line 88, in wrapped
    return func(*args, **kwargs)
  File "/home/PERSONALE/alice.portal2/anaconda3/envs/xesmf_env/lib/python3.14/site-packages/shapely/creation.py", line 316, in linearrings
    return lib.linearrings(coords, np.intc(handle_nan), out=out, **kwargs)
           ~~~~~~~~~~~~~~~^^^^^^^^^^^^^^^^^^^^^^^^^^^^^^^^^^^^^^^^^^^^^^^^
shapely.errors.GEOSException: IllegalArgumentException: Points of LinearRing do not form a closed linestring
